#-----------------------------------------------------------
# Vivado v2020.2 (64-bit)
# SW Build 3064766 on Wed Nov 18 09:12:45 MST 2020
# IP Build 3064653 on Wed Nov 18 14:17:31 MST 2020
# Start of session at: Tue Nov  5 10:42:59 2024
# Process ID: 16688
# Current directory: D:/Project/FPGA/temporary/bb/41_eth_udp_loop/prj
# Command line: vivado.exe D:\Project\FPGA\temporary\bb\41_eth_udp_loop\prj\eth_udp_loop.xpr
# Log file: D:/Project/FPGA/temporary/bb/41_eth_udp_loop/prj/vivado.log
# Journal file: D:/Project/FPGA/temporary/bb/41_eth_udp_loop/prj\vivado.jou
#-----------------------------------------------------------
start_gui
open_project D:/Project/FPGA/temporary/bb/41_eth_udp_loop/prj/eth_udp_loop.xpr
INFO: [Project 1-313] Project file moved from 'C:/Users/Admin/Desktop/wang/7010/28_eth_udp_loop/prj' since last save.
Scanning sources...
Finished scanning sources
INFO: [IP_Flow 19-234] Refreshing IP repositories
INFO: [IP_Flow 19-1704] No user IP repositories specified
INFO: [IP_Flow 19-2313] Loaded Vivado IP repository 'F:/Software/Xilinx/Vivado/2020.2/data/ip'.
open_project: Time (s): cpu = 00:00:05 ; elapsed = 00:00:09 . Memory (MB): peak = 1138.652 ; gain = 0.000
update_compile_order -fileset sources_1
exit
INFO: [Common 17-206] Exiting Vivado at Tue Nov  5 10:43:49 2024...
