#-----------------------------------------------------------
# Vivado v2020.2 (64-bit)
# SW Build 3064766 on Wed Nov 18 09:12:45 MST 2020
# IP Build 3064653 on Wed Nov 18 14:17:31 MST 2020
# Start of session at: Mon Nov 11 15:15:11 2024
# Process ID: 10500
# Current directory: D:/Project/FPGA/temporary/aa/41_eth_udp_loop/prj
# Command line: vivado.exe D:\Project\FPGA\temporary\aa\41_eth_udp_loop\prj\eth_udp_loop.xpr
# Log file: D:/Project/FPGA/temporary/aa/41_eth_udp_loop/prj/vivado.log
# Journal file: D:/Project/FPGA/temporary/aa/41_eth_udp_loop/prj\vivado.jou
#-----------------------------------------------------------
start_gui
open_project D:/Project/FPGA/temporary/aa/41_eth_udp_loop/prj/eth_udp_loop.xpr
Scanning sources...
Finished scanning sources
INFO: [IP_Flow 19-234] Refreshing IP repositories
INFO: [IP_Flow 19-1704] No user IP repositories specified
INFO: [IP_Flow 19-2313] Loaded Vivado IP repository 'F:/Software/Xilinx/Vivado/2020.2/data/ip'.
open_project: Time (s): cpu = 00:00:06 ; elapsed = 00:00:07 . Memory (MB): peak = 1140.590 ; gain = 0.000
update_compile_order -fileset sources_1
open_run impl_1
INFO: [Device 21-403] Loading part xc7z010clg400-1
Netlist sorting complete. Time (s): cpu = 00:00:00 ; elapsed = 00:00:00.040 . Memory (MB): peak = 1308.770 ; gain = 0.000
INFO: [Netlist 29-17] Analyzing 206 Unisim elements for replacement
INFO: [Netlist 29-28] Unisim Transformation completed in 0 CPU seconds
INFO: [Project 1-479] Netlist was created with Vivado 2020.2
INFO: [Project 1-570] Preparing netlist for logic optimization
WARNING: [Constraints 18-550] Could not create 'IBUF_LOW_PWR' constraint because net 'u_clk_wiz_0/clk_in1' is not directly connected to top level port. Synthesis is ignored for IBUF_LOW_PWR but preserved for implementation.
INFO: [Timing 38-478] Restoring timing data from binary archive.
INFO: [Timing 38-479] Binary timing data restore complete.
INFO: [Project 1-856] Restoring constraints from binary archive.
INFO: [Project 1-853] Binary constraint restore complete.
Reading XDEF placement.
Reading placer database...
Reading XDEF routing.
Read XDEF File: Time (s): cpu = 00:00:01 ; elapsed = 00:00:00.370 . Memory (MB): peak = 1998.953 ; gain = 0.000
Restored from archive | CPU: 1.000000 secs | Memory: 0.000000 MB |
Finished XDEF File Restore: Time (s): cpu = 00:00:01 ; elapsed = 00:00:00.372 . Memory (MB): peak = 1998.953 ; gain = 0.000
Netlist sorting complete. Time (s): cpu = 00:00:00 ; elapsed = 00:00:00.002 . Memory (MB): peak = 1998.953 ; gain = 0.000
INFO: [Project 1-111] Unisim Transformation Summary:
No Unisim elements were transformed.

open_run: Time (s): cpu = 00:00:21 ; elapsed = 00:00:20 . Memory (MB): peak = 2141.855 ; gain = 1001.266
CRITICAL WARNING: [Timing 38-282] The design failed to meet the timing requirements. Please see the timing summary report for details on the timing violations.
report_timing_summary -delay_type min_max -report_unconstrained -check_timing_verbose -max_paths 10 -input_pins -routable_nets -name timing_1
INFO: [Timing 38-91] UpdateTimingParams: Speed grade: -1, Delay Type: min_max.
INFO: [Timing 38-191] Multithreading enabled for timing update using a maximum of 2 CPUs
CRITICAL WARNING: [Timing 38-469] The REFCLK pin of IDELAYCTRL u_eth_udp_loop/u_gmii_to_rgmii/u_rgmii_rx/IDELAYCTRL_inst has a clock period of 8.000 ns (frequency 125.000 Mhz) but IDELAYE2 u_eth_udp_loop/u_gmii_to_rgmii/u_rgmii_rx/rxdata_bus[0].u_delay_rxd has REFCLK_FREQUENCY of 200.000 Mhz (period 5.000 ns). The IDELAYCTRL REFCLK pin frequency must match the IDELAYE2 REFCLK_FREQUENCY property.
Resolution: Check that the IDELAYCTRL REFCLK pin is receiving a clock and that the period of the clock matches the REFCLK_FREQUENCY property of the <IDELAYE2/ODELAYE2>.
CRITICAL WARNING: [Timing 38-469] The REFCLK pin of IDELAYCTRL u_eth_udp_loop/u_gmii_to_rgmii/u_rgmii_rx/IDELAYCTRL_inst has a clock period of 8.000 ns (frequency 125.000 Mhz) but IDELAYE2 u_eth_udp_loop/u_gmii_to_rgmii/u_rgmii_rx/rxdata_bus[3].u_delay_rxd has REFCLK_FREQUENCY of 200.000 Mhz (period 5.000 ns). The IDELAYCTRL REFCLK pin frequency must match the IDELAYE2 REFCLK_FREQUENCY property.
Resolution: Check that the IDELAYCTRL REFCLK pin is receiving a clock and that the period of the clock matches the REFCLK_FREQUENCY property of the <IDELAYE2/ODELAYE2>.
CRITICAL WARNING: [Timing 38-469] The REFCLK pin of IDELAYCTRL u_eth_udp_loop/u_gmii_to_rgmii/u_rgmii_rx/IDELAYCTRL_inst has a clock period of 8.000 ns (frequency 125.000 Mhz) but IDELAYE2 u_eth_udp_loop/u_gmii_to_rgmii/u_rgmii_rx/rxdata_bus[1].u_delay_rxd has REFCLK_FREQUENCY of 200.000 Mhz (period 5.000 ns). The IDELAYCTRL REFCLK pin frequency must match the IDELAYE2 REFCLK_FREQUENCY property.
Resolution: Check that the IDELAYCTRL REFCLK pin is receiving a clock and that the period of the clock matches the REFCLK_FREQUENCY property of the <IDELAYE2/ODELAYE2>.
CRITICAL WARNING: [Timing 38-469] The REFCLK pin of IDELAYCTRL u_eth_udp_loop/u_gmii_to_rgmii/u_rgmii_rx/IDELAYCTRL_inst has a clock period of 8.000 ns (frequency 125.000 Mhz) but IDELAYE2 u_eth_udp_loop/u_gmii_to_rgmii/u_rgmii_rx/rxdata_bus[2].u_delay_rxd has REFCLK_FREQUENCY of 200.000 Mhz (period 5.000 ns). The IDELAYCTRL REFCLK pin frequency must match the IDELAYE2 REFCLK_FREQUENCY property.
Resolution: Check that the IDELAYCTRL REFCLK pin is receiving a clock and that the period of the clock matches the REFCLK_FREQUENCY property of the <IDELAYE2/ODELAYE2>.
CRITICAL WARNING: [Timing 38-469] The REFCLK pin of IDELAYCTRL u_eth_udp_loop/u_gmii_to_rgmii/u_rgmii_rx/IDELAYCTRL_inst has a clock period of 8.000 ns (frequency 125.000 Mhz) but IDELAYE2 u_eth_udp_loop/u_gmii_to_rgmii/u_rgmii_rx/u_delay_rx_ctrl has REFCLK_FREQUENCY of 200.000 Mhz (period 5.000 ns). The IDELAYCTRL REFCLK pin frequency must match the IDELAYE2 REFCLK_FREQUENCY property.
Resolution: Check that the IDELAYCTRL REFCLK pin is receiving a clock and that the period of the clock matches the REFCLK_FREQUENCY property of the <IDELAYE2/ODELAYE2>.
set_property -dict [list CONFIG.CLKOUT2_REQUESTED_OUT_FREQ {20} CONFIG.MMCM_CLKOUT1_DIVIDE {50} CONFIG.CLKOUT2_JITTER {249.363}] [get_ips clk_wiz_0]
generate_target all [get_files  D:/Project/FPGA/temporary/aa/41_eth_udp_loop/prj/eth_udp_loop.srcs/sources_1/ip/clk_wiz_0/clk_wiz_0.xci]
INFO: [IP_Flow 19-1686] Generating 'Instantiation Template' target for IP 'clk_wiz_0'...
INFO: [IP_Flow 19-1686] Generating 'Synthesis' target for IP 'clk_wiz_0'...
INFO: [IP_Flow 19-1686] Generating 'Simulation' target for IP 'clk_wiz_0'...
INFO: [IP_Flow 19-1686] Generating 'Implementation' target for IP 'clk_wiz_0'...
INFO: [IP_Flow 19-1686] Generating 'Change Log' target for IP 'clk_wiz_0'...
catch { config_ip_cache -export [get_ips -all clk_wiz_0] }
INFO: [IP_Flow 19-4993] Using cached IP synthesis design for IP clk_wiz_0, cache-ID = e9fe808b98f0f8d5; cache size = 51.588 MB.
catch { [ delete_ip_run [get_ips -all clk_wiz_0] ] }
INFO: [Project 1-386] Moving file 'D:/Project/FPGA/temporary/aa/41_eth_udp_loop/prj/eth_udp_loop.srcs/sources_1/ip/clk_wiz_0/clk_wiz_0.xci' from fileset 'clk_wiz_0' to fileset 'sources_1'.
export_ip_user_files -of_objects [get_files D:/Project/FPGA/temporary/aa/41_eth_udp_loop/prj/eth_udp_loop.srcs/sources_1/ip/clk_wiz_0/clk_wiz_0.xci] -no_script -sync -force -quiet
create_ip_run [get_files -of_objects [get_fileset sources_1] D:/Project/FPGA/temporary/aa/41_eth_udp_loop/prj/eth_udp_loop.srcs/sources_1/ip/clk_wiz_0/clk_wiz_0.xci]
INFO: [Vivado 12-3453] The given sub-design is up-to-date, no action was taken.  If a run is still desired, use the '-force' option for the file:'D:/Project/FPGA/temporary/aa/41_eth_udp_loop/prj/eth_udp_loop.srcs/sources_1/ip/clk_wiz_0/clk_wiz_0.xci'
export_simulation -of_objects [get_files D:/Project/FPGA/temporary/aa/41_eth_udp_loop/prj/eth_udp_loop.srcs/sources_1/ip/clk_wiz_0/clk_wiz_0.xci] -directory D:/Project/FPGA/temporary/aa/41_eth_udp_loop/prj/eth_udp_loop.ip_user_files/sim_scripts -ip_user_files_dir D:/Project/FPGA/temporary/aa/41_eth_udp_loop/prj/eth_udp_loop.ip_user_files -ipstatic_source_dir D:/Project/FPGA/temporary/aa/41_eth_udp_loop/prj/eth_udp_loop.ip_user_files/ipstatic -lib_map_path [list {modelsim=D:/Project/FPGA/temporary/aa/41_eth_udp_loop/prj/eth_udp_loop.cache/compile_simlib/modelsim} {questa=D:/Project/FPGA/temporary/aa/41_eth_udp_loop/prj/eth_udp_loop.cache/compile_simlib/questa} {riviera=D:/Project/FPGA/temporary/aa/41_eth_udp_loop/prj/eth_udp_loop.cache/compile_simlib/riviera} {activehdl=D:/Project/FPGA/temporary/aa/41_eth_udp_loop/prj/eth_udp_loop.cache/compile_simlib/activehdl}] -use_ip_compiled_libs -force -quiet
update_compile_order -fileset sources_1
reset_run synth_1
launch_runs impl_1 -jobs 11
INFO: [Vivado 12-4149] The synthesis checkpoint for IP 'D:/Project/FPGA/temporary/aa/41_eth_udp_loop/prj/eth_udp_loop.srcs/sources_1/ip/async_fifo_2048x8b/async_fifo_2048x8b.xci' is already up-to-date
INFO: [Vivado 12-4149] The synthesis checkpoint for IP 'D:/Project/FPGA/temporary/aa/41_eth_udp_loop/prj/eth_udp_loop.srcs/sources_1/ip/clk_wiz_0/clk_wiz_0.xci' is already up-to-date
[Mon Nov 11 15:58:22 2024] Launched synth_1...
Run output will be captured here: D:/Project/FPGA/temporary/aa/41_eth_udp_loop/prj/eth_udp_loop.runs/synth_1/runme.log
[Mon Nov 11 15:58:22 2024] Launched impl_1...
Run output will be captured here: D:/Project/FPGA/temporary/aa/41_eth_udp_loop/prj/eth_udp_loop.runs/impl_1/runme.log
refresh_design
Netlist sorting complete. Time (s): cpu = 00:00:00 ; elapsed = 00:00:00.042 . Memory (MB): peak = 2365.809 ; gain = 0.000
INFO: [Netlist 29-17] Analyzing 206 Unisim elements for replacement
INFO: [Netlist 29-28] Unisim Transformation completed in 0 CPU seconds
INFO: [Project 1-479] Netlist was created with Vivado 2020.2
INFO: [Project 1-570] Preparing netlist for logic optimization
WARNING: [Constraints 18-550] Could not create 'IBUF_LOW_PWR' constraint because net 'u_clk_wiz_0/clk_in1' is not directly connected to top level port. Synthesis is ignored for IBUF_LOW_PWR but preserved for implementation.
INFO: [Timing 38-478] Restoring timing data from binary archive.
INFO: [Timing 38-479] Binary timing data restore complete.
INFO: [Project 1-856] Restoring constraints from binary archive.
INFO: [Project 1-853] Binary constraint restore complete.
Reading XDEF placement.
Reading placer database...
Reading XDEF routing.
Read XDEF File: Time (s): cpu = 00:00:00 ; elapsed = 00:00:00.426 . Memory (MB): peak = 2365.809 ; gain = 0.000
Restored from archive | CPU: 0.000000 secs | Memory: 0.000000 MB |
Finished XDEF File Restore: Time (s): cpu = 00:00:00 ; elapsed = 00:00:00.428 . Memory (MB): peak = 2365.809 ; gain = 0.000
refresh_design: Time (s): cpu = 00:00:05 ; elapsed = 00:00:06 . Memory (MB): peak = 2371.930 ; gain = 19.465
CRITICAL WARNING: [Timing 38-282] The design failed to meet the timing requirements. Please see the timing summary report for details on the timing violations.
synth_design -rtl -rtl_skip_mlo -name rtl_1
Command: synth_design -rtl -rtl_skip_mlo -name rtl_1
Starting synth_design
Using part: xc7z010clg400-1
Top: TOP
ERROR: [Runs 36-287] File does not exist or is not accessible:'D:/Project/FPGA/temporary/aa/41_eth_udp_loop/rtl/AD9269.v'
ERROR: [Runs 36-287] File does not exist or is not accessible:'D:/Project/FPGA/temporary/aa/41_eth_udp_loop/rtl/AD9269_SPI.v'
ERROR: [Runs 36-287] File does not exist or is not accessible:'D:/Project/FPGA/temporary/aa/41_eth_udp_loop/rtl/AD_convert.v'
ERROR: [Synth 8-1769] cannot open verilog file D:/Project/FPGA/temporary/aa/41_eth_udp_loop/rtl/AD9269.v
Failed to read verilog 'D:/Project/FPGA/temporary/aa/41_eth_udp_loop/rtl/AD9269.v'
0 Infos, 0 Warnings, 0 Critical Warnings and 5 Errors encountered.
synth_design failed
ERROR: [Vivado_Tcl 4-5] Elaboration failed - please see the console for details
exit
INFO: [Common 17-206] Exiting Vivado at Mon Nov 11 16:14:25 2024...
