#-----------------------------------------------------------
# Vivado v2020.2 (64-bit)
# SW Build 3064766 on Wed Nov 18 09:12:45 MST 2020
# IP Build 3064653 on Wed Nov 18 14:17:31 MST 2020
# Start of session at: Tue Nov  5 09:15:34 2024
# Process ID: 14712
# Current directory: D:/Project/FPGA/temporary/aa/41_eth_udp_loop/prj
# Command line: vivado.exe D:\Project\FPGA\temporary\aa\41_eth_udp_loop\prj\eth_udp_loop.xpr
# Log file: D:/Project/FPGA/temporary/aa/41_eth_udp_loop/prj/vivado.log
# Journal file: D:/Project/FPGA/temporary/aa/41_eth_udp_loop/prj\vivado.jou
#-----------------------------------------------------------
start_gui
open_project D:/Project/FPGA/temporary/aa/41_eth_udp_loop/prj/eth_udp_loop.xpr
Scanning sources...
Finished scanning sources
INFO: [IP_Flow 19-234] Refreshing IP repositories
INFO: [IP_Flow 19-1704] No user IP repositories specified
INFO: [IP_Flow 19-2313] Loaded Vivado IP repository 'F:/Software/Xilinx/Vivado/2020.2/data/ip'.
open_project: Time (s): cpu = 00:00:07 ; elapsed = 00:00:07 . Memory (MB): peak = 1140.867 ; gain = 0.000
update_compile_order -fileset sources_1
open_hw_manager
connect_hw_server -allow_non_jtag
INFO: [Labtools 27-2285] Connecting to hw_server url TCP:localhost:3121
INFO: [Labtools 27-2222] Launching hw_server...
INFO: [Labtools 27-2221] Launch Output:

****** Xilinx hw_server v2020.2
  **** Build date : Nov 18 2020 at 10:01:48
    ** Copyright 1986-2020 Xilinx, Inc. All Rights Reserved.


INFO: [Labtools 27-3415] Connecting to cs_server url TCP:localhost:3042
INFO: [Labtools 27-3417] Launching cs_server...
INFO: [Labtools 27-2221] Launch Output:


******** Xilinx cs_server v2020.2
  ****** Build date   : Nov 04 2020-05:02:56
    **** Build number : 2020.2.1604437376
      ** Copyright 2017-2020 Xilinx, Inc. All Rights Reserved.



connect_hw_server: Time (s): cpu = 00:00:00 ; elapsed = 00:00:09 . Memory (MB): peak = 1140.867 ; gain = 0.000
open_hw_target
INFO: [Labtoolstcl 44-466] Opening hw_target localhost:3121/xilinx_tcf/Digilent/C306A048ABCD
open_hw_target: Time (s): cpu = 00:00:04 ; elapsed = 00:00:08 . Memory (MB): peak = 2612.449 ; gain = 1471.582
set_property PROGRAM.FILE {D:/Project/FPGA/temporary/aa/41_eth_udp_loop/prj/eth_udp_loop.runs/impl_1/eth_udp_loop.bit} [get_hw_devices xc7z010_1]
current_hw_device [get_hw_devices xc7z010_1]
refresh_hw_device -update_hw_probes false [lindex [get_hw_devices xc7z010_1] 0]
INFO: [Labtools 27-1434] Device xc7z010 (JTAG device index = 1) is programmed with a design that has no supported debug core(s) in it.
set_property PROBES.FILE {} [get_hw_devices xc7z010_1]
set_property FULL_PROBES.FILE {} [get_hw_devices xc7z010_1]
set_property PROGRAM.FILE {D:/Project/FPGA/temporary/aa/41_eth_udp_loop/prj/eth_udp_loop.runs/impl_1/eth_udp_loop.bit} [get_hw_devices xc7z010_1]
program_hw_devices [get_hw_devices xc7z010_1]
INFO: [Labtools 27-3164] End of startup status: HIGH
refresh_hw_device [lindex [get_hw_devices xc7z010_1] 0]
INFO: [Labtools 27-1434] Device xc7z010 (JTAG device index = 1) is programmed with a design that has no supported debug core(s) in it.
reset_run synth_1
WARNING: [Vivado 12-1017] Problems encountered:
1. Failed to delete one or more files in run directory D:/Project/FPGA/temporary/aa/41_eth_udp_loop/prj/eth_udp_loop.runs/synth_1

launch_runs synth_1 -jobs 11
INFO: [Vivado 12-4149] The synthesis checkpoint for IP 'D:/Project/FPGA/temporary/aa/41_eth_udp_loop/prj/eth_udp_loop.srcs/sources_1/ip/async_fifo_2048x8b/async_fifo_2048x8b.xci' is already up-to-date
[Tue Nov  5 10:31:43 2024] Launched synth_1...
Run output will be captured here: D:/Project/FPGA/temporary/aa/41_eth_udp_loop/prj/eth_udp_loop.runs/synth_1/runme.log
launch_runs impl_1 -jobs 11
INFO: [Vivado 12-4149] The synthesis checkpoint for IP 'D:/Project/FPGA/temporary/aa/41_eth_udp_loop/prj/eth_udp_loop.srcs/sources_1/ip/async_fifo_2048x8b/async_fifo_2048x8b.xci' is already up-to-date
[Tue Nov  5 10:33:13 2024] Launched impl_1...
Run output will be captured here: D:/Project/FPGA/temporary/aa/41_eth_udp_loop/prj/eth_udp_loop.runs/impl_1/runme.log
launch_runs impl_1 -to_step write_bitstream -jobs 12
INFO: [Vivado 12-4149] The synthesis checkpoint for IP 'D:/Project/FPGA/temporary/aa/41_eth_udp_loop/prj/eth_udp_loop.srcs/sources_1/ip/async_fifo_2048x8b/async_fifo_2048x8b.xci' is already up-to-date
[Tue Nov  5 10:34:54 2024] Launched impl_1...
Run output will be captured here: D:/Project/FPGA/temporary/aa/41_eth_udp_loop/prj/eth_udp_loop.runs/impl_1/runme.log
set_property PROBES.FILE {} [get_hw_devices xc7z010_1]
set_property FULL_PROBES.FILE {} [get_hw_devices xc7z010_1]
set_property PROGRAM.FILE {D:/Project/FPGA/temporary/aa/41_eth_udp_loop/prj/eth_udp_loop.runs/impl_1/eth_udp_loop.bit} [get_hw_devices xc7z010_1]
program_hw_devices [get_hw_devices xc7z010_1]
INFO: [Labtools 27-3164] End of startup status: HIGH
refresh_hw_device [lindex [get_hw_devices xc7z010_1] 0]
INFO: [Labtools 27-1434] Device xc7z010 (JTAG device index = 1) is programmed with a design that has no supported debug core(s) in it.
reset_run synth_1
WARNING: [Vivado 12-1017] Problems encountered:
1. Failed to delete one or more files in run directory D:/Project/FPGA/temporary/aa/41_eth_udp_loop/prj/eth_udp_loop.runs/synth_1

launch_runs impl_1 -to_step write_bitstream -jobs 12
INFO: [Vivado 12-4149] The synthesis checkpoint for IP 'D:/Project/FPGA/temporary/aa/41_eth_udp_loop/prj/eth_udp_loop.srcs/sources_1/ip/async_fifo_2048x8b/async_fifo_2048x8b.xci' is already up-to-date
[Tue Nov  5 10:38:17 2024] Launched synth_1...
Run output will be captured here: D:/Project/FPGA/temporary/aa/41_eth_udp_loop/prj/eth_udp_loop.runs/synth_1/runme.log
[Tue Nov  5 10:38:17 2024] Launched impl_1...
Run output will be captured here: D:/Project/FPGA/temporary/aa/41_eth_udp_loop/prj/eth_udp_loop.runs/impl_1/runme.log
set_property PROBES.FILE {} [get_hw_devices xc7z010_1]
set_property FULL_PROBES.FILE {} [get_hw_devices xc7z010_1]
set_property PROGRAM.FILE {D:/Project/FPGA/temporary/aa/41_eth_udp_loop/prj/eth_udp_loop.runs/impl_1/eth_udp_loop.bit} [get_hw_devices xc7z010_1]
program_hw_devices [get_hw_devices xc7z010_1]
INFO: [Labtools 27-3164] End of startup status: HIGH
refresh_hw_device [lindex [get_hw_devices xc7z010_1] 0]
INFO: [Labtools 27-1434] Device xc7z010 (JTAG device index = 1) is programmed with a design that has no supported debug core(s) in it.
synth_design -rtl -rtl_skip_mlo -name rtl_1
Command: synth_design -rtl -rtl_skip_mlo -name rtl_1
Starting synth_design
Using part: xc7z010clg400-1
Top: eth_udp_loop
INFO: [Device 21-403] Loading part xc7z010clg400-1
---------------------------------------------------------------------------------
Starting RTL Elaboration : Time (s): cpu = 00:00:04 ; elapsed = 00:00:05 . Memory (MB): peak = 3228.344 ; gain = 257.855
---------------------------------------------------------------------------------
INFO: [Synth 8-6157] synthesizing module 'eth_udp_loop' [D:/Project/FPGA/temporary/aa/41_eth_udp_loop/rtl/eth_udp_loop.v:23]
	Parameter BOARD_MAC bound to: 48'b000000000001000100100010001100110100010001010101 
	Parameter BOARD_IP bound to: -1062731510 - type: integer 
	Parameter DES_MAC bound to: 48'b111111111111111111111111111111111111111111111111 
	Parameter DES_IP bound to: -1062731418 - type: integer 
	Parameter IDELAY_VALUE bound to: 0 - type: integer 
INFO: [Synth 8-6157] synthesizing module 'clk_wiz_0' [D:/Project/FPGA/temporary/aa/41_eth_udp_loop/prj/.Xil/Vivado-14712-LEGION2020/realtime/clk_wiz_0_stub.v:5]
INFO: [Synth 8-6155] done synthesizing module 'clk_wiz_0' (1#1) [D:/Project/FPGA/temporary/aa/41_eth_udp_loop/prj/.Xil/Vivado-14712-LEGION2020/realtime/clk_wiz_0_stub.v:5]
INFO: [Synth 8-6157] synthesizing module 'gmii_to_rgmii' [D:/Project/FPGA/temporary/aa/41_eth_udp_loop/rtl/gmii_to_rgmii/gmii_to_rgmii.v:23]
	Parameter IDELAY_VALUE bound to: 0 - type: integer 
INFO: [Synth 8-6157] synthesizing module 'rgmii_rx' [D:/Project/FPGA/temporary/aa/41_eth_udp_loop/rtl/gmii_to_rgmii/rgmii_rx.v:23]
	Parameter IDELAY_VALUE bound to: 0 - type: integer 
INFO: [Synth 8-6157] synthesizing module 'IDELAYE2' [F:/Software/Xilinx/Vivado/2020.2/scripts/rt/data/unisim_comp.v:35073]
	Parameter CINVCTRL_SEL bound to: FALSE - type: string 
	Parameter DELAY_SRC bound to: IDATAIN - type: string 
	Parameter HIGH_PERFORMANCE_MODE bound to: FALSE - type: string 
	Parameter IDELAY_TYPE bound to: FIXED - type: string 
	Parameter IDELAY_VALUE bound to: 0 - type: integer 
	Parameter IS_C_INVERTED bound to: 1'b0 
	Parameter IS_DATAIN_INVERTED bound to: 1'b0 
	Parameter IS_IDATAIN_INVERTED bound to: 1'b0 
	Parameter PIPE_SEL bound to: FALSE - type: string 
	Parameter REFCLK_FREQUENCY bound to: 200.000000 - type: double 
	Parameter SIGNAL_PATTERN bound to: DATA - type: string 
	Parameter SIM_DELAY_D bound to: 0 - type: integer 
INFO: [Synth 8-6155] done synthesizing module 'IDELAYE2' (2#1) [F:/Software/Xilinx/Vivado/2020.2/scripts/rt/data/unisim_comp.v:35073]
INFO: [Synth 8-6157] synthesizing module 'IDDR' [F:/Software/Xilinx/Vivado/2020.2/scripts/rt/data/unisim_comp.v:34938]
	Parameter DDR_CLK_EDGE bound to: SAME_EDGE_PIPELINED - type: string 
	Parameter INIT_Q1 bound to: 1'b0 
	Parameter INIT_Q2 bound to: 1'b0 
	Parameter IS_C_INVERTED bound to: 1'b0 
	Parameter IS_D_INVERTED bound to: 1'b0 
	Parameter SRTYPE bound to: SYNC - type: string 
INFO: [Synth 8-6155] done synthesizing module 'IDDR' (3#1) [F:/Software/Xilinx/Vivado/2020.2/scripts/rt/data/unisim_comp.v:34938]
INFO: [Synth 8-6157] synthesizing module 'BUFG' [F:/Software/Xilinx/Vivado/2020.2/scripts/rt/data/unisim_comp.v:1083]
INFO: [Synth 8-6155] done synthesizing module 'BUFG' (4#1) [F:/Software/Xilinx/Vivado/2020.2/scripts/rt/data/unisim_comp.v:1083]
INFO: [Synth 8-6157] synthesizing module 'BUFIO' [F:/Software/Xilinx/Vivado/2020.2/scripts/rt/data/unisim_comp.v:1344]
INFO: [Synth 8-6155] done synthesizing module 'BUFIO' (5#1) [F:/Software/Xilinx/Vivado/2020.2/scripts/rt/data/unisim_comp.v:1344]
WARNING: [Synth 8-4446] all outputs are unconnected for this instance and logic may be removed [D:/Project/FPGA/temporary/aa/41_eth_udp_loop/rtl/gmii_to_rgmii/rgmii_rx.v:69]
INFO: [Synth 8-6157] synthesizing module 'IDELAYCTRL' [F:/Software/Xilinx/Vivado/2020.2/scripts/rt/data/unisim_comp.v:35060]
	Parameter SIM_DEVICE bound to: 7SERIES - type: string 
INFO: [Synth 8-6155] done synthesizing module 'IDELAYCTRL' (6#1) [F:/Software/Xilinx/Vivado/2020.2/scripts/rt/data/unisim_comp.v:35060]
INFO: [Synth 8-6155] done synthesizing module 'rgmii_rx' (7#1) [D:/Project/FPGA/temporary/aa/41_eth_udp_loop/rtl/gmii_to_rgmii/rgmii_rx.v:23]
INFO: [Synth 8-6157] synthesizing module 'rgmii_tx' [D:/Project/FPGA/temporary/aa/41_eth_udp_loop/rtl/gmii_to_rgmii/rgmii_tx.v:23]
INFO: [Synth 8-6157] synthesizing module 'ODDR' [F:/Software/Xilinx/Vivado/2020.2/scripts/rt/data/unisim_comp.v:49791]
	Parameter DDR_CLK_EDGE bound to: SAME_EDGE - type: string 
	Parameter INIT bound to: 1'b0 
	Parameter IS_C_INVERTED bound to: 1'b0 
	Parameter IS_D1_INVERTED bound to: 1'b0 
	Parameter IS_D2_INVERTED bound to: 1'b0 
	Parameter SRTYPE bound to: SYNC - type: string 
INFO: [Synth 8-6155] done synthesizing module 'ODDR' (8#1) [F:/Software/Xilinx/Vivado/2020.2/scripts/rt/data/unisim_comp.v:49791]
INFO: [Synth 8-6155] done synthesizing module 'rgmii_tx' (9#1) [D:/Project/FPGA/temporary/aa/41_eth_udp_loop/rtl/gmii_to_rgmii/rgmii_tx.v:23]
INFO: [Synth 8-6155] done synthesizing module 'gmii_to_rgmii' (10#1) [D:/Project/FPGA/temporary/aa/41_eth_udp_loop/rtl/gmii_to_rgmii/gmii_to_rgmii.v:23]
INFO: [Synth 8-6157] synthesizing module 'arp' [D:/Project/FPGA/temporary/aa/41_eth_udp_loop/rtl/arp/arp.v:23]
	Parameter BOARD_MAC bound to: 48'b000000000001000100100010001100110100010001010101 
	Parameter BOARD_IP bound to: -1062731510 - type: integer 
	Parameter DES_MAC bound to: 48'b111111111111111111111111111111111111111111111111 
	Parameter DES_IP bound to: -1062731418 - type: integer 
INFO: [Synth 8-6157] synthesizing module 'arp_rx' [D:/Project/FPGA/temporary/aa/41_eth_udp_loop/rtl/arp/arp_rx.v:23]
	Parameter BOARD_MAC bound to: 48'b000000000001000100100010001100110100010001010101 
	Parameter BOARD_IP bound to: -1062731510 - type: integer 
	Parameter st_idle bound to: 5'b00001 
	Parameter st_preamble bound to: 5'b00010 
	Parameter st_eth_head bound to: 5'b00100 
	Parameter st_arp_data bound to: 5'b01000 
	Parameter st_rx_end bound to: 5'b10000 
	Parameter ETH_TPYE bound to: 16'b0000100000000110 
INFO: [Synth 8-6155] done synthesizing module 'arp_rx' (11#1) [D:/Project/FPGA/temporary/aa/41_eth_udp_loop/rtl/arp/arp_rx.v:23]
INFO: [Synth 8-6157] synthesizing module 'arp_tx' [D:/Project/FPGA/temporary/aa/41_eth_udp_loop/rtl/arp/arp_tx.v:23]
	Parameter BOARD_MAC bound to: 48'b000000000001000100100010001100110100010001010101 
	Parameter BOARD_IP bound to: -1062731510 - type: integer 
	Parameter DES_MAC bound to: 48'b111111111111111111111111111111111111111111111111 
	Parameter DES_IP bound to: -1062731418 - type: integer 
	Parameter st_idle bound to: 5'b00001 
	Parameter st_preamble bound to: 5'b00010 
	Parameter st_eth_head bound to: 5'b00100 
	Parameter st_arp_data bound to: 5'b01000 
	Parameter st_crc bound to: 5'b10000 
	Parameter ETH_TYPE bound to: 16'b0000100000000110 
	Parameter HD_TYPE bound to: 16'b0000000000000001 
	Parameter PROTOCOL_TYPE bound to: 16'b0000100000000000 
	Parameter MIN_DATA_NUM bound to: 16'b0000000000101110 
INFO: [Synth 8-6155] done synthesizing module 'arp_tx' (12#1) [D:/Project/FPGA/temporary/aa/41_eth_udp_loop/rtl/arp/arp_tx.v:23]
INFO: [Synth 8-6157] synthesizing module 'crc32_d8' [D:/Project/FPGA/temporary/aa/41_eth_udp_loop/rtl/arp/crc32_d8.v:22]
INFO: [Synth 8-6155] done synthesizing module 'crc32_d8' (13#1) [D:/Project/FPGA/temporary/aa/41_eth_udp_loop/rtl/arp/crc32_d8.v:22]
INFO: [Synth 8-6155] done synthesizing module 'arp' (14#1) [D:/Project/FPGA/temporary/aa/41_eth_udp_loop/rtl/arp/arp.v:23]
INFO: [Synth 8-6157] synthesizing module 'icmp' [D:/Project/FPGA/temporary/aa/41_eth_udp_loop/rtl/icmp/icmp.v:23]
	Parameter BOARD_MAC bound to: 48'b000000000001000100100010001100110100010001010101 
	Parameter BOARD_IP bound to: -1062731510 - type: integer 
	Parameter DES_MAC bound to: 48'b111111111111111111111111111111111111111111111111 
	Parameter DES_IP bound to: -1062731418 - type: integer 
INFO: [Synth 8-6157] synthesizing module 'icmp_rx' [D:/Project/FPGA/temporary/aa/41_eth_udp_loop/rtl/icmp/icmp_rx.v:23]
	Parameter BOARD_MAC bound to: 48'b000000000001000100100010001100110100010001010101 
	Parameter BOARD_IP bound to: -1062731510 - type: integer 
	Parameter st_idle bound to: 7'b0000001 
	Parameter st_preamble bound to: 7'b0000010 
	Parameter st_eth_head bound to: 7'b0000100 
	Parameter st_ip_head bound to: 7'b0001000 
	Parameter st_icmp_head bound to: 7'b0010000 
	Parameter st_rx_data bound to: 7'b0100000 
	Parameter st_rx_end bound to: 7'b1000000 
	Parameter ETH_TYPE bound to: 16'b0000100000000000 
	Parameter ICMP_TYPE bound to: 8'b00000001 
	Parameter ECHO_REQUEST bound to: 8'b00001000 
INFO: [Synth 8-6155] done synthesizing module 'icmp_rx' (15#1) [D:/Project/FPGA/temporary/aa/41_eth_udp_loop/rtl/icmp/icmp_rx.v:23]
INFO: [Synth 8-6157] synthesizing module 'icmp_tx' [D:/Project/FPGA/temporary/aa/41_eth_udp_loop/rtl/icmp/icmp_tx.v:23]
	Parameter BOARD_MAC bound to: 48'b000000000001000100100010001100110100010001010101 
	Parameter BOARD_IP bound to: -1062731510 - type: integer 
	Parameter DES_MAC bound to: 48'b111111111111111111111111111111111111111111111111 
	Parameter DES_IP bound to: -1062731418 - type: integer 
	Parameter st_idle bound to: 8'b00000001 
	Parameter st_check_sum bound to: 8'b00000010 
	Parameter st_check_icmp bound to: 8'b00000100 
	Parameter st_preamble bound to: 8'b00001000 
	Parameter st_eth_head bound to: 8'b00010000 
	Parameter st_ip_head bound to: 8'b00100000 
	Parameter st_tx_data bound to: 8'b01000000 
	Parameter st_crc bound to: 8'b10000000 
	Parameter ETH_TYPE bound to: 16'b0000100000000000 
	Parameter MIN_DATA_NUM bound to: 16'b0000000000010010 
	Parameter ECHO_REPLY bound to: 8'b00000000 
INFO: [Synth 8-6155] done synthesizing module 'icmp_tx' (16#1) [D:/Project/FPGA/temporary/aa/41_eth_udp_loop/rtl/icmp/icmp_tx.v:23]
INFO: [Synth 8-6155] done synthesizing module 'icmp' (17#1) [D:/Project/FPGA/temporary/aa/41_eth_udp_loop/rtl/icmp/icmp.v:23]
INFO: [Synth 8-6157] synthesizing module 'udp' [D:/Project/FPGA/temporary/aa/41_eth_udp_loop/rtl/udp/udp.v:23]
	Parameter BOARD_MAC bound to: 48'b000000000001000100100010001100110100010001010101 
	Parameter BOARD_IP bound to: -1062731510 - type: integer 
	Parameter DES_MAC bound to: 48'b111111111111111111111111111111111111111111111111 
	Parameter DES_IP bound to: -1062731418 - type: integer 
INFO: [Synth 8-6157] synthesizing module 'udp_rx' [D:/Project/FPGA/temporary/aa/41_eth_udp_loop/rtl/udp/udp_rx.v:23]
	Parameter BOARD_MAC bound to: 48'b000000000001000100100010001100110100010001010101 
	Parameter BOARD_IP bound to: -1062731510 - type: integer 
	Parameter st_idle bound to: 7'b0000001 
	Parameter st_preamble bound to: 7'b0000010 
	Parameter st_eth_head bound to: 7'b0000100 
	Parameter st_ip_head bound to: 7'b0001000 
	Parameter st_udp_head bound to: 7'b0010000 
	Parameter st_rx_data bound to: 7'b0100000 
	Parameter st_rx_end bound to: 7'b1000000 
	Parameter ETH_TYPE bound to: 16'b0000100000000000 
	Parameter UDP_TYPE bound to: 8'b00010001 
INFO: [Synth 8-6155] done synthesizing module 'udp_rx' (18#1) [D:/Project/FPGA/temporary/aa/41_eth_udp_loop/rtl/udp/udp_rx.v:23]
INFO: [Synth 8-6157] synthesizing module 'udp_tx' [D:/Project/FPGA/temporary/aa/41_eth_udp_loop/rtl/udp/udp_tx.v:23]
	Parameter BOARD_MAC bound to: 48'b000000000001000100100010001100110100010001010101 
	Parameter BOARD_IP bound to: -1062731510 - type: integer 
	Parameter DES_MAC bound to: 48'b111111111111111111111111111111111111111111111111 
	Parameter DES_IP bound to: -1062731418 - type: integer 
	Parameter st_idle bound to: 7'b0000001 
	Parameter st_check_sum bound to: 7'b0000010 
	Parameter st_preamble bound to: 7'b0000100 
	Parameter st_eth_head bound to: 7'b0001000 
	Parameter st_ip_head bound to: 7'b0010000 
	Parameter st_tx_data bound to: 7'b0100000 
	Parameter st_crc bound to: 7'b1000000 
	Parameter ETH_TYPE bound to: 16'b0000100000000000 
	Parameter MIN_DATA_NUM bound to: 16'b0000000000010010 
INFO: [Synth 8-6155] done synthesizing module 'udp_tx' (19#1) [D:/Project/FPGA/temporary/aa/41_eth_udp_loop/rtl/udp/udp_tx.v:23]
INFO: [Synth 8-6155] done synthesizing module 'udp' (20#1) [D:/Project/FPGA/temporary/aa/41_eth_udp_loop/rtl/udp/udp.v:23]
INFO: [Synth 8-6157] synthesizing module 'async_fifo_2048x8b' [D:/Project/FPGA/temporary/aa/41_eth_udp_loop/prj/.Xil/Vivado-14712-LEGION2020/realtime/async_fifo_2048x8b_stub.v:6]
INFO: [Synth 8-6155] done synthesizing module 'async_fifo_2048x8b' (21#1) [D:/Project/FPGA/temporary/aa/41_eth_udp_loop/prj/.Xil/Vivado-14712-LEGION2020/realtime/async_fifo_2048x8b_stub.v:6]
INFO: [Synth 8-6157] synthesizing module 'eth_ctrl' [D:/Project/FPGA/temporary/aa/41_eth_udp_loop/rtl/eth_ctrl.v:23]
INFO: [Synth 8-6155] done synthesizing module 'eth_ctrl' (22#1) [D:/Project/FPGA/temporary/aa/41_eth_udp_loop/rtl/eth_ctrl.v:23]
INFO: [Synth 8-6155] done synthesizing module 'eth_udp_loop' (23#1) [D:/Project/FPGA/temporary/aa/41_eth_udp_loop/rtl/eth_udp_loop.v:23]
---------------------------------------------------------------------------------
Finished RTL Elaboration : Time (s): cpu = 00:00:06 ; elapsed = 00:00:07 . Memory (MB): peak = 3309.340 ; gain = 338.852
---------------------------------------------------------------------------------
---------------------------------------------------------------------------------
Start Handling Custom Attributes
---------------------------------------------------------------------------------
---------------------------------------------------------------------------------
Finished Handling Custom Attributes : Time (s): cpu = 00:00:06 ; elapsed = 00:00:08 . Memory (MB): peak = 3327.266 ; gain = 356.777
---------------------------------------------------------------------------------
---------------------------------------------------------------------------------
Finished RTL Optimization Phase 1 : Time (s): cpu = 00:00:06 ; elapsed = 00:00:08 . Memory (MB): peak = 3327.266 ; gain = 356.777
---------------------------------------------------------------------------------
INFO: [Project 1-454] Reading design checkpoint 'd:/Project/FPGA/temporary/aa/41_eth_udp_loop/prj/eth_udp_loop.gen/sources_1/ip/clk_wiz_0/clk_wiz_0.dcp' for cell 'u_clk_wiz_0'
INFO: [Project 1-454] Reading design checkpoint 'd:/Project/FPGA/temporary/aa/41_eth_udp_loop/prj/eth_udp_loop.gen/sources_1/ip/async_fifo_2048x8b/async_fifo_2048x8b.dcp' for cell 'u_async_fifo_2048x8b'
Netlist sorting complete. Time (s): cpu = 00:00:00 ; elapsed = 00:00:00.104 . Memory (MB): peak = 3355.773 ; gain = 0.000
INFO: [Netlist 29-17] Analyzing 25 Unisim elements for replacement
INFO: [Netlist 29-28] Unisim Transformation completed in 0 CPU seconds
INFO: [Project 1-479] Netlist was created with Vivado 2020.2
INFO: [Project 1-570] Preparing netlist for logic optimization

Processing XDC Constraints
Initializing timing engine
Parsing XDC File [d:/Project/FPGA/temporary/aa/41_eth_udp_loop/prj/eth_udp_loop.gen/sources_1/ip/async_fifo_2048x8b/async_fifo_2048x8b.xdc] for cell 'u_async_fifo_2048x8b/U0'
Finished Parsing XDC File [d:/Project/FPGA/temporary/aa/41_eth_udp_loop/prj/eth_udp_loop.gen/sources_1/ip/async_fifo_2048x8b/async_fifo_2048x8b.xdc] for cell 'u_async_fifo_2048x8b/U0'
Parsing XDC File [d:/Project/FPGA/temporary/aa/41_eth_udp_loop/prj/eth_udp_loop.gen/sources_1/ip/clk_wiz_0/clk_wiz_0_board.xdc] for cell 'u_clk_wiz_0/inst'
Finished Parsing XDC File [d:/Project/FPGA/temporary/aa/41_eth_udp_loop/prj/eth_udp_loop.gen/sources_1/ip/clk_wiz_0/clk_wiz_0_board.xdc] for cell 'u_clk_wiz_0/inst'
Parsing XDC File [d:/Project/FPGA/temporary/aa/41_eth_udp_loop/prj/eth_udp_loop.gen/sources_1/ip/clk_wiz_0/clk_wiz_0.xdc] for cell 'u_clk_wiz_0/inst'
Finished Parsing XDC File [d:/Project/FPGA/temporary/aa/41_eth_udp_loop/prj/eth_udp_loop.gen/sources_1/ip/clk_wiz_0/clk_wiz_0.xdc] for cell 'u_clk_wiz_0/inst'
INFO: [Project 1-236] Implementation specific constraints were found while reading constraint file [d:/Project/FPGA/temporary/aa/41_eth_udp_loop/prj/eth_udp_loop.gen/sources_1/ip/clk_wiz_0/clk_wiz_0.xdc]. These constraints will be ignored for synthesis but will be used in implementation. Impacted constraints are listed in the file [.Xil/eth_udp_loop_propImpl.xdc].
Resolution: To avoid this warning, move constraints listed in [.Xil/eth_udp_loop_propImpl.xdc] to another XDC file and exclude this new file from synthesis with the used_in_synthesis property (File Properties dialog in GUI) and re-run elaboration/synthesis.
INFO: [Timing 38-2] Deriving generated clocks
Parsing XDC File [D:/Project/FPGA/temporary/aa/41_eth_udp_loop/prj/eth_udp_loop.srcs/constrs_1/eth_udp_loop.xdc]
WARNING: [Constraints 18-619] A clock with name 'sys_clk' already exists, overwriting the previous clock with the same name. [D:/Project/FPGA/temporary/aa/41_eth_udp_loop/prj/eth_udp_loop.srcs/constrs_1/eth_udp_loop.xdc:17]
Finished Parsing XDC File [D:/Project/FPGA/temporary/aa/41_eth_udp_loop/prj/eth_udp_loop.srcs/constrs_1/eth_udp_loop.xdc]
Parsing XDC File [d:/Project/FPGA/temporary/aa/41_eth_udp_loop/prj/eth_udp_loop.gen/sources_1/ip/async_fifo_2048x8b/async_fifo_2048x8b_clocks.xdc] for cell 'u_async_fifo_2048x8b/U0'
Finished Parsing XDC File [d:/Project/FPGA/temporary/aa/41_eth_udp_loop/prj/eth_udp_loop.gen/sources_1/ip/async_fifo_2048x8b/async_fifo_2048x8b_clocks.xdc] for cell 'u_async_fifo_2048x8b/U0'
INFO: [Vivado 12-3272] Current instance is the top level cell 'u_async_fifo_2048x8b/U0/inst_fifo_gen/gconvfifo.rf/grf.rf/gntv_or_sync_fifo.gcx.clkx/rd_pntr_cdc_inst' of design 'rtl_1' [F:/Software/Xilinx/Vivado/2020.2/data/ip/xpm/xpm_cdc/tcl/xpm_cdc_gray.tcl:16]
WARNING: [XPM_CDC_GRAY: TCL-1000] The source and destination clocks are the same. 
     Instance: u_async_fifo_2048x8b/U0/inst_fifo_gen/gconvfifo.rf/grf.rf/gntv_or_sync_fifo.gcx.clkx/rd_pntr_cdc_inst 
  This will add unnecessary latency to the design. Please check the design for the following: 
 1) Manually instantiated XPM_CDC modules: Xilinx recommends that you remove these modules. 
 2) Xilinx IP that contains XPM_CDC modules: Verify the connections to the IP to determine whether you can safely ignore this message.
 [F:/Software/Xilinx/Vivado/2020.2/data/ip/xpm/xpm_cdc/tcl/xpm_cdc_gray.tcl:16]
INFO: [Vivado 12-3272] Current instance is the top level cell 'u_async_fifo_2048x8b/U0/inst_fifo_gen/gconvfifo.rf/grf.rf/gntv_or_sync_fifo.gcx.clkx/wr_pntr_cdc_inst' of design 'rtl_1' [F:/Software/Xilinx/Vivado/2020.2/data/ip/xpm/xpm_cdc/tcl/xpm_cdc_gray.tcl:16]
WARNING: [XPM_CDC_GRAY: TCL-1000] The source and destination clocks are the same. 
     Instance: u_async_fifo_2048x8b/U0/inst_fifo_gen/gconvfifo.rf/grf.rf/gntv_or_sync_fifo.gcx.clkx/wr_pntr_cdc_inst 
  This will add unnecessary latency to the design. Please check the design for the following: 
 1) Manually instantiated XPM_CDC modules: Xilinx recommends that you remove these modules. 
 2) Xilinx IP that contains XPM_CDC modules: Verify the connections to the IP to determine whether you can safely ignore this message.
 [F:/Software/Xilinx/Vivado/2020.2/data/ip/xpm/xpm_cdc/tcl/xpm_cdc_gray.tcl:16]
INFO: [Project 1-236] Implementation specific constraints were found while reading constraint file [F:/Software/Xilinx/Vivado/2020.2/data/ip/xpm/xpm_cdc/tcl/xpm_cdc_gray.tcl]. These constraints will be ignored for synthesis but will be used in implementation. Impacted constraints are listed in the file [.Xil/eth_udp_loop_propImpl.xdc].
Resolution: To avoid this warning, move constraints listed in [.Xil/eth_udp_loop_propImpl.xdc] to another XDC file and exclude this new file from synthesis with the used_in_synthesis property (File Properties dialog in GUI) and re-run elaboration/synthesis.
INFO: [Project 1-236] Implementation specific constraints were found while reading constraint file [F:/Software/Xilinx/Vivado/2020.2/data/ip/xpm/xpm_cdc/tcl/xpm_cdc_single.tcl]. These constraints will be ignored for synthesis but will be used in implementation. Impacted constraints are listed in the file [.Xil/eth_udp_loop_propImpl.xdc].
Resolution: To avoid this warning, move constraints listed in [.Xil/eth_udp_loop_propImpl.xdc] to another XDC file and exclude this new file from synthesis with the used_in_synthesis property (File Properties dialog in GUI) and re-run elaboration/synthesis.
INFO: [Project 1-1715] 3 XPM XDC files have been applied to the design.
Completed Processing XDC Constraints

Netlist sorting complete. Time (s): cpu = 00:00:00 ; elapsed = 00:00:00.002 . Memory (MB): peak = 3453.691 ; gain = 0.000
INFO: [Project 1-111] Unisim Transformation Summary:
No Unisim elements were transformed.

RTL Elaboration Complete:  : Time (s): cpu = 00:00:13 ; elapsed = 00:00:15 . Memory (MB): peak = 3578.414 ; gain = 607.926
61 Infos, 4 Warnings, 0 Critical Warnings and 0 Errors encountered.
synth_design completed successfully
synth_design: Time (s): cpu = 00:00:24 ; elapsed = 00:00:31 . Memory (MB): peak = 3578.414 ; gain = 891.371
reset_run synth_1
WARNING: [Vivado 12-1017] Problems encountered:
1. Failed to delete one or more files in run directory D:/Project/FPGA/temporary/aa/41_eth_udp_loop/prj/eth_udp_loop.runs/synth_1

launch_runs impl_1 -to_step write_bitstream -jobs 12
INFO: [Vivado 12-4149] The synthesis checkpoint for IP 'D:/Project/FPGA/temporary/aa/41_eth_udp_loop/prj/eth_udp_loop.srcs/sources_1/ip/async_fifo_2048x8b/async_fifo_2048x8b.xci' is already up-to-date
[Tue Nov  5 10:55:36 2024] Launched synth_1...
Run output will be captured here: D:/Project/FPGA/temporary/aa/41_eth_udp_loop/prj/eth_udp_loop.runs/synth_1/runme.log
[Tue Nov  5 10:55:36 2024] Launched impl_1...
Run output will be captured here: D:/Project/FPGA/temporary/aa/41_eth_udp_loop/prj/eth_udp_loop.runs/impl_1/runme.log
set_property PROBES.FILE {} [get_hw_devices xc7z010_1]
set_property FULL_PROBES.FILE {} [get_hw_devices xc7z010_1]
set_property PROGRAM.FILE {D:/Project/FPGA/temporary/aa/41_eth_udp_loop/prj/eth_udp_loop.runs/impl_1/eth_udp_loop.bit} [get_hw_devices xc7z010_1]
program_hw_devices [get_hw_devices xc7z010_1]
INFO: [Labtools 27-3164] End of startup status: HIGH
refresh_hw_device [lindex [get_hw_devices xc7z010_1] 0]
INFO: [Labtools 27-1434] Device xc7z010 (JTAG device index = 1) is programmed with a design that has no supported debug core(s) in it.
reset_run synth_1
WARNING: [Vivado 12-1017] Problems encountered:
1. Failed to delete one or more files in run directory D:/Project/FPGA/temporary/aa/41_eth_udp_loop/prj/eth_udp_loop.runs/synth_1

launch_runs impl_1 -to_step write_bitstream -jobs 12
INFO: [Vivado 12-4149] The synthesis checkpoint for IP 'D:/Project/FPGA/temporary/aa/41_eth_udp_loop/prj/eth_udp_loop.srcs/sources_1/ip/async_fifo_2048x8b/async_fifo_2048x8b.xci' is already up-to-date
[Tue Nov  5 11:02:38 2024] Launched synth_1...
Run output will be captured here: D:/Project/FPGA/temporary/aa/41_eth_udp_loop/prj/eth_udp_loop.runs/synth_1/runme.log
[Tue Nov  5 11:02:38 2024] Launched impl_1...
Run output will be captured here: D:/Project/FPGA/temporary/aa/41_eth_udp_loop/prj/eth_udp_loop.runs/impl_1/runme.log
set_property PROBES.FILE {} [get_hw_devices xc7z010_1]
set_property FULL_PROBES.FILE {} [get_hw_devices xc7z010_1]
set_property PROGRAM.FILE {D:/Project/FPGA/temporary/aa/41_eth_udp_loop/prj/eth_udp_loop.runs/impl_1/eth_udp_loop.bit} [get_hw_devices xc7z010_1]
program_hw_devices [get_hw_devices xc7z010_1]
INFO: [Labtools 27-3164] End of startup status: HIGH
refresh_hw_device [lindex [get_hw_devices xc7z010_1] 0]
INFO: [Labtools 27-1434] Device xc7z010 (JTAG device index = 1) is programmed with a design that has no supported debug core(s) in it.
reset_run synth_1
WARNING: [Vivado 12-1017] Problems encountered:
1. Failed to delete one or more files in run directory D:/Project/FPGA/temporary/aa/41_eth_udp_loop/prj/eth_udp_loop.runs/synth_1

launch_runs impl_1 -to_step write_bitstream -jobs 12
INFO: [Vivado 12-4149] The synthesis checkpoint for IP 'D:/Project/FPGA/temporary/aa/41_eth_udp_loop/prj/eth_udp_loop.srcs/sources_1/ip/async_fifo_2048x8b/async_fifo_2048x8b.xci' is already up-to-date
[Tue Nov  5 11:08:54 2024] Launched synth_1...
Run output will be captured here: D:/Project/FPGA/temporary/aa/41_eth_udp_loop/prj/eth_udp_loop.runs/synth_1/runme.log
[Tue Nov  5 11:08:54 2024] Launched impl_1...
Run output will be captured here: D:/Project/FPGA/temporary/aa/41_eth_udp_loop/prj/eth_udp_loop.runs/impl_1/runme.log
reset_run synth_1
WARNING: [Vivado 12-1017] Problems encountered:
1. Failed to delete one or more files in run directory D:/Project/FPGA/temporary/aa/41_eth_udp_loop/prj/eth_udp_loop.runs/synth_1

launch_runs impl_1 -to_step write_bitstream -jobs 12
INFO: [Vivado 12-4149] The synthesis checkpoint for IP 'D:/Project/FPGA/temporary/aa/41_eth_udp_loop/prj/eth_udp_loop.srcs/sources_1/ip/async_fifo_2048x8b/async_fifo_2048x8b.xci' is already up-to-date
[Tue Nov  5 11:11:38 2024] Launched synth_1...
Run output will be captured here: D:/Project/FPGA/temporary/aa/41_eth_udp_loop/prj/eth_udp_loop.runs/synth_1/runme.log
[Tue Nov  5 11:11:38 2024] Launched impl_1...
Run output will be captured here: D:/Project/FPGA/temporary/aa/41_eth_udp_loop/prj/eth_udp_loop.runs/impl_1/runme.log
set_property PROBES.FILE {} [get_hw_devices xc7z010_1]
set_property FULL_PROBES.FILE {} [get_hw_devices xc7z010_1]
set_property PROGRAM.FILE {D:/Project/FPGA/temporary/aa/41_eth_udp_loop/prj/eth_udp_loop.runs/impl_1/eth_udp_loop.bit} [get_hw_devices xc7z010_1]
program_hw_devices [get_hw_devices xc7z010_1]
INFO: [Labtools 27-3164] End of startup status: HIGH
refresh_hw_device [lindex [get_hw_devices xc7z010_1] 0]
INFO: [Labtools 27-1434] Device xc7z010 (JTAG device index = 1) is programmed with a design that has no supported debug core(s) in it.
ERROR: [Labtoolstcl 44-513] HW Target shutdown. Closing target: localhost:3121/xilinx_tcf/Digilent/C306A048ABCD
update_compile_order -fileset sources_1
update_compile_order -fileset sources_1
update_compile_order -fileset sources_1
reset_run synth_1
WARNING: [Vivado 12-1017] Problems encountered:
1. Failed to delete one or more files in run directory D:/Project/FPGA/temporary/aa/41_eth_udp_loop/prj/eth_udp_loop.runs/synth_1

launch_runs impl_1 -to_step write_bitstream -jobs 12
INFO: [Vivado 12-4149] The synthesis checkpoint for IP 'D:/Project/FPGA/temporary/aa/41_eth_udp_loop/prj/eth_udp_loop.srcs/sources_1/ip/async_fifo_2048x8b/async_fifo_2048x8b.xci' is already up-to-date
[Tue Nov  5 12:12:14 2024] Launched synth_1...
Run output will be captured here: D:/Project/FPGA/temporary/aa/41_eth_udp_loop/prj/eth_udp_loop.runs/synth_1/runme.log
[Tue Nov  5 12:12:14 2024] Launched impl_1...
Run output will be captured here: D:/Project/FPGA/temporary/aa/41_eth_udp_loop/prj/eth_udp_loop.runs/impl_1/runme.log
update_compile_order -fileset sources_1
reset_run synth_1
WARNING: [Vivado 12-1017] Problems encountered:
1. Failed to delete one or more files in run directory D:/Project/FPGA/temporary/aa/41_eth_udp_loop/prj/eth_udp_loop.runs/synth_1

launch_runs impl_1 -to_step write_bitstream -jobs 12
INFO: [Vivado 12-4149] The synthesis checkpoint for IP 'D:/Project/FPGA/temporary/aa/41_eth_udp_loop/prj/eth_udp_loop.srcs/sources_1/ip/async_fifo_2048x8b/async_fifo_2048x8b.xci' is already up-to-date
[Tue Nov  5 12:13:47 2024] Launched synth_1...
Run output will be captured here: D:/Project/FPGA/temporary/aa/41_eth_udp_loop/prj/eth_udp_loop.runs/synth_1/runme.log
[Tue Nov  5 12:13:48 2024] Launched impl_1...
Run output will be captured here: D:/Project/FPGA/temporary/aa/41_eth_udp_loop/prj/eth_udp_loop.runs/impl_1/runme.log
reset_run impl_1 -prev_step 
launch_runs impl_1 -to_step write_bitstream -jobs 12
INFO: [Vivado 12-4149] The synthesis checkpoint for IP 'D:/Project/FPGA/temporary/aa/41_eth_udp_loop/prj/eth_udp_loop.srcs/sources_1/ip/async_fifo_2048x8b/async_fifo_2048x8b.xci' is already up-to-date
[Tue Nov  5 12:44:08 2024] Launched impl_1...
Run output will be captured here: D:/Project/FPGA/temporary/aa/41_eth_udp_loop/prj/eth_udp_loop.runs/impl_1/runme.log
disconnect_hw_server localhost:3121
connect_hw_server -allow_non_jtag
INFO: [Labtools 27-2285] Connecting to hw_server url TCP:localhost:3121
INFO: [Labtools 27-3415] Connecting to cs_server url TCP:localhost:3042
INFO: [Labtools 27-3414] Connected to existing cs_server.
open_hw_target
INFO: [Labtoolstcl 44-466] Opening hw_target localhost:3121/xilinx_tcf/Digilent/C306A048ABCD
ERROR: [Labtools 27-2269] No devices detected on target localhost:3121/xilinx_tcf/Digilent/C306A048ABCD.
Check cable connectivity and that the target board is powered up then
use the disconnect_hw_server and connect_hw_server to re-register this hardware target.
ERROR: [Common 17-39] 'open_hw_target' failed due to earlier errors.
reset_run impl_1 -prev_step 
launch_runs impl_1 -to_step write_bitstream -jobs 12
INFO: [Vivado 12-4149] The synthesis checkpoint for IP 'D:/Project/FPGA/temporary/aa/41_eth_udp_loop/prj/eth_udp_loop.srcs/sources_1/ip/async_fifo_2048x8b/async_fifo_2048x8b.xci' is already up-to-date
[Tue Nov  5 13:14:11 2024] Launched impl_1...
Run output will be captured here: D:/Project/FPGA/temporary/aa/41_eth_udp_loop/prj/eth_udp_loop.runs/impl_1/runme.log
close_hw_manager
open_hw_manager
connect_hw_server -allow_non_jtag
INFO: [Labtools 27-2285] Connecting to hw_server url TCP:localhost:3121
INFO: [Labtools 27-3415] Connecting to cs_server url TCP:localhost:3042
INFO: [Labtools 27-3414] Connected to existing cs_server.
open_hw_target
INFO: [Labtoolstcl 44-466] Opening hw_target localhost:3121/xilinx_tcf/Digilent/C306A048ABCD
set_property PROGRAM.FILE {D:/Project/FPGA/temporary/aa/41_eth_udp_loop/prj/eth_udp_loop.runs/impl_1/eth_udp_loop.bit} [get_hw_devices xc7z010_1]
current_hw_device [get_hw_devices xc7z010_1]
refresh_hw_device -update_hw_probes false [lindex [get_hw_devices xc7z010_1] 0]
INFO: [Labtools 27-1435] Device xc7z010 (JTAG device index = 1) is not programmed (DONE status = 0).
set_property PROBES.FILE {} [get_hw_devices xc7z010_1]
set_property FULL_PROBES.FILE {} [get_hw_devices xc7z010_1]
set_property PROGRAM.FILE {D:/Project/FPGA/temporary/aa/41_eth_udp_loop/prj/eth_udp_loop.runs/impl_1/eth_udp_loop.bit} [get_hw_devices xc7z010_1]
program_hw_devices [get_hw_devices xc7z010_1]
INFO: [Labtools 27-3164] End of startup status: HIGH
refresh_hw_device [lindex [get_hw_devices xc7z010_1] 0]
INFO: [Labtools 27-1434] Device xc7z010 (JTAG device index = 1) is programmed with a design that has no supported debug core(s) in it.
close_design
close_hw_manager
synth_design -rtl -rtl_skip_mlo -name rtl_1
Command: synth_design -rtl -rtl_skip_mlo -name rtl_1
Starting synth_design
Using part: xc7z010clg400-1
Top: eth_udp_loop
---------------------------------------------------------------------------------
Starting RTL Elaboration : Time (s): cpu = 00:00:02 ; elapsed = 00:00:05 . Memory (MB): peak = 3670.316 ; gain = 0.000
---------------------------------------------------------------------------------
INFO: [Synth 8-6157] synthesizing module 'eth_udp_loop' [D:/Project/FPGA/temporary/aa/41_eth_udp_loop/rtl/eth_udp_loop.v:23]
	Parameter BOARD_MAC bound to: 48'b000000000001000100100010001100110100010001010101 
	Parameter BOARD_IP bound to: -1062731510 - type: integer 
	Parameter DES_MAC bound to: 48'b111111111111111111111111111111111111111111111111 
	Parameter DES_IP bound to: -1062731418 - type: integer 
	Parameter IDELAY_VALUE bound to: 0 - type: integer 
INFO: [Synth 8-6157] synthesizing module 'clk_wiz_0' [D:/Project/FPGA/temporary/aa/41_eth_udp_loop/prj/.Xil/Vivado-14712-LEGION2020/realtime/clk_wiz_0_stub.v:5]
INFO: [Synth 8-6155] done synthesizing module 'clk_wiz_0' (1#1) [D:/Project/FPGA/temporary/aa/41_eth_udp_loop/prj/.Xil/Vivado-14712-LEGION2020/realtime/clk_wiz_0_stub.v:5]
INFO: [Synth 8-6157] synthesizing module 'gmii_to_rgmii' [D:/Project/FPGA/temporary/aa/41_eth_udp_loop/rtl/gmii_to_rgmii/gmii_to_rgmii.v:23]
	Parameter IDELAY_VALUE bound to: 0 - type: integer 
INFO: [Synth 8-6157] synthesizing module 'rgmii_rx' [D:/Project/FPGA/temporary/aa/41_eth_udp_loop/rtl/gmii_to_rgmii/rgmii_rx.v:23]
	Parameter IDELAY_VALUE bound to: 0 - type: integer 
INFO: [Synth 8-6157] synthesizing module 'IDELAYE2' [F:/Software/Xilinx/Vivado/2020.2/scripts/rt/data/unisim_comp.v:35073]
	Parameter CINVCTRL_SEL bound to: FALSE - type: string 
	Parameter DELAY_SRC bound to: IDATAIN - type: string 
	Parameter HIGH_PERFORMANCE_MODE bound to: FALSE - type: string 
	Parameter IDELAY_TYPE bound to: FIXED - type: string 
	Parameter IDELAY_VALUE bound to: 0 - type: integer 
	Parameter IS_C_INVERTED bound to: 1'b0 
	Parameter IS_DATAIN_INVERTED bound to: 1'b0 
	Parameter IS_IDATAIN_INVERTED bound to: 1'b0 
	Parameter PIPE_SEL bound to: FALSE - type: string 
	Parameter REFCLK_FREQUENCY bound to: 200.000000 - type: double 
	Parameter SIGNAL_PATTERN bound to: DATA - type: string 
	Parameter SIM_DELAY_D bound to: 0 - type: integer 
INFO: [Synth 8-6155] done synthesizing module 'IDELAYE2' (2#1) [F:/Software/Xilinx/Vivado/2020.2/scripts/rt/data/unisim_comp.v:35073]
INFO: [Synth 8-6157] synthesizing module 'IDDR' [F:/Software/Xilinx/Vivado/2020.2/scripts/rt/data/unisim_comp.v:34938]
	Parameter DDR_CLK_EDGE bound to: SAME_EDGE_PIPELINED - type: string 
	Parameter INIT_Q1 bound to: 1'b0 
	Parameter INIT_Q2 bound to: 1'b0 
	Parameter IS_C_INVERTED bound to: 1'b0 
	Parameter IS_D_INVERTED bound to: 1'b0 
	Parameter SRTYPE bound to: SYNC - type: string 
INFO: [Synth 8-6155] done synthesizing module 'IDDR' (3#1) [F:/Software/Xilinx/Vivado/2020.2/scripts/rt/data/unisim_comp.v:34938]
INFO: [Synth 8-6157] synthesizing module 'BUFG' [F:/Software/Xilinx/Vivado/2020.2/scripts/rt/data/unisim_comp.v:1083]
INFO: [Synth 8-6155] done synthesizing module 'BUFG' (4#1) [F:/Software/Xilinx/Vivado/2020.2/scripts/rt/data/unisim_comp.v:1083]
INFO: [Synth 8-6157] synthesizing module 'BUFIO' [F:/Software/Xilinx/Vivado/2020.2/scripts/rt/data/unisim_comp.v:1344]
INFO: [Synth 8-6155] done synthesizing module 'BUFIO' (5#1) [F:/Software/Xilinx/Vivado/2020.2/scripts/rt/data/unisim_comp.v:1344]
WARNING: [Synth 8-4446] all outputs are unconnected for this instance and logic may be removed [D:/Project/FPGA/temporary/aa/41_eth_udp_loop/rtl/gmii_to_rgmii/rgmii_rx.v:69]
INFO: [Synth 8-6157] synthesizing module 'IDELAYCTRL' [F:/Software/Xilinx/Vivado/2020.2/scripts/rt/data/unisim_comp.v:35060]
	Parameter SIM_DEVICE bound to: 7SERIES - type: string 
INFO: [Synth 8-6155] done synthesizing module 'IDELAYCTRL' (6#1) [F:/Software/Xilinx/Vivado/2020.2/scripts/rt/data/unisim_comp.v:35060]
INFO: [Synth 8-6155] done synthesizing module 'rgmii_rx' (7#1) [D:/Project/FPGA/temporary/aa/41_eth_udp_loop/rtl/gmii_to_rgmii/rgmii_rx.v:23]
INFO: [Synth 8-6157] synthesizing module 'rgmii_tx' [D:/Project/FPGA/temporary/aa/41_eth_udp_loop/rtl/gmii_to_rgmii/rgmii_tx.v:23]
INFO: [Synth 8-6157] synthesizing module 'ODDR' [F:/Software/Xilinx/Vivado/2020.2/scripts/rt/data/unisim_comp.v:49791]
	Parameter DDR_CLK_EDGE bound to: SAME_EDGE - type: string 
	Parameter INIT bound to: 1'b0 
	Parameter IS_C_INVERTED bound to: 1'b0 
	Parameter IS_D1_INVERTED bound to: 1'b0 
	Parameter IS_D2_INVERTED bound to: 1'b0 
	Parameter SRTYPE bound to: SYNC - type: string 
INFO: [Synth 8-6155] done synthesizing module 'ODDR' (8#1) [F:/Software/Xilinx/Vivado/2020.2/scripts/rt/data/unisim_comp.v:49791]
INFO: [Synth 8-6155] done synthesizing module 'rgmii_tx' (9#1) [D:/Project/FPGA/temporary/aa/41_eth_udp_loop/rtl/gmii_to_rgmii/rgmii_tx.v:23]
INFO: [Synth 8-6155] done synthesizing module 'gmii_to_rgmii' (10#1) [D:/Project/FPGA/temporary/aa/41_eth_udp_loop/rtl/gmii_to_rgmii/gmii_to_rgmii.v:23]
INFO: [Synth 8-6157] synthesizing module 'arp' [D:/Project/FPGA/temporary/aa/41_eth_udp_loop/rtl/arp/arp.v:23]
	Parameter BOARD_MAC bound to: 48'b000000000001000100100010001100110100010001010101 
	Parameter BOARD_IP bound to: -1062731510 - type: integer 
	Parameter DES_MAC bound to: 48'b111111111111111111111111111111111111111111111111 
	Parameter DES_IP bound to: -1062731418 - type: integer 
INFO: [Synth 8-6157] synthesizing module 'arp_rx' [D:/Project/FPGA/temporary/aa/41_eth_udp_loop/rtl/arp/arp_rx.v:23]
	Parameter BOARD_MAC bound to: 48'b000000000001000100100010001100110100010001010101 
	Parameter BOARD_IP bound to: -1062731510 - type: integer 
	Parameter st_idle bound to: 5'b00001 
	Parameter st_preamble bound to: 5'b00010 
	Parameter st_eth_head bound to: 5'b00100 
	Parameter st_arp_data bound to: 5'b01000 
	Parameter st_rx_end bound to: 5'b10000 
	Parameter ETH_TPYE bound to: 16'b0000100000000110 
INFO: [Synth 8-6155] done synthesizing module 'arp_rx' (11#1) [D:/Project/FPGA/temporary/aa/41_eth_udp_loop/rtl/arp/arp_rx.v:23]
INFO: [Synth 8-6157] synthesizing module 'arp_tx' [D:/Project/FPGA/temporary/aa/41_eth_udp_loop/rtl/arp/arp_tx.v:23]
	Parameter BOARD_MAC bound to: 48'b000000000001000100100010001100110100010001010101 
	Parameter BOARD_IP bound to: -1062731510 - type: integer 
	Parameter DES_MAC bound to: 48'b111111111111111111111111111111111111111111111111 
	Parameter DES_IP bound to: -1062731418 - type: integer 
	Parameter st_idle bound to: 5'b00001 
	Parameter st_preamble bound to: 5'b00010 
	Parameter st_eth_head bound to: 5'b00100 
	Parameter st_arp_data bound to: 5'b01000 
	Parameter st_crc bound to: 5'b10000 
	Parameter ETH_TYPE bound to: 16'b0000100000000110 
	Parameter HD_TYPE bound to: 16'b0000000000000001 
	Parameter PROTOCOL_TYPE bound to: 16'b0000100000000000 
	Parameter MIN_DATA_NUM bound to: 16'b0000000000101110 
INFO: [Synth 8-6155] done synthesizing module 'arp_tx' (12#1) [D:/Project/FPGA/temporary/aa/41_eth_udp_loop/rtl/arp/arp_tx.v:23]
INFO: [Synth 8-6157] synthesizing module 'crc32_d8' [D:/Project/FPGA/temporary/aa/41_eth_udp_loop/rtl/arp/crc32_d8.v:22]
INFO: [Synth 8-6155] done synthesizing module 'crc32_d8' (13#1) [D:/Project/FPGA/temporary/aa/41_eth_udp_loop/rtl/arp/crc32_d8.v:22]
INFO: [Synth 8-6155] done synthesizing module 'arp' (14#1) [D:/Project/FPGA/temporary/aa/41_eth_udp_loop/rtl/arp/arp.v:23]
INFO: [Synth 8-6157] synthesizing module 'icmp' [D:/Project/FPGA/temporary/aa/41_eth_udp_loop/rtl/icmp/icmp.v:23]
	Parameter BOARD_MAC bound to: 48'b000000000001000100100010001100110100010001010101 
	Parameter BOARD_IP bound to: -1062731510 - type: integer 
	Parameter DES_MAC bound to: 48'b111111111111111111111111111111111111111111111111 
	Parameter DES_IP bound to: -1062731418 - type: integer 
INFO: [Synth 8-6157] synthesizing module 'icmp_rx' [D:/Project/FPGA/temporary/aa/41_eth_udp_loop/rtl/icmp/icmp_rx.v:23]
	Parameter BOARD_MAC bound to: 48'b000000000001000100100010001100110100010001010101 
	Parameter BOARD_IP bound to: -1062731510 - type: integer 
	Parameter st_idle bound to: 7'b0000001 
	Parameter st_preamble bound to: 7'b0000010 
	Parameter st_eth_head bound to: 7'b0000100 
	Parameter st_ip_head bound to: 7'b0001000 
	Parameter st_icmp_head bound to: 7'b0010000 
	Parameter st_rx_data bound to: 7'b0100000 
	Parameter st_rx_end bound to: 7'b1000000 
	Parameter ETH_TYPE bound to: 16'b0000100000000000 
	Parameter ICMP_TYPE bound to: 8'b00000001 
	Parameter ECHO_REQUEST bound to: 8'b00001000 
INFO: [Synth 8-6155] done synthesizing module 'icmp_rx' (15#1) [D:/Project/FPGA/temporary/aa/41_eth_udp_loop/rtl/icmp/icmp_rx.v:23]
INFO: [Synth 8-6157] synthesizing module 'icmp_tx' [D:/Project/FPGA/temporary/aa/41_eth_udp_loop/rtl/icmp/icmp_tx.v:23]
	Parameter BOARD_MAC bound to: 48'b000000000001000100100010001100110100010001010101 
	Parameter BOARD_IP bound to: -1062731510 - type: integer 
	Parameter DES_MAC bound to: 48'b111111111111111111111111111111111111111111111111 
	Parameter DES_IP bound to: -1062731418 - type: integer 
	Parameter st_idle bound to: 8'b00000001 
	Parameter st_check_sum bound to: 8'b00000010 
	Parameter st_check_icmp bound to: 8'b00000100 
	Parameter st_preamble bound to: 8'b00001000 
	Parameter st_eth_head bound to: 8'b00010000 
	Parameter st_ip_head bound to: 8'b00100000 
	Parameter st_tx_data bound to: 8'b01000000 
	Parameter st_crc bound to: 8'b10000000 
	Parameter ETH_TYPE bound to: 16'b0000100000000000 
	Parameter MIN_DATA_NUM bound to: 16'b0000000000010010 
	Parameter ECHO_REPLY bound to: 8'b00000000 
INFO: [Synth 8-6155] done synthesizing module 'icmp_tx' (16#1) [D:/Project/FPGA/temporary/aa/41_eth_udp_loop/rtl/icmp/icmp_tx.v:23]
INFO: [Synth 8-6155] done synthesizing module 'icmp' (17#1) [D:/Project/FPGA/temporary/aa/41_eth_udp_loop/rtl/icmp/icmp.v:23]
INFO: [Synth 8-6157] synthesizing module 'udp' [D:/Project/FPGA/temporary/aa/41_eth_udp_loop/rtl/udp/udp.v:23]
	Parameter BOARD_MAC bound to: 48'b000000000001000100100010001100110100010001010101 
	Parameter BOARD_IP bound to: -1062731510 - type: integer 
	Parameter DES_MAC bound to: 48'b111111111111111111111111111111111111111111111111 
	Parameter DES_IP bound to: -1062731418 - type: integer 
INFO: [Synth 8-6157] synthesizing module 'udp_rx' [D:/Project/FPGA/temporary/aa/41_eth_udp_loop/rtl/udp/udp_rx.v:23]
	Parameter BOARD_MAC bound to: 48'b000000000001000100100010001100110100010001010101 
	Parameter BOARD_IP bound to: -1062731510 - type: integer 
	Parameter st_idle bound to: 7'b0000001 
	Parameter st_preamble bound to: 7'b0000010 
	Parameter st_eth_head bound to: 7'b0000100 
	Parameter st_ip_head bound to: 7'b0001000 
	Parameter st_udp_head bound to: 7'b0010000 
	Parameter st_rx_data bound to: 7'b0100000 
	Parameter st_rx_end bound to: 7'b1000000 
	Parameter ETH_TYPE bound to: 16'b0000100000000000 
	Parameter UDP_TYPE bound to: 8'b00010001 
INFO: [Synth 8-6155] done synthesizing module 'udp_rx' (18#1) [D:/Project/FPGA/temporary/aa/41_eth_udp_loop/rtl/udp/udp_rx.v:23]
WARNING: [Synth 8-7071] port 'sustain_flag' of module 'udp_rx' is unconnected for instance 'u_udp_rx' [D:/Project/FPGA/temporary/aa/41_eth_udp_loop/rtl/udp/udp.v:76]
WARNING: [Synth 8-7023] instance 'u_udp_rx' of module 'udp_rx' has 9 connections declared, but only 8 given [D:/Project/FPGA/temporary/aa/41_eth_udp_loop/rtl/udp/udp.v:76]
INFO: [Synth 8-6157] synthesizing module 'udp_tx' [D:/Project/FPGA/temporary/aa/41_eth_udp_loop/rtl/udp/udp_tx.v:23]
	Parameter BOARD_MAC bound to: 48'b000000000001000100100010001100110100010001010101 
	Parameter BOARD_IP bound to: -1062731510 - type: integer 
	Parameter DES_MAC bound to: 48'b111111111111111111111111111111111111111111111111 
	Parameter DES_IP bound to: -1062731418 - type: integer 
	Parameter st_idle bound to: 7'b0000001 
	Parameter st_check_sum bound to: 7'b0000010 
	Parameter st_preamble bound to: 7'b0000100 
	Parameter st_eth_head bound to: 7'b0001000 
	Parameter st_ip_head bound to: 7'b0010000 
	Parameter st_tx_data bound to: 7'b0100000 
	Parameter st_crc bound to: 7'b1000000 
	Parameter ETH_TYPE bound to: 16'b0000100000000000 
	Parameter MIN_DATA_NUM bound to: 16'b0000000000010010 
INFO: [Synth 8-6155] done synthesizing module 'udp_tx' (19#1) [D:/Project/FPGA/temporary/aa/41_eth_udp_loop/rtl/udp/udp_tx.v:23]
INFO: [Synth 8-6155] done synthesizing module 'udp' (20#1) [D:/Project/FPGA/temporary/aa/41_eth_udp_loop/rtl/udp/udp.v:23]
INFO: [Synth 8-6157] synthesizing module 'async_fifo_2048x8b' [D:/Project/FPGA/temporary/aa/41_eth_udp_loop/prj/.Xil/Vivado-14712-LEGION2020/realtime/async_fifo_2048x8b_stub.v:6]
INFO: [Synth 8-6155] done synthesizing module 'async_fifo_2048x8b' (21#1) [D:/Project/FPGA/temporary/aa/41_eth_udp_loop/prj/.Xil/Vivado-14712-LEGION2020/realtime/async_fifo_2048x8b_stub.v:6]
INFO: [Synth 8-6157] synthesizing module 'eth_ctrl' [D:/Project/FPGA/temporary/aa/41_eth_udp_loop/rtl/eth_ctrl.v:23]
INFO: [Synth 8-6155] done synthesizing module 'eth_ctrl' (22#1) [D:/Project/FPGA/temporary/aa/41_eth_udp_loop/rtl/eth_ctrl.v:23]
INFO: [Synth 8-6155] done synthesizing module 'eth_udp_loop' (23#1) [D:/Project/FPGA/temporary/aa/41_eth_udp_loop/rtl/eth_udp_loop.v:23]
---------------------------------------------------------------------------------
Finished RTL Elaboration : Time (s): cpu = 00:00:04 ; elapsed = 00:00:08 . Memory (MB): peak = 3670.316 ; gain = 0.000
---------------------------------------------------------------------------------
---------------------------------------------------------------------------------
Start Handling Custom Attributes
---------------------------------------------------------------------------------
---------------------------------------------------------------------------------
Finished Handling Custom Attributes : Time (s): cpu = 00:00:04 ; elapsed = 00:00:08 . Memory (MB): peak = 3670.316 ; gain = 0.000
---------------------------------------------------------------------------------
---------------------------------------------------------------------------------
Finished RTL Optimization Phase 1 : Time (s): cpu = 00:00:04 ; elapsed = 00:00:08 . Memory (MB): peak = 3670.316 ; gain = 0.000
---------------------------------------------------------------------------------
INFO: [Project 1-454] Reading design checkpoint 'd:/Project/FPGA/temporary/aa/41_eth_udp_loop/prj/eth_udp_loop.gen/sources_1/ip/clk_wiz_0/clk_wiz_0.dcp' for cell 'u_clk_wiz_0'
INFO: [Project 1-454] Reading design checkpoint 'd:/Project/FPGA/temporary/aa/41_eth_udp_loop/prj/eth_udp_loop.gen/sources_1/ip/async_fifo_2048x8b/async_fifo_2048x8b.dcp' for cell 'u_async_fifo_2048x8b'
Netlist sorting complete. Time (s): cpu = 00:00:00 ; elapsed = 00:00:00.099 . Memory (MB): peak = 3670.316 ; gain = 0.000
INFO: [Netlist 29-17] Analyzing 25 Unisim elements for replacement
INFO: [Netlist 29-28] Unisim Transformation completed in 0 CPU seconds
INFO: [Project 1-479] Netlist was created with Vivado 2020.2
INFO: [Project 1-570] Preparing netlist for logic optimization

Processing XDC Constraints
Initializing timing engine
Parsing XDC File [d:/Project/FPGA/temporary/aa/41_eth_udp_loop/prj/eth_udp_loop.gen/sources_1/ip/async_fifo_2048x8b/async_fifo_2048x8b.xdc] for cell 'u_async_fifo_2048x8b/U0'
Finished Parsing XDC File [d:/Project/FPGA/temporary/aa/41_eth_udp_loop/prj/eth_udp_loop.gen/sources_1/ip/async_fifo_2048x8b/async_fifo_2048x8b.xdc] for cell 'u_async_fifo_2048x8b/U0'
Parsing XDC File [d:/Project/FPGA/temporary/aa/41_eth_udp_loop/prj/eth_udp_loop.gen/sources_1/ip/clk_wiz_0/clk_wiz_0_board.xdc] for cell 'u_clk_wiz_0/inst'
Finished Parsing XDC File [d:/Project/FPGA/temporary/aa/41_eth_udp_loop/prj/eth_udp_loop.gen/sources_1/ip/clk_wiz_0/clk_wiz_0_board.xdc] for cell 'u_clk_wiz_0/inst'
Parsing XDC File [d:/Project/FPGA/temporary/aa/41_eth_udp_loop/prj/eth_udp_loop.gen/sources_1/ip/clk_wiz_0/clk_wiz_0.xdc] for cell 'u_clk_wiz_0/inst'
Finished Parsing XDC File [d:/Project/FPGA/temporary/aa/41_eth_udp_loop/prj/eth_udp_loop.gen/sources_1/ip/clk_wiz_0/clk_wiz_0.xdc] for cell 'u_clk_wiz_0/inst'
INFO: [Project 1-236] Implementation specific constraints were found while reading constraint file [d:/Project/FPGA/temporary/aa/41_eth_udp_loop/prj/eth_udp_loop.gen/sources_1/ip/clk_wiz_0/clk_wiz_0.xdc]. These constraints will be ignored for synthesis but will be used in implementation. Impacted constraints are listed in the file [.Xil/eth_udp_loop_propImpl.xdc].
Resolution: To avoid this warning, move constraints listed in [.Xil/eth_udp_loop_propImpl.xdc] to another XDC file and exclude this new file from synthesis with the used_in_synthesis property (File Properties dialog in GUI) and re-run elaboration/synthesis.
INFO: [Timing 38-2] Deriving generated clocks
Parsing XDC File [D:/Project/FPGA/temporary/aa/41_eth_udp_loop/prj/eth_udp_loop.srcs/constrs_1/eth_udp_loop.xdc]
WARNING: [Constraints 18-619] A clock with name 'sys_clk' already exists, overwriting the previous clock with the same name. [D:/Project/FPGA/temporary/aa/41_eth_udp_loop/prj/eth_udp_loop.srcs/constrs_1/eth_udp_loop.xdc:17]
Finished Parsing XDC File [D:/Project/FPGA/temporary/aa/41_eth_udp_loop/prj/eth_udp_loop.srcs/constrs_1/eth_udp_loop.xdc]
Parsing XDC File [d:/Project/FPGA/temporary/aa/41_eth_udp_loop/prj/eth_udp_loop.gen/sources_1/ip/async_fifo_2048x8b/async_fifo_2048x8b_clocks.xdc] for cell 'u_async_fifo_2048x8b/U0'
Finished Parsing XDC File [d:/Project/FPGA/temporary/aa/41_eth_udp_loop/prj/eth_udp_loop.gen/sources_1/ip/async_fifo_2048x8b/async_fifo_2048x8b_clocks.xdc] for cell 'u_async_fifo_2048x8b/U0'
INFO: [Vivado 12-3272] Current instance is the top level cell 'u_async_fifo_2048x8b/U0/inst_fifo_gen/gconvfifo.rf/grf.rf/gntv_or_sync_fifo.gcx.clkx/rd_pntr_cdc_inst' of design 'rtl_1' [F:/Software/Xilinx/Vivado/2020.2/data/ip/xpm/xpm_cdc/tcl/xpm_cdc_gray.tcl:16]
WARNING: [XPM_CDC_GRAY: TCL-1000] The source and destination clocks are the same. 
     Instance: u_async_fifo_2048x8b/U0/inst_fifo_gen/gconvfifo.rf/grf.rf/gntv_or_sync_fifo.gcx.clkx/rd_pntr_cdc_inst 
  This will add unnecessary latency to the design. Please check the design for the following: 
 1) Manually instantiated XPM_CDC modules: Xilinx recommends that you remove these modules. 
 2) Xilinx IP that contains XPM_CDC modules: Verify the connections to the IP to determine whether you can safely ignore this message.
 [F:/Software/Xilinx/Vivado/2020.2/data/ip/xpm/xpm_cdc/tcl/xpm_cdc_gray.tcl:16]
INFO: [Vivado 12-3272] Current instance is the top level cell 'u_async_fifo_2048x8b/U0/inst_fifo_gen/gconvfifo.rf/grf.rf/gntv_or_sync_fifo.gcx.clkx/wr_pntr_cdc_inst' of design 'rtl_1' [F:/Software/Xilinx/Vivado/2020.2/data/ip/xpm/xpm_cdc/tcl/xpm_cdc_gray.tcl:16]
WARNING: [XPM_CDC_GRAY: TCL-1000] The source and destination clocks are the same. 
     Instance: u_async_fifo_2048x8b/U0/inst_fifo_gen/gconvfifo.rf/grf.rf/gntv_or_sync_fifo.gcx.clkx/wr_pntr_cdc_inst 
  This will add unnecessary latency to the design. Please check the design for the following: 
 1) Manually instantiated XPM_CDC modules: Xilinx recommends that you remove these modules. 
 2) Xilinx IP that contains XPM_CDC modules: Verify the connections to the IP to determine whether you can safely ignore this message.
 [F:/Software/Xilinx/Vivado/2020.2/data/ip/xpm/xpm_cdc/tcl/xpm_cdc_gray.tcl:16]
INFO: [Project 1-236] Implementation specific constraints were found while reading constraint file [F:/Software/Xilinx/Vivado/2020.2/data/ip/xpm/xpm_cdc/tcl/xpm_cdc_gray.tcl]. These constraints will be ignored for synthesis but will be used in implementation. Impacted constraints are listed in the file [.Xil/eth_udp_loop_propImpl.xdc].
Resolution: To avoid this warning, move constraints listed in [.Xil/eth_udp_loop_propImpl.xdc] to another XDC file and exclude this new file from synthesis with the used_in_synthesis property (File Properties dialog in GUI) and re-run elaboration/synthesis.
INFO: [Project 1-236] Implementation specific constraints were found while reading constraint file [F:/Software/Xilinx/Vivado/2020.2/data/ip/xpm/xpm_cdc/tcl/xpm_cdc_single.tcl]. These constraints will be ignored for synthesis but will be used in implementation. Impacted constraints are listed in the file [.Xil/eth_udp_loop_propImpl.xdc].
Resolution: To avoid this warning, move constraints listed in [.Xil/eth_udp_loop_propImpl.xdc] to another XDC file and exclude this new file from synthesis with the used_in_synthesis property (File Properties dialog in GUI) and re-run elaboration/synthesis.
INFO: [Project 1-1715] 3 XPM XDC files have been applied to the design.
Completed Processing XDC Constraints

Netlist sorting complete. Time (s): cpu = 00:00:00 ; elapsed = 00:00:00.002 . Memory (MB): peak = 3670.316 ; gain = 0.000
INFO: [Project 1-111] Unisim Transformation Summary:
No Unisim elements were transformed.

RTL Elaboration Complete:  : Time (s): cpu = 00:00:07 ; elapsed = 00:00:13 . Memory (MB): peak = 3670.316 ; gain = 0.000
60 Infos, 6 Warnings, 0 Critical Warnings and 0 Errors encountered.
synth_design completed successfully
synth_design: Time (s): cpu = 00:00:08 ; elapsed = 00:00:13 . Memory (MB): peak = 3670.316 ; gain = 0.000
reset_run synth_1
WARNING: [Vivado 12-1017] Problems encountered:
1. Failed to delete one or more files in run directory D:/Project/FPGA/temporary/aa/41_eth_udp_loop/prj/eth_udp_loop.runs/synth_1

launch_runs synth_1 -jobs 12
INFO: [Vivado 12-4149] The synthesis checkpoint for IP 'D:/Project/FPGA/temporary/aa/41_eth_udp_loop/prj/eth_udp_loop.srcs/sources_1/ip/async_fifo_2048x8b/async_fifo_2048x8b.xci' is already up-to-date
[Tue Nov  5 15:19:23 2024] Launched synth_1...
Run output will be captured here: D:/Project/FPGA/temporary/aa/41_eth_udp_loop/prj/eth_udp_loop.runs/synth_1/runme.log
launch_runs impl_1 -jobs 12
INFO: [Vivado 12-4149] The synthesis checkpoint for IP 'D:/Project/FPGA/temporary/aa/41_eth_udp_loop/prj/eth_udp_loop.srcs/sources_1/ip/async_fifo_2048x8b/async_fifo_2048x8b.xci' is already up-to-date
[Tue Nov  5 15:20:50 2024] Launched impl_1...
Run output will be captured here: D:/Project/FPGA/temporary/aa/41_eth_udp_loop/prj/eth_udp_loop.runs/impl_1/runme.log
launch_runs impl_1 -to_step write_bitstream -jobs 12
INFO: [Vivado 12-4149] The synthesis checkpoint for IP 'D:/Project/FPGA/temporary/aa/41_eth_udp_loop/prj/eth_udp_loop.srcs/sources_1/ip/async_fifo_2048x8b/async_fifo_2048x8b.xci' is already up-to-date
[Tue Nov  5 15:22:49 2024] Launched impl_1...
Run output will be captured here: D:/Project/FPGA/temporary/aa/41_eth_udp_loop/prj/eth_udp_loop.runs/impl_1/runme.log
open_hw_manager
connect_hw_server -allow_non_jtag
INFO: [Labtools 27-2285] Connecting to hw_server url TCP:localhost:3121
INFO: [Labtools 27-2222] Launching hw_server...
INFO: [Labtools 27-2221] Launch Output:

****** Xilinx hw_server v2020.2
  **** Build date : Nov 18 2020 at 10:01:48
    ** Copyright 1986-2020 Xilinx, Inc. All Rights Reserved.


INFO: [Labtools 27-3415] Connecting to cs_server url TCP:localhost:3042
INFO: [Labtools 27-3417] Launching cs_server...
INFO: [Labtools 27-2221] Launch Output:


******** Xilinx cs_server v2020.2
  ****** Build date   : Nov 04 2020-05:02:56
    **** Build number : 2020.2.1604437376
      ** Copyright 2017-2020 Xilinx, Inc. All Rights Reserved.



connect_hw_server: Time (s): cpu = 00:00:00 ; elapsed = 00:00:09 . Memory (MB): peak = 3689.387 ; gain = 0.000
open_hw_target
INFO: [Labtoolstcl 44-466] Opening hw_target localhost:3121/xilinx_tcf/Digilent/C306A048ABCD
set_property PROGRAM.FILE {D:/Project/FPGA/temporary/aa/41_eth_udp_loop/prj/eth_udp_loop.runs/impl_1/eth_udp_loop.bit} [get_hw_devices xc7z010_1]
current_hw_device [get_hw_devices xc7z010_1]
refresh_hw_device -update_hw_probes false [lindex [get_hw_devices xc7z010_1] 0]
INFO: [Labtools 27-1435] Device xc7z010 (JTAG device index = 1) is not programmed (DONE status = 0).
set_property PROBES.FILE {} [get_hw_devices xc7z010_1]
set_property FULL_PROBES.FILE {} [get_hw_devices xc7z010_1]
set_property PROGRAM.FILE {D:/Project/FPGA/temporary/aa/41_eth_udp_loop/prj/eth_udp_loop.runs/impl_1/eth_udp_loop.bit} [get_hw_devices xc7z010_1]
program_hw_devices [get_hw_devices xc7z010_1]
INFO: [Labtools 27-3164] End of startup status: HIGH
refresh_hw_device [lindex [get_hw_devices xc7z010_1] 0]
INFO: [Labtools 27-1434] Device xc7z010 (JTAG device index = 1) is programmed with a design that has no supported debug core(s) in it.
reset_run synth_1
WARNING: [Vivado 12-1017] Problems encountered:
1. Failed to delete one or more files in run directory D:/Project/FPGA/temporary/aa/41_eth_udp_loop/prj/eth_udp_loop.runs/synth_1

launch_runs impl_1 -to_step write_bitstream -jobs 12
INFO: [Vivado 12-4149] The synthesis checkpoint for IP 'D:/Project/FPGA/temporary/aa/41_eth_udp_loop/prj/eth_udp_loop.srcs/sources_1/ip/async_fifo_2048x8b/async_fifo_2048x8b.xci' is already up-to-date
[Tue Nov  5 15:41:42 2024] Launched synth_1...
Run output will be captured here: D:/Project/FPGA/temporary/aa/41_eth_udp_loop/prj/eth_udp_loop.runs/synth_1/runme.log
[Tue Nov  5 15:41:42 2024] Launched impl_1...
Run output will be captured here: D:/Project/FPGA/temporary/aa/41_eth_udp_loop/prj/eth_udp_loop.runs/impl_1/runme.log
set_property PROBES.FILE {} [get_hw_devices xc7z010_1]
set_property FULL_PROBES.FILE {} [get_hw_devices xc7z010_1]
set_property PROGRAM.FILE {D:/Project/FPGA/temporary/aa/41_eth_udp_loop/prj/eth_udp_loop.runs/impl_1/eth_udp_loop.bit} [get_hw_devices xc7z010_1]
program_hw_devices [get_hw_devices xc7z010_1]
INFO: [Labtools 27-3164] End of startup status: HIGH
refresh_hw_device [lindex [get_hw_devices xc7z010_1] 0]
INFO: [Labtools 27-1434] Device xc7z010 (JTAG device index = 1) is programmed with a design that has no supported debug core(s) in it.
close_hw_manager
reset_run synth_1
WARNING: [Vivado 12-1017] Problems encountered:
1. Failed to delete one or more files in run directory D:/Project/FPGA/temporary/aa/41_eth_udp_loop/prj/eth_udp_loop.runs/synth_1

launch_runs impl_1 -to_step write_bitstream -jobs 12
INFO: [Vivado 12-4149] The synthesis checkpoint for IP 'D:/Project/FPGA/temporary/aa/41_eth_udp_loop/prj/eth_udp_loop.srcs/sources_1/ip/async_fifo_2048x8b/async_fifo_2048x8b.xci' is already up-to-date
[Tue Nov  5 15:51:10 2024] Launched synth_1...
Run output will be captured here: D:/Project/FPGA/temporary/aa/41_eth_udp_loop/prj/eth_udp_loop.runs/synth_1/runme.log
[Tue Nov  5 15:51:10 2024] Launched impl_1...
Run output will be captured here: D:/Project/FPGA/temporary/aa/41_eth_udp_loop/prj/eth_udp_loop.runs/impl_1/runme.log
open_hw_manager
connect_hw_server -allow_non_jtag
INFO: [Labtools 27-2285] Connecting to hw_server url TCP:localhost:3121
INFO: [Labtools 27-2222] Launching hw_server...
INFO: [Labtools 27-2221] Launch Output:

****** Xilinx hw_server v2020.2
  **** Build date : Nov 18 2020 at 10:01:48
    ** Copyright 1986-2020 Xilinx, Inc. All Rights Reserved.


INFO: [Labtools 27-3415] Connecting to cs_server url TCP:localhost:3042
INFO: [Labtools 27-3417] Launching cs_server...
INFO: [Labtools 27-2221] Launch Output:


******** Xilinx cs_server v2020.2
  ****** Build date   : Nov 04 2020-05:02:56
    **** Build number : 2020.2.1604437376
      ** Copyright 2017-2020 Xilinx, Inc. All Rights Reserved.



connect_hw_server: Time (s): cpu = 00:00:01 ; elapsed = 00:00:09 . Memory (MB): peak = 3690.391 ; gain = 0.000
open_hw_target
INFO: [Labtoolstcl 44-466] Opening hw_target localhost:3121/xilinx_tcf/Digilent/C306A048ABCD
set_property PROGRAM.FILE {D:/Project/FPGA/temporary/aa/41_eth_udp_loop/prj/eth_udp_loop.runs/impl_1/eth_udp_loop.bit} [get_hw_devices xc7z010_1]
current_hw_device [get_hw_devices xc7z010_1]
refresh_hw_device -update_hw_probes false [lindex [get_hw_devices xc7z010_1] 0]
INFO: [Labtools 27-1434] Device xc7z010 (JTAG device index = 1) is programmed with a design that has no supported debug core(s) in it.
set_property PROBES.FILE {} [get_hw_devices xc7z010_1]
set_property FULL_PROBES.FILE {} [get_hw_devices xc7z010_1]
set_property PROGRAM.FILE {D:/Project/FPGA/temporary/aa/41_eth_udp_loop/prj/eth_udp_loop.runs/impl_1/eth_udp_loop.bit} [get_hw_devices xc7z010_1]
program_hw_devices [get_hw_devices xc7z010_1]
INFO: [Labtools 27-3164] End of startup status: HIGH
refresh_hw_device [lindex [get_hw_devices xc7z010_1] 0]
INFO: [Labtools 27-1434] Device xc7z010 (JTAG device index = 1) is programmed with a design that has no supported debug core(s) in it.
close_hw_manager
reset_run synth_1
WARNING: [Vivado 12-1017] Problems encountered:
1. Failed to delete one or more files in run directory D:/Project/FPGA/temporary/aa/41_eth_udp_loop/prj/eth_udp_loop.runs/synth_1

launch_runs impl_1 -to_step write_bitstream -jobs 12
INFO: [Vivado 12-4149] The synthesis checkpoint for IP 'D:/Project/FPGA/temporary/aa/41_eth_udp_loop/prj/eth_udp_loop.srcs/sources_1/ip/async_fifo_2048x8b/async_fifo_2048x8b.xci' is already up-to-date
[Tue Nov  5 17:29:49 2024] Launched synth_1...
Run output will be captured here: D:/Project/FPGA/temporary/aa/41_eth_udp_loop/prj/eth_udp_loop.runs/synth_1/runme.log
[Tue Nov  5 17:29:49 2024] Launched impl_1...
Run output will be captured here: D:/Project/FPGA/temporary/aa/41_eth_udp_loop/prj/eth_udp_loop.runs/impl_1/runme.log
open_hw_manager
connect_hw_server -allow_non_jtag
INFO: [Labtools 27-2285] Connecting to hw_server url TCP:localhost:3121
INFO: [Labtools 27-2222] Launching hw_server...
INFO: [Labtools 27-2221] Launch Output:

****** Xilinx hw_server v2020.2
  **** Build date : Nov 18 2020 at 10:01:48
    ** Copyright 1986-2020 Xilinx, Inc. All Rights Reserved.


INFO: [Labtools 27-3415] Connecting to cs_server url TCP:localhost:3042
INFO: [Labtools 27-3417] Launching cs_server...
INFO: [Labtools 27-2221] Launch Output:


******** Xilinx cs_server v2020.2
  ****** Build date   : Nov 04 2020-05:02:56
    **** Build number : 2020.2.1604437376
      ** Copyright 2017-2020 Xilinx, Inc. All Rights Reserved.



connect_hw_server: Time (s): cpu = 00:00:00 ; elapsed = 00:00:09 . Memory (MB): peak = 3695.742 ; gain = 0.000
open_hw_target
INFO: [Labtoolstcl 44-466] Opening hw_target localhost:3121/xilinx_tcf/Digilent/C306A048ABCD
set_property PROGRAM.FILE {D:/Project/FPGA/temporary/aa/41_eth_udp_loop/prj/eth_udp_loop.runs/impl_1/eth_udp_loop.bit} [get_hw_devices xc7z010_1]
current_hw_device [get_hw_devices xc7z010_1]
refresh_hw_device -update_hw_probes false [lindex [get_hw_devices xc7z010_1] 0]
INFO: [Labtools 27-1435] Device xc7z010 (JTAG device index = 1) is not programmed (DONE status = 0).
set_property PROBES.FILE {} [get_hw_devices xc7z010_1]
set_property FULL_PROBES.FILE {} [get_hw_devices xc7z010_1]
set_property PROGRAM.FILE {D:/Project/FPGA/temporary/aa/41_eth_udp_loop/prj/eth_udp_loop.runs/impl_1/eth_udp_loop.bit} [get_hw_devices xc7z010_1]
program_hw_devices [get_hw_devices xc7z010_1]
INFO: [Labtools 27-3164] End of startup status: HIGH
refresh_hw_device [lindex [get_hw_devices xc7z010_1] 0]
INFO: [Labtools 27-1434] Device xc7z010 (JTAG device index = 1) is programmed with a design that has no supported debug core(s) in it.
close_hw_manager
set_property -dict [list CONFIG.CLKOUT2_USED {true} CONFIG.CLKOUT2_REQUESTED_OUT_FREQ {50} CONFIG.MMCM_CLKOUT1_DIVIDE {20} CONFIG.NUM_OUT_CLKS {2} CONFIG.CLKOUT2_JITTER {192.113} CONFIG.CLKOUT2_PHASE_ERROR {164.985}] [get_ips clk_wiz_0]
generate_target all [get_files  D:/Project/FPGA/temporary/aa/41_eth_udp_loop/prj/eth_udp_loop.srcs/sources_1/ip/clk_wiz_0/clk_wiz_0.xci]
INFO: [IP_Flow 19-1686] Generating 'Instantiation Template' target for IP 'clk_wiz_0'...
INFO: [IP_Flow 19-1686] Generating 'Synthesis' target for IP 'clk_wiz_0'...
INFO: [IP_Flow 19-1686] Generating 'Simulation' target for IP 'clk_wiz_0'...
INFO: [IP_Flow 19-1686] Generating 'Implementation' target for IP 'clk_wiz_0'...
INFO: [IP_Flow 19-1686] Generating 'Change Log' target for IP 'clk_wiz_0'...
catch { config_ip_cache -export [get_ips -all clk_wiz_0] }
export_ip_user_files -of_objects [get_files D:/Project/FPGA/temporary/aa/41_eth_udp_loop/prj/eth_udp_loop.srcs/sources_1/ip/clk_wiz_0/clk_wiz_0.xci] -no_script -sync -force -quiet
reset_run clk_wiz_0_synth_1
WARNING: [Vivado 12-1017] Problems encountered:
1. Failed to delete one or more files in run directory D:/Project/FPGA/temporary/aa/41_eth_udp_loop/prj/eth_udp_loop.runs/clk_wiz_0_synth_1

launch_runs clk_wiz_0_synth_1 -jobs 12
[Tue Nov  5 18:24:11 2024] Launched clk_wiz_0_synth_1...
Run output will be captured here: D:/Project/FPGA/temporary/aa/41_eth_udp_loop/prj/eth_udp_loop.runs/clk_wiz_0_synth_1/runme.log
export_simulation -of_objects [get_files D:/Project/FPGA/temporary/aa/41_eth_udp_loop/prj/eth_udp_loop.srcs/sources_1/ip/clk_wiz_0/clk_wiz_0.xci] -directory D:/Project/FPGA/temporary/aa/41_eth_udp_loop/prj/eth_udp_loop.ip_user_files/sim_scripts -ip_user_files_dir D:/Project/FPGA/temporary/aa/41_eth_udp_loop/prj/eth_udp_loop.ip_user_files -ipstatic_source_dir D:/Project/FPGA/temporary/aa/41_eth_udp_loop/prj/eth_udp_loop.ip_user_files/ipstatic -lib_map_path [list {modelsim=D:/Project/FPGA/temporary/aa/41_eth_udp_loop/prj/eth_udp_loop.cache/compile_simlib/modelsim} {questa=D:/Project/FPGA/temporary/aa/41_eth_udp_loop/prj/eth_udp_loop.cache/compile_simlib/questa} {riviera=D:/Project/FPGA/temporary/aa/41_eth_udp_loop/prj/eth_udp_loop.cache/compile_simlib/riviera} {activehdl=D:/Project/FPGA/temporary/aa/41_eth_udp_loop/prj/eth_udp_loop.cache/compile_simlib/activehdl}] -use_ip_compiled_libs -force -quiet
set_property -dict [list CONFIG.CLKOUT2_REQUESTED_OUT_FREQ {20} CONFIG.MMCM_CLKOUT1_DIVIDE {50} CONFIG.CLKOUT2_JITTER {249.363}] [get_ips clk_wiz_0]
generate_target all [get_files  D:/Project/FPGA/temporary/aa/41_eth_udp_loop/prj/eth_udp_loop.srcs/sources_1/ip/clk_wiz_0/clk_wiz_0.xci]
INFO: [IP_Flow 19-1686] Generating 'Instantiation Template' target for IP 'clk_wiz_0'...
INFO: [IP_Flow 19-1686] Generating 'Synthesis' target for IP 'clk_wiz_0'...
INFO: [IP_Flow 19-1686] Generating 'Simulation' target for IP 'clk_wiz_0'...
INFO: [IP_Flow 19-1686] Generating 'Implementation' target for IP 'clk_wiz_0'...
INFO: [IP_Flow 19-1686] Generating 'Change Log' target for IP 'clk_wiz_0'...
catch { config_ip_cache -export [get_ips -all clk_wiz_0] }
export_ip_user_files -of_objects [get_files D:/Project/FPGA/temporary/aa/41_eth_udp_loop/prj/eth_udp_loop.srcs/sources_1/ip/clk_wiz_0/clk_wiz_0.xci] -no_script -sync -force -quiet
reset_run clk_wiz_0_synth_1
WARNING: [Vivado 12-1017] Problems encountered:
1. Failed to delete one or more files in run directory D:/Project/FPGA/temporary/aa/41_eth_udp_loop/prj/eth_udp_loop.runs/clk_wiz_0_synth_1

launch_runs clk_wiz_0_synth_1 -jobs 12
[Tue Nov  5 18:25:31 2024] Launched clk_wiz_0_synth_1...
Run output will be captured here: D:/Project/FPGA/temporary/aa/41_eth_udp_loop/prj/eth_udp_loop.runs/clk_wiz_0_synth_1/runme.log
export_simulation -of_objects [get_files D:/Project/FPGA/temporary/aa/41_eth_udp_loop/prj/eth_udp_loop.srcs/sources_1/ip/clk_wiz_0/clk_wiz_0.xci] -directory D:/Project/FPGA/temporary/aa/41_eth_udp_loop/prj/eth_udp_loop.ip_user_files/sim_scripts -ip_user_files_dir D:/Project/FPGA/temporary/aa/41_eth_udp_loop/prj/eth_udp_loop.ip_user_files -ipstatic_source_dir D:/Project/FPGA/temporary/aa/41_eth_udp_loop/prj/eth_udp_loop.ip_user_files/ipstatic -lib_map_path [list {modelsim=D:/Project/FPGA/temporary/aa/41_eth_udp_loop/prj/eth_udp_loop.cache/compile_simlib/modelsim} {questa=D:/Project/FPGA/temporary/aa/41_eth_udp_loop/prj/eth_udp_loop.cache/compile_simlib/questa} {riviera=D:/Project/FPGA/temporary/aa/41_eth_udp_loop/prj/eth_udp_loop.cache/compile_simlib/riviera} {activehdl=D:/Project/FPGA/temporary/aa/41_eth_udp_loop/prj/eth_udp_loop.cache/compile_simlib/activehdl}] -use_ip_compiled_libs -force -quiet
add_files -norecurse D:/Project/FPGA/temporary/aa/41_eth_udp_loop/rtl/AD_convert.v
update_compile_order -fileset sources_1
export_ip_user_files -of_objects  [get_files D:/Project/FPGA/temporary/aa/41_eth_udp_loop/rtl/AD_convert.v] -no_script -reset -force -quiet
remove_files  D:/Project/FPGA/temporary/aa/41_eth_udp_loop/rtl/AD_convert.v
add_files -norecurse D:/Project/FPGA/temporary/aa/41_eth_udp_loop/rtl/gen_number.v
update_compile_order -fileset sources_1
update_compile_order -fileset sources_1
update_compile_order -fileset sources_1
update_compile_order -fileset sources_1
reset_run synth_1
WARNING: [Vivado 12-1017] Problems encountered:
1. Failed to delete one or more files in run directory D:/Project/FPGA/temporary/aa/41_eth_udp_loop/prj/eth_udp_loop.runs/synth_1

launch_runs impl_1 -to_step write_bitstream -jobs 12
INFO: [Vivado 12-4149] The synthesis checkpoint for IP 'D:/Project/FPGA/temporary/aa/41_eth_udp_loop/prj/eth_udp_loop.srcs/sources_1/ip/async_fifo_2048x8b/async_fifo_2048x8b.xci' is already up-to-date
[Tue Nov  5 18:46:21 2024] Launched synth_1...
Run output will be captured here: D:/Project/FPGA/temporary/aa/41_eth_udp_loop/prj/eth_udp_loop.runs/synth_1/runme.log
[Tue Nov  5 18:46:21 2024] Launched impl_1...
Run output will be captured here: D:/Project/FPGA/temporary/aa/41_eth_udp_loop/prj/eth_udp_loop.runs/impl_1/runme.log
reset_run synth_1
WARNING: [Vivado 12-1017] Problems encountered:
1. Failed to delete one or more files in run directory D:/Project/FPGA/temporary/aa/41_eth_udp_loop/prj/eth_udp_loop.runs/synth_1

launch_runs impl_1 -to_step write_bitstream -jobs 12
INFO: [Vivado 12-4149] The synthesis checkpoint for IP 'D:/Project/FPGA/temporary/aa/41_eth_udp_loop/prj/eth_udp_loop.srcs/sources_1/ip/async_fifo_2048x8b/async_fifo_2048x8b.xci' is already up-to-date
[Tue Nov  5 18:49:05 2024] Launched synth_1...
Run output will be captured here: D:/Project/FPGA/temporary/aa/41_eth_udp_loop/prj/eth_udp_loop.runs/synth_1/runme.log
[Tue Nov  5 18:49:05 2024] Launched impl_1...
Run output will be captured here: D:/Project/FPGA/temporary/aa/41_eth_udp_loop/prj/eth_udp_loop.runs/impl_1/runme.log
reset_run impl_1
reset_run synth_1
WARNING: [Vivado 12-1017] Problems encountered:
1. Failed to delete one or more files in run directory D:/Project/FPGA/temporary/aa/41_eth_udp_loop/prj/eth_udp_loop.runs/synth_1

launch_runs impl_1 -to_step write_bitstream -jobs 12
INFO: [Vivado 12-4149] The synthesis checkpoint for IP 'D:/Project/FPGA/temporary/aa/41_eth_udp_loop/prj/eth_udp_loop.srcs/sources_1/ip/async_fifo_2048x8b/async_fifo_2048x8b.xci' is already up-to-date
[Tue Nov  5 18:55:20 2024] Launched synth_1...
Run output will be captured here: D:/Project/FPGA/temporary/aa/41_eth_udp_loop/prj/eth_udp_loop.runs/synth_1/runme.log
[Tue Nov  5 18:55:20 2024] Launched impl_1...
Run output will be captured here: D:/Project/FPGA/temporary/aa/41_eth_udp_loop/prj/eth_udp_loop.runs/impl_1/runme.log
open_hw_manager
connect_hw_server -allow_non_jtag
INFO: [Labtools 27-2285] Connecting to hw_server url TCP:localhost:3121
INFO: [Labtools 27-2222] Launching hw_server...
INFO: [Labtools 27-2221] Launch Output:

****** Xilinx hw_server v2020.2
  **** Build date : Nov 18 2020 at 10:01:48
    ** Copyright 1986-2020 Xilinx, Inc. All Rights Reserved.


INFO: [Labtools 27-3415] Connecting to cs_server url TCP:localhost:3042
INFO: [Labtools 27-3417] Launching cs_server...
INFO: [Labtools 27-2221] Launch Output:


******** Xilinx cs_server v2020.2
  ****** Build date   : Nov 04 2020-05:02:56
    **** Build number : 2020.2.1604437376
      ** Copyright 2017-2020 Xilinx, Inc. All Rights Reserved.



connect_hw_server: Time (s): cpu = 00:00:00 ; elapsed = 00:00:10 . Memory (MB): peak = 3831.734 ; gain = 0.000
open_hw_target
INFO: [Labtoolstcl 44-466] Opening hw_target localhost:3121/xilinx_tcf/Digilent/C306A048ABCD
set_property PROGRAM.FILE {D:/Project/FPGA/temporary/aa/41_eth_udp_loop/prj/eth_udp_loop.runs/impl_1/eth_udp_loop.bit} [get_hw_devices xc7z010_1]
current_hw_device [get_hw_devices xc7z010_1]
refresh_hw_device -update_hw_probes false [lindex [get_hw_devices xc7z010_1] 0]
INFO: [Labtools 27-1435] Device xc7z010 (JTAG device index = 1) is not programmed (DONE status = 0).
set_property PROBES.FILE {} [get_hw_devices xc7z010_1]
set_property FULL_PROBES.FILE {} [get_hw_devices xc7z010_1]
set_property PROGRAM.FILE {D:/Project/FPGA/temporary/aa/41_eth_udp_loop/prj/eth_udp_loop.runs/impl_1/eth_udp_loop.bit} [get_hw_devices xc7z010_1]
program_hw_devices [get_hw_devices xc7z010_1]
INFO: [Labtools 27-3164] End of startup status: HIGH
refresh_hw_device [lindex [get_hw_devices xc7z010_1] 0]
INFO: [Labtools 27-1434] Device xc7z010 (JTAG device index = 1) is programmed with a design that has no supported debug core(s) in it.
set_property PROBES.FILE {} [get_hw_devices xc7z010_1]
set_property FULL_PROBES.FILE {} [get_hw_devices xc7z010_1]
set_property PROGRAM.FILE {D:/Project/FPGA/temporary/aa/41_eth_udp_loop/prj/eth_udp_loop.runs/impl_1/eth_udp_loop.bit} [get_hw_devices xc7z010_1]
program_hw_devices [get_hw_devices xc7z010_1]
INFO: [Labtools 27-3164] End of startup status: HIGH
refresh_hw_device [lindex [get_hw_devices xc7z010_1] 0]
INFO: [Labtools 27-1434] Device xc7z010 (JTAG device index = 1) is programmed with a design that has no supported debug core(s) in it.
close_hw_manager
set_property -dict [list CONFIG.CLKOUT2_REQUESTED_OUT_FREQ {5} CONFIG.MMCM_CLKFBOUT_MULT_F {12.500} CONFIG.MMCM_CLKOUT0_DIVIDE_F {3.125} CONFIG.MMCM_CLKOUT1_DIVIDE {125} CONFIG.CLKOUT1_JITTER {179.935} CONFIG.CLKOUT1_PHASE_ERROR {150.329} CONFIG.CLKOUT2_JITTER {384.410} CONFIG.CLKOUT2_PHASE_ERROR {150.329}] [get_ips clk_wiz_0]
generate_target all [get_files  D:/Project/FPGA/temporary/aa/41_eth_udp_loop/prj/eth_udp_loop.srcs/sources_1/ip/clk_wiz_0/clk_wiz_0.xci]
INFO: [IP_Flow 19-1686] Generating 'Instantiation Template' target for IP 'clk_wiz_0'...
INFO: [IP_Flow 19-1686] Generating 'Synthesis' target for IP 'clk_wiz_0'...
INFO: [IP_Flow 19-1686] Generating 'Simulation' target for IP 'clk_wiz_0'...
INFO: [IP_Flow 19-1686] Generating 'Implementation' target for IP 'clk_wiz_0'...
INFO: [IP_Flow 19-1686] Generating 'Change Log' target for IP 'clk_wiz_0'...
catch { config_ip_cache -export [get_ips -all clk_wiz_0] }
export_ip_user_files -of_objects [get_files D:/Project/FPGA/temporary/aa/41_eth_udp_loop/prj/eth_udp_loop.srcs/sources_1/ip/clk_wiz_0/clk_wiz_0.xci] -no_script -sync -force -quiet
reset_run clk_wiz_0_synth_1
WARNING: [Vivado 12-1017] Problems encountered:
1. Failed to delete one or more files in run directory D:/Project/FPGA/temporary/aa/41_eth_udp_loop/prj/eth_udp_loop.runs/clk_wiz_0_synth_1

launch_runs clk_wiz_0_synth_1 -jobs 12
[Tue Nov  5 20:04:08 2024] Launched clk_wiz_0_synth_1...
Run output will be captured here: D:/Project/FPGA/temporary/aa/41_eth_udp_loop/prj/eth_udp_loop.runs/clk_wiz_0_synth_1/runme.log
export_simulation -of_objects [get_files D:/Project/FPGA/temporary/aa/41_eth_udp_loop/prj/eth_udp_loop.srcs/sources_1/ip/clk_wiz_0/clk_wiz_0.xci] -directory D:/Project/FPGA/temporary/aa/41_eth_udp_loop/prj/eth_udp_loop.ip_user_files/sim_scripts -ip_user_files_dir D:/Project/FPGA/temporary/aa/41_eth_udp_loop/prj/eth_udp_loop.ip_user_files -ipstatic_source_dir D:/Project/FPGA/temporary/aa/41_eth_udp_loop/prj/eth_udp_loop.ip_user_files/ipstatic -lib_map_path [list {modelsim=D:/Project/FPGA/temporary/aa/41_eth_udp_loop/prj/eth_udp_loop.cache/compile_simlib/modelsim} {questa=D:/Project/FPGA/temporary/aa/41_eth_udp_loop/prj/eth_udp_loop.cache/compile_simlib/questa} {riviera=D:/Project/FPGA/temporary/aa/41_eth_udp_loop/prj/eth_udp_loop.cache/compile_simlib/riviera} {activehdl=D:/Project/FPGA/temporary/aa/41_eth_udp_loop/prj/eth_udp_loop.cache/compile_simlib/activehdl}] -use_ip_compiled_libs -force -quiet
reset_run synth_1
WARNING: [Vivado 12-1017] Problems encountered:
1. Failed to delete one or more files in run directory D:/Project/FPGA/temporary/aa/41_eth_udp_loop/prj/eth_udp_loop.runs/synth_1

launch_runs impl_1 -to_step write_bitstream -jobs 12
INFO: [Vivado 12-4149] The synthesis checkpoint for IP 'D:/Project/FPGA/temporary/aa/41_eth_udp_loop/prj/eth_udp_loop.srcs/sources_1/ip/async_fifo_2048x8b/async_fifo_2048x8b.xci' is already up-to-date
[Tue Nov  5 20:05:06 2024] Launched synth_1...
Run output will be captured here: D:/Project/FPGA/temporary/aa/41_eth_udp_loop/prj/eth_udp_loop.runs/synth_1/runme.log
[Tue Nov  5 20:05:06 2024] Launched impl_1...
Run output will be captured here: D:/Project/FPGA/temporary/aa/41_eth_udp_loop/prj/eth_udp_loop.runs/impl_1/runme.log
open_hw_manager
connect_hw_server -allow_non_jtag
INFO: [Labtools 27-2285] Connecting to hw_server url TCP:localhost:3121
INFO: [Labtools 27-2222] Launching hw_server...
INFO: [Labtools 27-2221] Launch Output:

****** Xilinx hw_server v2020.2
  **** Build date : Nov 18 2020 at 10:01:48
    ** Copyright 1986-2020 Xilinx, Inc. All Rights Reserved.


INFO: [Labtools 27-3415] Connecting to cs_server url TCP:localhost:3042
INFO: [Labtools 27-3417] Launching cs_server...
INFO: [Labtools 27-2221] Launch Output:


******** Xilinx cs_server v2020.2
  ****** Build date   : Nov 04 2020-05:02:56
    **** Build number : 2020.2.1604437376
      ** Copyright 2017-2020 Xilinx, Inc. All Rights Reserved.



connect_hw_server: Time (s): cpu = 00:00:01 ; elapsed = 00:00:09 . Memory (MB): peak = 4494.559 ; gain = 0.000
open_hw_target
INFO: [Labtoolstcl 44-466] Opening hw_target localhost:3121/xilinx_tcf/Digilent/C306A048ABCD
set_property PROGRAM.FILE {D:/Project/FPGA/temporary/aa/41_eth_udp_loop/prj/eth_udp_loop.runs/impl_1/eth_udp_loop.bit} [get_hw_devices xc7z010_1]
current_hw_device [get_hw_devices xc7z010_1]
refresh_hw_device -update_hw_probes false [lindex [get_hw_devices xc7z010_1] 0]
INFO: [Labtools 27-1435] Device xc7z010 (JTAG device index = 1) is not programmed (DONE status = 0).
set_property PROBES.FILE {} [get_hw_devices xc7z010_1]
set_property FULL_PROBES.FILE {} [get_hw_devices xc7z010_1]
set_property PROGRAM.FILE {D:/Project/FPGA/temporary/aa/41_eth_udp_loop/prj/eth_udp_loop.runs/impl_1/eth_udp_loop.bit} [get_hw_devices xc7z010_1]
program_hw_devices [get_hw_devices xc7z010_1]
INFO: [Labtools 27-3164] End of startup status: HIGH
refresh_hw_device [lindex [get_hw_devices xc7z010_1] 0]
INFO: [Labtools 27-1434] Device xc7z010 (JTAG device index = 1) is programmed with a design that has no supported debug core(s) in it.
close_hw_manager
set_property -dict [list CONFIG.CLKOUT2_REQUESTED_OUT_FREQ {125} CONFIG.MMCM_CLKFBOUT_MULT_F {20.000} CONFIG.MMCM_CLKOUT0_DIVIDE_F {5.000} CONFIG.MMCM_CLKOUT1_DIVIDE {8} CONFIG.CLKOUT1_JITTER {142.107} CONFIG.CLKOUT1_PHASE_ERROR {164.985} CONFIG.CLKOUT2_JITTER {154.207} CONFIG.CLKOUT2_PHASE_ERROR {164.985}] [get_ips clk_wiz_0]
generate_target all [get_files  D:/Project/FPGA/temporary/aa/41_eth_udp_loop/prj/eth_udp_loop.srcs/sources_1/ip/clk_wiz_0/clk_wiz_0.xci]
INFO: [IP_Flow 19-1686] Generating 'Instantiation Template' target for IP 'clk_wiz_0'...
INFO: [IP_Flow 19-1686] Generating 'Synthesis' target for IP 'clk_wiz_0'...
INFO: [IP_Flow 19-1686] Generating 'Simulation' target for IP 'clk_wiz_0'...
INFO: [IP_Flow 19-1686] Generating 'Implementation' target for IP 'clk_wiz_0'...
INFO: [IP_Flow 19-1686] Generating 'Change Log' target for IP 'clk_wiz_0'...
catch { config_ip_cache -export [get_ips -all clk_wiz_0] }
export_ip_user_files -of_objects [get_files D:/Project/FPGA/temporary/aa/41_eth_udp_loop/prj/eth_udp_loop.srcs/sources_1/ip/clk_wiz_0/clk_wiz_0.xci] -no_script -sync -force -quiet
reset_run clk_wiz_0_synth_1
WARNING: [Vivado 12-1017] Problems encountered:
1. Failed to delete one or more files in run directory D:/Project/FPGA/temporary/aa/41_eth_udp_loop/prj/eth_udp_loop.runs/clk_wiz_0_synth_1

launch_runs clk_wiz_0_synth_1 -jobs 12
[Tue Nov  5 20:26:31 2024] Launched clk_wiz_0_synth_1...
Run output will be captured here: D:/Project/FPGA/temporary/aa/41_eth_udp_loop/prj/eth_udp_loop.runs/clk_wiz_0_synth_1/runme.log
export_simulation -of_objects [get_files D:/Project/FPGA/temporary/aa/41_eth_udp_loop/prj/eth_udp_loop.srcs/sources_1/ip/clk_wiz_0/clk_wiz_0.xci] -directory D:/Project/FPGA/temporary/aa/41_eth_udp_loop/prj/eth_udp_loop.ip_user_files/sim_scripts -ip_user_files_dir D:/Project/FPGA/temporary/aa/41_eth_udp_loop/prj/eth_udp_loop.ip_user_files -ipstatic_source_dir D:/Project/FPGA/temporary/aa/41_eth_udp_loop/prj/eth_udp_loop.ip_user_files/ipstatic -lib_map_path [list {modelsim=D:/Project/FPGA/temporary/aa/41_eth_udp_loop/prj/eth_udp_loop.cache/compile_simlib/modelsim} {questa=D:/Project/FPGA/temporary/aa/41_eth_udp_loop/prj/eth_udp_loop.cache/compile_simlib/questa} {riviera=D:/Project/FPGA/temporary/aa/41_eth_udp_loop/prj/eth_udp_loop.cache/compile_simlib/riviera} {activehdl=D:/Project/FPGA/temporary/aa/41_eth_udp_loop/prj/eth_udp_loop.cache/compile_simlib/activehdl}] -use_ip_compiled_libs -force -quiet
reset_run synth_1
WARNING: [Vivado 12-1017] Problems encountered:
1. Failed to delete one or more files in run directory D:/Project/FPGA/temporary/aa/41_eth_udp_loop/prj/eth_udp_loop.runs/synth_1

launch_runs impl_1 -to_step write_bitstream -jobs 12
INFO: [Vivado 12-4149] The synthesis checkpoint for IP 'D:/Project/FPGA/temporary/aa/41_eth_udp_loop/prj/eth_udp_loop.srcs/sources_1/ip/async_fifo_2048x8b/async_fifo_2048x8b.xci' is already up-to-date
[Tue Nov  5 20:27:34 2024] Launched synth_1...
Run output will be captured here: D:/Project/FPGA/temporary/aa/41_eth_udp_loop/prj/eth_udp_loop.runs/synth_1/runme.log
[Tue Nov  5 20:27:34 2024] Launched impl_1...
Run output will be captured here: D:/Project/FPGA/temporary/aa/41_eth_udp_loop/prj/eth_udp_loop.runs/impl_1/runme.log
open_hw_manager
connect_hw_server -allow_non_jtag
INFO: [Labtools 27-2285] Connecting to hw_server url TCP:localhost:3121
INFO: [Labtools 27-2222] Launching hw_server...
INFO: [Labtools 27-2221] Launch Output:

****** Xilinx hw_server v2020.2
  **** Build date : Nov 18 2020 at 10:01:48
    ** Copyright 1986-2020 Xilinx, Inc. All Rights Reserved.


INFO: [Labtools 27-3415] Connecting to cs_server url TCP:localhost:3042
INFO: [Labtools 27-3417] Launching cs_server...
INFO: [Labtools 27-2221] Launch Output:


******** Xilinx cs_server v2020.2
  ****** Build date   : Nov 04 2020-05:02:56
    **** Build number : 2020.2.1604437376
      ** Copyright 2017-2020 Xilinx, Inc. All Rights Reserved.



connect_hw_server: Time (s): cpu = 00:00:00 ; elapsed = 00:00:09 . Memory (MB): peak = 4501.762 ; gain = 0.000
open_hw_target
INFO: [Labtoolstcl 44-466] Opening hw_target localhost:3121/xilinx_tcf/Digilent/C306A048ABCD
set_property PROGRAM.FILE {D:/Project/FPGA/temporary/aa/41_eth_udp_loop/prj/eth_udp_loop.runs/impl_1/eth_udp_loop.bit} [get_hw_devices xc7z010_1]
current_hw_device [get_hw_devices xc7z010_1]
refresh_hw_device -update_hw_probes false [lindex [get_hw_devices xc7z010_1] 0]
INFO: [Labtools 27-1434] Device xc7z010 (JTAG device index = 1) is programmed with a design that has no supported debug core(s) in it.
set_property PROBES.FILE {} [get_hw_devices xc7z010_1]
set_property FULL_PROBES.FILE {} [get_hw_devices xc7z010_1]
set_property PROGRAM.FILE {D:/Project/FPGA/temporary/aa/41_eth_udp_loop/prj/eth_udp_loop.runs/impl_1/eth_udp_loop.bit} [get_hw_devices xc7z010_1]
program_hw_devices [get_hw_devices xc7z010_1]
INFO: [Labtools 27-3164] End of startup status: HIGH
refresh_hw_device [lindex [get_hw_devices xc7z010_1] 0]
INFO: [Labtools 27-1434] Device xc7z010 (JTAG device index = 1) is programmed with a design that has no supported debug core(s) in it.
set_property PROBES.FILE {} [get_hw_devices xc7z010_1]
set_property FULL_PROBES.FILE {} [get_hw_devices xc7z010_1]
set_property PROGRAM.FILE {D:/Project/FPGA/temporary/aa/41_eth_udp_loop/prj/eth_udp_loop.runs/impl_1/eth_udp_loop.bit} [get_hw_devices xc7z010_1]
program_hw_devices [get_hw_devices xc7z010_1]
INFO: [Labtools 27-3164] End of startup status: HIGH
refresh_hw_device [lindex [get_hw_devices xc7z010_1] 0]
INFO: [Labtools 27-1434] Device xc7z010 (JTAG device index = 1) is programmed with a design that has no supported debug core(s) in it.
close_hw_manager
open_hw_manager
connect_hw_server -allow_non_jtag
INFO: [Labtools 27-2285] Connecting to hw_server url TCP:localhost:3121
INFO: [Labtools 27-2222] Launching hw_server...
INFO: [Labtools 27-2221] Launch Output:

****** Xilinx hw_server v2020.2
  **** Build date : Nov 18 2020 at 10:01:48
    ** Copyright 1986-2020 Xilinx, Inc. All Rights Reserved.


INFO: [Labtools 27-3415] Connecting to cs_server url TCP:localhost:3042
INFO: [Labtools 27-3417] Launching cs_server...
INFO: [Labtools 27-2221] Launch Output:


******** Xilinx cs_server v2020.2
  ****** Build date   : Nov 04 2020-05:02:56
    **** Build number : 2020.2.1604437376
      ** Copyright 2017-2020 Xilinx, Inc. All Rights Reserved.



connect_hw_server: Time (s): cpu = 00:00:00 ; elapsed = 00:00:09 . Memory (MB): peak = 4555.379 ; gain = 0.000
open_hw_target
INFO: [Labtoolstcl 44-466] Opening hw_target localhost:3121/xilinx_tcf/Digilent/C306A048ABCD
set_property PROGRAM.FILE {D:/Project/FPGA/temporary/aa/41_eth_udp_loop/prj/eth_udp_loop.runs/impl_1/eth_udp_loop.bit} [get_hw_devices xc7z010_1]
current_hw_device [get_hw_devices xc7z010_1]
refresh_hw_device -update_hw_probes false [lindex [get_hw_devices xc7z010_1] 0]
INFO: [Labtools 27-1435] Device xc7z010 (JTAG device index = 1) is not programmed (DONE status = 0).
set_property PROBES.FILE {} [get_hw_devices xc7z010_1]
set_property FULL_PROBES.FILE {} [get_hw_devices xc7z010_1]
set_property PROGRAM.FILE {D:/Project/FPGA/temporary/aa/41_eth_udp_loop/prj/eth_udp_loop.runs/impl_1/eth_udp_loop.bit} [get_hw_devices xc7z010_1]
program_hw_devices [get_hw_devices xc7z010_1]
INFO: [Labtools 27-3164] End of startup status: HIGH
refresh_hw_device [lindex [get_hw_devices xc7z010_1] 0]
INFO: [Labtools 27-1434] Device xc7z010 (JTAG device index = 1) is programmed with a design that has no supported debug core(s) in it.
set_property PROBES.FILE {} [get_hw_devices xc7z010_1]
set_property FULL_PROBES.FILE {} [get_hw_devices xc7z010_1]
set_property PROGRAM.FILE {D:/Project/FPGA/temporary/aa/41_eth_udp_loop/prj/eth_udp_loop.runs/impl_1/eth_udp_loop.bit} [get_hw_devices xc7z010_1]
program_hw_devices [get_hw_devices xc7z010_1]
INFO: [Labtools 27-3164] End of startup status: HIGH
refresh_hw_device [lindex [get_hw_devices xc7z010_1] 0]
INFO: [Labtools 27-1434] Device xc7z010 (JTAG device index = 1) is programmed with a design that has no supported debug core(s) in it.
close_hw_manager
exit
INFO: [Common 17-206] Exiting Vivado at Tue Nov  5 21:28:32 2024...
