#-----------------------------------------------------------
# Vivado v2020.2 (64-bit)
# SW Build 3064766 on Wed Nov 18 09:12:45 MST 2020
# IP Build 3064653 on Wed Nov 18 14:17:31 MST 2020
# Start of session at: Tue Nov 12 13:44:08 2024
# Process ID: 19292
# Current directory: D:/Project/FPGA/temporary/cc/41_eth_udp_loop/prj
# Command line: vivado.exe D:\Project\FPGA\temporary\cc\41_eth_udp_loop\prj\eth_udp_loop.xpr
# Log file: D:/Project/FPGA/temporary/cc/41_eth_udp_loop/prj/vivado.log
# Journal file: D:/Project/FPGA/temporary/cc/41_eth_udp_loop/prj\vivado.jou
#-----------------------------------------------------------
start_gui
open_project D:/Project/FPGA/temporary/cc/41_eth_udp_loop/prj/eth_udp_loop.xpr
update_compile_order -fileset sources_1
reset_run synth_1
launch_runs synth_1 -jobs 11
wait_on_run synth_1
open_run synth_1 -name synth_1
reset_run synth_1
launch_runs synth_1 -jobs 11
wait_on_run synth_1
synth_design -rtl -rtl_skip_mlo -name rtl_1
reset_run synth_1
launch_runs synth_1 -jobs 12
wait_on_run synth_1
current_design synth_1
refresh_design
current_design rtl_1
refresh_design
add_files -norecurse D:/Project/FPGA/temporary/cc/41_eth_udp_loop/rtl/TOP.v
update_compile_order -fileset sources_1
update_compile_order -fileset sources_1
reset_run synth_1
refresh_design
refresh_design
launch_runs synth_1 -jobs 12
wait_on_run synth_1
current_design synth_1
refresh_design
refresh_design
refresh_design
reset_run synth_1
launch_runs synth_1 -jobs 12
wait_on_run synth_1
refresh_design
launch_runs impl_1 -jobs 12
wait_on_run impl_1
close_design
open_run impl_1
reset_run synth_1
launch_runs impl_1 -to_step write_bitstream -jobs 12
wait_on_run impl_1
open_hw_manager
connect_hw_server -allow_non_jtag
open_hw_target
set_property PROGRAM.FILE {D:/Project/FPGA/temporary/cc/41_eth_udp_loop/prj/eth_udp_loop.runs/impl_1/TOP.bit} [get_hw_devices xc7z010_1]
current_hw_device [get_hw_devices xc7z010_1]
refresh_hw_device -update_hw_probes false [lindex [get_hw_devices xc7z010_1] 0]
set_property PROBES.FILE {} [get_hw_devices xc7z010_1]
set_property FULL_PROBES.FILE {} [get_hw_devices xc7z010_1]
set_property PROGRAM.FILE {D:/Project/FPGA/temporary/cc/41_eth_udp_loop/prj/eth_udp_loop.runs/impl_1/TOP.bit} [get_hw_devices xc7z010_1]
program_hw_devices [get_hw_devices xc7z010_1]
refresh_hw_device [lindex [get_hw_devices xc7z010_1] 0]
set_property PROBES.FILE {} [get_hw_devices xc7z010_1]
set_property FULL_PROBES.FILE {} [get_hw_devices xc7z010_1]
set_property PROGRAM.FILE {D:/Project/FPGA/temporary/cc/41_eth_udp_loop/prj/eth_udp_loop.runs/impl_1/TOP.bit} [get_hw_devices xc7z010_1]
program_hw_devices [get_hw_devices xc7z010_1]
refresh_hw_device [lindex [get_hw_devices xc7z010_1] 0]
update_compile_order -fileset sources_1
update_compile_order -fileset sources_1
reset_run synth_1
launch_runs synth_1 -jobs 12
wait_on_run synth_1
open_run synth_1 -name synth_1
launch_runs impl_1 -jobs 12
wait_on_run impl_1
current_design impl_1
refresh_design
