#-----------------------------------------------------------
# Vivado v2020.2 (64-bit)
# SW Build 3064766 on Wed Nov 18 09:12:45 MST 2020
# IP Build 3064653 on Wed Nov 18 14:17:31 MST 2020
# Start of session at: Mon Nov 11 21:44:08 2024
# Process ID: 27640
# Current directory: D:/Project/FPGA/temporary/cc/41_eth_udp_loop/prj
# Command line: vivado.exe D:\Project\FPGA\temporary\cc\41_eth_udp_loop\prj\eth_udp_loop.xpr
# Log file: D:/Project/FPGA/temporary/cc/41_eth_udp_loop/prj/vivado.log
# Journal file: D:/Project/FPGA/temporary/cc/41_eth_udp_loop/prj\vivado.jou
#-----------------------------------------------------------
start_gui
open_project D:/Project/FPGA/temporary/cc/41_eth_udp_loop/prj/eth_udp_loop.xpr
Scanning sources...
Finished scanning sources
INFO: [IP_Flow 19-234] Refreshing IP repositories
INFO: [IP_Flow 19-1704] No user IP repositories specified
INFO: [IP_Flow 19-2313] Loaded Vivado IP repository 'F:/Software/Xilinx/Vivado/2020.2/data/ip'.
open_project: Time (s): cpu = 00:00:02 ; elapsed = 00:00:08 . Memory (MB): peak = 1139.598 ; gain = 0.000
update_compile_order -fileset sources_1
reset_run impl_1
launch_runs impl_1 -jobs 11
INFO: [Vivado 12-4149] The synthesis checkpoint for IP 'D:/Project/FPGA/temporary/cc/41_eth_udp_loop/prj/eth_udp_loop.srcs/sources_1/ip/async_fifo_2048x8b/async_fifo_2048x8b.xci' is already up-to-date
[Mon Nov 11 21:44:52 2024] Launched impl_1...
Run output will be captured here: D:/Project/FPGA/temporary/cc/41_eth_udp_loop/prj/eth_udp_loop.runs/impl_1/runme.log
open_run synth_1 -name synth_1
Design is defaulting to impl run constrset: constrs_1
Design is defaulting to synth run part: xc7z010clg400-1
INFO: [Device 21-403] Loading part xc7z010clg400-1
INFO: [Project 1-454] Reading design checkpoint 'd:/Project/FPGA/temporary/cc/41_eth_udp_loop/prj/eth_udp_loop.gen/sources_1/ip/async_fifo_2048x8b/async_fifo_2048x8b.dcp' for cell 'u_async_fifo_2048x8b'
INFO: [Project 1-454] Reading design checkpoint 'd:/Project/FPGA/temporary/cc/41_eth_udp_loop/prj/eth_udp_loop.gen/sources_1/ip/clk_wiz_0/clk_wiz_0.dcp' for cell 'u_clk_wiz_0'
Netlist sorting complete. Time (s): cpu = 00:00:00 ; elapsed = 00:00:00.044 . Memory (MB): peak = 1342.609 ; gain = 0.000
INFO: [Netlist 29-17] Analyzing 226 Unisim elements for replacement
INFO: [Netlist 29-28] Unisim Transformation completed in 0 CPU seconds
INFO: [Project 1-479] Netlist was created with Vivado 2020.2
INFO: [Project 1-570] Preparing netlist for logic optimization
WARNING: [Opt 31-35] Removing redundant IBUF, u_clk_wiz_0/inst/clkin1_ibufg, from the path connected to top-level port: sys_clk 
Resolution: The tool has removed redundant IBUF. To resolve this warning, check for redundant IBUF in the input design.
WARNING: [Constraints 18-550] Could not create 'IBUF_LOW_PWR' constraint because net 'u_clk_wiz_0/clk_in1' is not directly connected to top level port. Synthesis is ignored for IBUF_LOW_PWR but preserved for implementation.
Parsing XDC File [d:/Project/FPGA/temporary/cc/41_eth_udp_loop/prj/eth_udp_loop.gen/sources_1/ip/async_fifo_2048x8b/async_fifo_2048x8b.xdc] for cell 'u_async_fifo_2048x8b/U0'
Finished Parsing XDC File [d:/Project/FPGA/temporary/cc/41_eth_udp_loop/prj/eth_udp_loop.gen/sources_1/ip/async_fifo_2048x8b/async_fifo_2048x8b.xdc] for cell 'u_async_fifo_2048x8b/U0'
Parsing XDC File [d:/Project/FPGA/temporary/cc/41_eth_udp_loop/prj/eth_udp_loop.gen/sources_1/ip/clk_wiz_0/clk_wiz_0_board.xdc] for cell 'u_clk_wiz_0/inst'
Finished Parsing XDC File [d:/Project/FPGA/temporary/cc/41_eth_udp_loop/prj/eth_udp_loop.gen/sources_1/ip/clk_wiz_0/clk_wiz_0_board.xdc] for cell 'u_clk_wiz_0/inst'
Parsing XDC File [d:/Project/FPGA/temporary/cc/41_eth_udp_loop/prj/eth_udp_loop.gen/sources_1/ip/clk_wiz_0/clk_wiz_0.xdc] for cell 'u_clk_wiz_0/inst'
INFO: [Timing 38-35] Done setting XDC timing constraints. [d:/Project/FPGA/temporary/cc/41_eth_udp_loop/prj/eth_udp_loop.gen/sources_1/ip/clk_wiz_0/clk_wiz_0.xdc:57]
INFO: [Timing 38-2] Deriving generated clocks [d:/Project/FPGA/temporary/cc/41_eth_udp_loop/prj/eth_udp_loop.gen/sources_1/ip/clk_wiz_0/clk_wiz_0.xdc:57]
Finished Parsing XDC File [d:/Project/FPGA/temporary/cc/41_eth_udp_loop/prj/eth_udp_loop.gen/sources_1/ip/clk_wiz_0/clk_wiz_0.xdc] for cell 'u_clk_wiz_0/inst'
Parsing XDC File [D:/Project/FPGA/temporary/cc/41_eth_udp_loop/prj/eth_udp_loop.srcs/constrs_1/eth_udp_loop.xdc]
Finished Parsing XDC File [D:/Project/FPGA/temporary/cc/41_eth_udp_loop/prj/eth_udp_loop.srcs/constrs_1/eth_udp_loop.xdc]
Parsing XDC File [d:/Project/FPGA/temporary/cc/41_eth_udp_loop/prj/eth_udp_loop.gen/sources_1/ip/async_fifo_2048x8b/async_fifo_2048x8b_clocks.xdc] for cell 'u_async_fifo_2048x8b/U0'
Finished Parsing XDC File [d:/Project/FPGA/temporary/cc/41_eth_udp_loop/prj/eth_udp_loop.gen/sources_1/ip/async_fifo_2048x8b/async_fifo_2048x8b_clocks.xdc] for cell 'u_async_fifo_2048x8b/U0'
WARNING: [XPM_CDC_GRAY: TCL-1000] The source and destination clocks are the same. 
     Instance: u_async_fifo_2048x8b/U0/inst_fifo_gen/gconvfifo.rf/grf.rf/gntv_or_sync_fifo.gcx.clkx/rd_pntr_cdc_inst 
  This will add unnecessary latency to the design. Please check the design for the following: 
 1) Manually instantiated XPM_CDC modules: Xilinx recommends that you remove these modules. 
 2) Xilinx IP that contains XPM_CDC modules: Verify the connections to the IP to determine whether you can safely ignore this message.
 [F:/Software/Xilinx/Vivado/2020.2/data/ip/xpm/xpm_cdc/tcl/xpm_cdc_gray.tcl:16]
WARNING: [XPM_CDC_GRAY: TCL-1000] The source and destination clocks are the same. 
     Instance: u_async_fifo_2048x8b/U0/inst_fifo_gen/gconvfifo.rf/grf.rf/gntv_or_sync_fifo.gcx.clkx/wr_pntr_cdc_inst 
  This will add unnecessary latency to the design. Please check the design for the following: 
 1) Manually instantiated XPM_CDC modules: Xilinx recommends that you remove these modules. 
 2) Xilinx IP that contains XPM_CDC modules: Verify the connections to the IP to determine whether you can safely ignore this message.
 [F:/Software/Xilinx/Vivado/2020.2/data/ip/xpm/xpm_cdc/tcl/xpm_cdc_gray.tcl:16]
INFO: [Project 1-1715] 3 XPM XDC files have been applied to the design.
INFO: [Opt 31-138] Pushed 0 inverter(s) to 0 load pin(s).
Netlist sorting complete. Time (s): cpu = 00:00:00 ; elapsed = 00:00:00.001 . Memory (MB): peak = 2018.191 ; gain = 0.000
INFO: [Project 1-111] Unisim Transformation Summary:
No Unisim elements were transformed.

open_run: Time (s): cpu = 00:00:17 ; elapsed = 00:00:20 . Memory (MB): peak = 2062.602 ; gain = 923.004
set_property IOSTANDARD LVCMOS33 [get_ports [list CSB]]
set_property IOSTANDARD LVCMOS33 [get_ports [list DCO]]
place_ports CSB J14
place_ports DCO L16
place_ports OEB V18
place_ports OEB V17
place_ports OEB V18
place_ports OTR V17
place_ports PDWM M15
place_ports SCLK R18
place_ports SDIO K14
set_property IOSTANDARD LVCMOS33 [get_ports [list OEB]]
set_property IOSTANDARD LVCMOS33 [get_ports [list OTR]]
set_property IOSTANDARD LVCMOS33 [get_ports [list PDWM]]
set_property IOSTANDARD LVCMOS33 [get_ports [list SCLK]]
set_property IOSTANDARD LVCMOS33 [get_ports [list SDIO]]
save_constraints
reset_run synth_1
launch_runs synth_1 -jobs 11
INFO: [Vivado 12-4149] The synthesis checkpoint for IP 'D:/Project/FPGA/temporary/cc/41_eth_udp_loop/prj/eth_udp_loop.srcs/sources_1/ip/async_fifo_2048x8b/async_fifo_2048x8b.xci' is already up-to-date
[Mon Nov 11 21:50:58 2024] Launched synth_1...
Run output will be captured here: D:/Project/FPGA/temporary/cc/41_eth_udp_loop/prj/eth_udp_loop.runs/synth_1/runme.log
launch_runs impl_1 -jobs 11
INFO: [Vivado 12-4149] The synthesis checkpoint for IP 'D:/Project/FPGA/temporary/cc/41_eth_udp_loop/prj/eth_udp_loop.srcs/sources_1/ip/async_fifo_2048x8b/async_fifo_2048x8b.xci' is already up-to-date
WARNING: [Project 1-478] Design 'synth_1' is stale and will not be used when launching 'impl_1'
[Mon Nov 11 21:53:17 2024] Launched impl_1...
Run output will be captured here: D:/Project/FPGA/temporary/cc/41_eth_udp_loop/prj/eth_udp_loop.runs/impl_1/runme.log
close_design
open_run impl_1
Netlist sorting complete. Time (s): cpu = 00:00:00 ; elapsed = 00:00:00.044 . Memory (MB): peak = 2635.715 ; gain = 0.000
INFO: [Netlist 29-17] Analyzing 226 Unisim elements for replacement
INFO: [Netlist 29-28] Unisim Transformation completed in 0 CPU seconds
INFO: [Project 1-479] Netlist was created with Vivado 2020.2
INFO: [Project 1-570] Preparing netlist for logic optimization
WARNING: [Constraints 18-550] Could not create 'IBUF_LOW_PWR' constraint because net 'u_clk_wiz_0/clk_in1' is not directly connected to top level port. Synthesis is ignored for IBUF_LOW_PWR but preserved for implementation.
INFO: [Timing 38-478] Restoring timing data from binary archive.
INFO: [Timing 38-479] Binary timing data restore complete.
INFO: [Project 1-856] Restoring constraints from binary archive.
INFO: [Project 1-853] Binary constraint restore complete.
Reading XDEF placement.
Reading placer database...
Reading XDEF routing.
Read XDEF File: Time (s): cpu = 00:00:01 ; elapsed = 00:00:00.374 . Memory (MB): peak = 2635.715 ; gain = 0.000
Restored from archive | CPU: 1.000000 secs | Memory: 0.000000 MB |
Finished XDEF File Restore: Time (s): cpu = 00:00:01 ; elapsed = 00:00:00.375 . Memory (MB): peak = 2635.715 ; gain = 0.000
Netlist sorting complete. Time (s): cpu = 00:00:00 ; elapsed = 00:00:00.001 . Memory (MB): peak = 2635.715 ; gain = 0.000
INFO: [Project 1-111] Unisim Transformation Summary:
No Unisim elements were transformed.

exit
INFO: [Common 17-206] Exiting Vivado at Mon Nov 11 21:55:15 2024...
