
*** Running vivado
    with args -log eth_udp_loop.vds -m64 -product Vivado -mode batch -messageDb vivado.pb -notrace -source eth_udp_loop.tcl



****** Vivado v2020.2 (64-bit)
  **** SW Build 3064766 on Wed Nov 18 09:12:45 MST 2020
  **** IP Build 3064653 on Wed Nov 18 14:17:31 MST 2020
    ** Copyright 1986-2020 Xilinx, Inc. All Rights Reserved.

source eth_udp_loop.tcl -notrace
Command: synth_design -top eth_udp_loop -part xc7z010clg400-1
Starting synth_design
Attempting to get a license for feature 'Synthesis' and/or device 'xc7z010'
INFO: [Common 17-349] Got license for feature 'Synthesis' and/or device 'xc7z010'
INFO: [Device 21-403] Loading part xc7z010clg400-1
INFO: [Synth 8-7079] Multithreading enabled for synth_design using a maximum of 2 processes.
INFO: [Synth 8-7078] Launching helper process for spawning children vivado processes
INFO: [Synth 8-7075] Helper process launched with PID 19024
---------------------------------------------------------------------------------
Starting RTL Elaboration : Time (s): cpu = 00:00:01 ; elapsed = 00:00:05 . Memory (MB): peak = 1138.715 ; gain = 0.000
---------------------------------------------------------------------------------
INFO: [Synth 8-6157] synthesizing module 'eth_udp_loop' [D:/Project/FPGA/temporary/cc/41_eth_udp_loop/rtl/eth_udp_loop.v:23]
	Parameter BOARD_MAC bound to: 48'b000000000001000100100010001100110100010001010101 
	Parameter BOARD_IP bound to: -1062731510 - type: integer 
	Parameter DES_MAC bound to: 48'b111111111111111111111111111111111111111111111111 
	Parameter DES_IP bound to: -1062731418 - type: integer 
	Parameter IDELAY_VALUE bound to: 0 - type: integer 
INFO: [Synth 8-6157] synthesizing module 'clk_wiz_0' [D:/Project/FPGA/temporary/cc/41_eth_udp_loop/prj/eth_udp_loop.runs/synth_1/.Xil/Vivado-26428-LEGION2020/realtime/clk_wiz_0_stub.v:5]
INFO: [Synth 8-6155] done synthesizing module 'clk_wiz_0' (1#1) [D:/Project/FPGA/temporary/cc/41_eth_udp_loop/prj/eth_udp_loop.runs/synth_1/.Xil/Vivado-26428-LEGION2020/realtime/clk_wiz_0_stub.v:5]
INFO: [Synth 8-6157] synthesizing module 'gmii_to_rgmii' [D:/Project/FPGA/temporary/cc/41_eth_udp_loop/rtl/gmii_to_rgmii/gmii_to_rgmii.v:23]
	Parameter IDELAY_VALUE bound to: 0 - type: integer 
INFO: [Synth 8-6157] synthesizing module 'rgmii_rx' [D:/Project/FPGA/temporary/cc/41_eth_udp_loop/rtl/gmii_to_rgmii/rgmii_rx.v:23]
	Parameter IDELAY_VALUE bound to: 0 - type: integer 
INFO: [Synth 8-6157] synthesizing module 'IDELAYE2' [F:/Software/Xilinx/Vivado/2020.2/scripts/rt/data/unisim_comp.v:35073]
	Parameter CINVCTRL_SEL bound to: FALSE - type: string 
	Parameter DELAY_SRC bound to: IDATAIN - type: string 
	Parameter HIGH_PERFORMANCE_MODE bound to: FALSE - type: string 
	Parameter IDELAY_TYPE bound to: FIXED - type: string 
	Parameter IDELAY_VALUE bound to: 0 - type: integer 
	Parameter IS_C_INVERTED bound to: 1'b0 
	Parameter IS_DATAIN_INVERTED bound to: 1'b0 
	Parameter IS_IDATAIN_INVERTED bound to: 1'b0 
	Parameter PIPE_SEL bound to: FALSE - type: string 
	Parameter REFCLK_FREQUENCY bound to: 200.000000 - type: double 
	Parameter SIGNAL_PATTERN bound to: DATA - type: string 
	Parameter SIM_DELAY_D bound to: 0 - type: integer 
INFO: [Synth 8-6155] done synthesizing module 'IDELAYE2' (2#1) [F:/Software/Xilinx/Vivado/2020.2/scripts/rt/data/unisim_comp.v:35073]
INFO: [Synth 8-6157] synthesizing module 'IDDR' [F:/Software/Xilinx/Vivado/2020.2/scripts/rt/data/unisim_comp.v:34938]
	Parameter DDR_CLK_EDGE bound to: SAME_EDGE_PIPELINED - type: string 
	Parameter INIT_Q1 bound to: 1'b0 
	Parameter INIT_Q2 bound to: 1'b0 
	Parameter IS_C_INVERTED bound to: 1'b0 
	Parameter IS_D_INVERTED bound to: 1'b0 
	Parameter SRTYPE bound to: SYNC - type: string 
INFO: [Synth 8-6155] done synthesizing module 'IDDR' (3#1) [F:/Software/Xilinx/Vivado/2020.2/scripts/rt/data/unisim_comp.v:34938]
INFO: [Synth 8-6157] synthesizing module 'BUFG' [F:/Software/Xilinx/Vivado/2020.2/scripts/rt/data/unisim_comp.v:1083]
INFO: [Synth 8-6155] done synthesizing module 'BUFG' (4#1) [F:/Software/Xilinx/Vivado/2020.2/scripts/rt/data/unisim_comp.v:1083]
INFO: [Synth 8-6157] synthesizing module 'BUFIO' [F:/Software/Xilinx/Vivado/2020.2/scripts/rt/data/unisim_comp.v:1344]
INFO: [Synth 8-6155] done synthesizing module 'BUFIO' (5#1) [F:/Software/Xilinx/Vivado/2020.2/scripts/rt/data/unisim_comp.v:1344]
WARNING: [Synth 8-4446] all outputs are unconnected for this instance and logic may be removed [D:/Project/FPGA/temporary/cc/41_eth_udp_loop/rtl/gmii_to_rgmii/rgmii_rx.v:69]
INFO: [Synth 8-6157] synthesizing module 'IDELAYCTRL' [F:/Software/Xilinx/Vivado/2020.2/scripts/rt/data/unisim_comp.v:35060]
	Parameter SIM_DEVICE bound to: 7SERIES - type: string 
INFO: [Synth 8-6155] done synthesizing module 'IDELAYCTRL' (6#1) [F:/Software/Xilinx/Vivado/2020.2/scripts/rt/data/unisim_comp.v:35060]
INFO: [Synth 8-6155] done synthesizing module 'rgmii_rx' (7#1) [D:/Project/FPGA/temporary/cc/41_eth_udp_loop/rtl/gmii_to_rgmii/rgmii_rx.v:23]
INFO: [Synth 8-6157] synthesizing module 'rgmii_tx' [D:/Project/FPGA/temporary/cc/41_eth_udp_loop/rtl/gmii_to_rgmii/rgmii_tx.v:23]
INFO: [Synth 8-6157] synthesizing module 'ODDR' [F:/Software/Xilinx/Vivado/2020.2/scripts/rt/data/unisim_comp.v:49791]
	Parameter DDR_CLK_EDGE bound to: SAME_EDGE - type: string 
	Parameter INIT bound to: 1'b0 
	Parameter IS_C_INVERTED bound to: 1'b0 
	Parameter IS_D1_INVERTED bound to: 1'b0 
	Parameter IS_D2_INVERTED bound to: 1'b0 
	Parameter SRTYPE bound to: SYNC - type: string 
INFO: [Synth 8-6155] done synthesizing module 'ODDR' (8#1) [F:/Software/Xilinx/Vivado/2020.2/scripts/rt/data/unisim_comp.v:49791]
INFO: [Synth 8-6155] done synthesizing module 'rgmii_tx' (9#1) [D:/Project/FPGA/temporary/cc/41_eth_udp_loop/rtl/gmii_to_rgmii/rgmii_tx.v:23]
INFO: [Synth 8-6155] done synthesizing module 'gmii_to_rgmii' (10#1) [D:/Project/FPGA/temporary/cc/41_eth_udp_loop/rtl/gmii_to_rgmii/gmii_to_rgmii.v:23]
INFO: [Synth 8-6157] synthesizing module 'arp' [D:/Project/FPGA/temporary/cc/41_eth_udp_loop/rtl/arp/arp.v:23]
	Parameter BOARD_MAC bound to: 48'b000000000001000100100010001100110100010001010101 
	Parameter BOARD_IP bound to: -1062731510 - type: integer 
	Parameter DES_MAC bound to: 48'b111111111111111111111111111111111111111111111111 
	Parameter DES_IP bound to: -1062731418 - type: integer 
INFO: [Synth 8-6157] synthesizing module 'arp_rx' [D:/Project/FPGA/temporary/cc/41_eth_udp_loop/rtl/arp/arp_rx.v:23]
	Parameter BOARD_MAC bound to: 48'b000000000001000100100010001100110100010001010101 
	Parameter BOARD_IP bound to: -1062731510 - type: integer 
	Parameter st_idle bound to: 5'b00001 
	Parameter st_preamble bound to: 5'b00010 
	Parameter st_eth_head bound to: 5'b00100 
	Parameter st_arp_data bound to: 5'b01000 
	Parameter st_rx_end bound to: 5'b10000 
	Parameter ETH_TPYE bound to: 16'b0000100000000110 
INFO: [Synth 8-6155] done synthesizing module 'arp_rx' (11#1) [D:/Project/FPGA/temporary/cc/41_eth_udp_loop/rtl/arp/arp_rx.v:23]
INFO: [Synth 8-6157] synthesizing module 'arp_tx' [D:/Project/FPGA/temporary/cc/41_eth_udp_loop/rtl/arp/arp_tx.v:23]
	Parameter BOARD_MAC bound to: 48'b000000000001000100100010001100110100010001010101 
	Parameter BOARD_IP bound to: -1062731510 - type: integer 
	Parameter DES_MAC bound to: 48'b111111111111111111111111111111111111111111111111 
	Parameter DES_IP bound to: -1062731418 - type: integer 
	Parameter st_idle bound to: 5'b00001 
	Parameter st_preamble bound to: 5'b00010 
	Parameter st_eth_head bound to: 5'b00100 
	Parameter st_arp_data bound to: 5'b01000 
	Parameter st_crc bound to: 5'b10000 
	Parameter ETH_TYPE bound to: 16'b0000100000000110 
	Parameter HD_TYPE bound to: 16'b0000000000000001 
	Parameter PROTOCOL_TYPE bound to: 16'b0000100000000000 
	Parameter MIN_DATA_NUM bound to: 16'b0000000000101110 
INFO: [Synth 8-6155] done synthesizing module 'arp_tx' (12#1) [D:/Project/FPGA/temporary/cc/41_eth_udp_loop/rtl/arp/arp_tx.v:23]
INFO: [Synth 8-6157] synthesizing module 'crc32_d8' [D:/Project/FPGA/temporary/cc/41_eth_udp_loop/rtl/arp/crc32_d8.v:22]
INFO: [Synth 8-6155] done synthesizing module 'crc32_d8' (13#1) [D:/Project/FPGA/temporary/cc/41_eth_udp_loop/rtl/arp/crc32_d8.v:22]
INFO: [Synth 8-6155] done synthesizing module 'arp' (14#1) [D:/Project/FPGA/temporary/cc/41_eth_udp_loop/rtl/arp/arp.v:23]
INFO: [Synth 8-6157] synthesizing module 'icmp' [D:/Project/FPGA/temporary/cc/41_eth_udp_loop/rtl/icmp/icmp.v:23]
	Parameter BOARD_MAC bound to: 48'b000000000001000100100010001100110100010001010101 
	Parameter BOARD_IP bound to: -1062731510 - type: integer 
	Parameter DES_MAC bound to: 48'b111111111111111111111111111111111111111111111111 
	Parameter DES_IP bound to: -1062731418 - type: integer 
INFO: [Synth 8-6157] synthesizing module 'icmp_rx' [D:/Project/FPGA/temporary/cc/41_eth_udp_loop/rtl/icmp/icmp_rx.v:23]
	Parameter BOARD_MAC bound to: 48'b000000000001000100100010001100110100010001010101 
	Parameter BOARD_IP bound to: -1062731510 - type: integer 
	Parameter st_idle bound to: 7'b0000001 
	Parameter st_preamble bound to: 7'b0000010 
	Parameter st_eth_head bound to: 7'b0000100 
	Parameter st_ip_head bound to: 7'b0001000 
	Parameter st_icmp_head bound to: 7'b0010000 
	Parameter st_rx_data bound to: 7'b0100000 
	Parameter st_rx_end bound to: 7'b1000000 
	Parameter ETH_TYPE bound to: 16'b0000100000000000 
	Parameter ICMP_TYPE bound to: 8'b00000001 
	Parameter ECHO_REQUEST bound to: 8'b00001000 
INFO: [Synth 8-6155] done synthesizing module 'icmp_rx' (15#1) [D:/Project/FPGA/temporary/cc/41_eth_udp_loop/rtl/icmp/icmp_rx.v:23]
INFO: [Synth 8-6157] synthesizing module 'icmp_tx' [D:/Project/FPGA/temporary/cc/41_eth_udp_loop/rtl/icmp/icmp_tx.v:23]
	Parameter BOARD_MAC bound to: 48'b000000000001000100100010001100110100010001010101 
	Parameter BOARD_IP bound to: -1062731510 - type: integer 
	Parameter DES_MAC bound to: 48'b111111111111111111111111111111111111111111111111 
	Parameter DES_IP bound to: -1062731418 - type: integer 
	Parameter st_idle bound to: 8'b00000001 
	Parameter st_check_sum bound to: 8'b00000010 
	Parameter st_check_icmp bound to: 8'b00000100 
	Parameter st_preamble bound to: 8'b00001000 
	Parameter st_eth_head bound to: 8'b00010000 
	Parameter st_ip_head bound to: 8'b00100000 
	Parameter st_tx_data bound to: 8'b01000000 
	Parameter st_crc bound to: 8'b10000000 
	Parameter ETH_TYPE bound to: 16'b0000100000000000 
	Parameter MIN_DATA_NUM bound to: 16'b0000000000010010 
	Parameter ECHO_REPLY bound to: 8'b00000000 
INFO: [Synth 8-6155] done synthesizing module 'icmp_tx' (16#1) [D:/Project/FPGA/temporary/cc/41_eth_udp_loop/rtl/icmp/icmp_tx.v:23]
INFO: [Synth 8-6155] done synthesizing module 'icmp' (17#1) [D:/Project/FPGA/temporary/cc/41_eth_udp_loop/rtl/icmp/icmp.v:23]
INFO: [Synth 8-6157] synthesizing module 'udp' [D:/Project/FPGA/temporary/cc/41_eth_udp_loop/rtl/udp/udp.v:23]
	Parameter BOARD_MAC bound to: 48'b000000000001000100100010001100110100010001010101 
	Parameter BOARD_IP bound to: -1062731510 - type: integer 
	Parameter DES_MAC bound to: 48'b111111111111111111111111111111111111111111111111 
	Parameter DES_IP bound to: -1062731418 - type: integer 
INFO: [Synth 8-6157] synthesizing module 'udp_rx' [D:/Project/FPGA/temporary/cc/41_eth_udp_loop/rtl/udp/udp_rx.v:23]
	Parameter BOARD_MAC bound to: 48'b000000000001000100100010001100110100010001010101 
	Parameter BOARD_IP bound to: -1062731510 - type: integer 
	Parameter st_idle bound to: 7'b0000001 
	Parameter st_preamble bound to: 7'b0000010 
	Parameter st_eth_head bound to: 7'b0000100 
	Parameter st_ip_head bound to: 7'b0001000 
	Parameter st_udp_head bound to: 7'b0010000 
	Parameter st_rx_data bound to: 7'b0100000 
	Parameter st_rx_end bound to: 7'b1000000 
	Parameter ETH_TYPE bound to: 16'b0000100000000000 
	Parameter UDP_TYPE bound to: 8'b00010001 
INFO: [Synth 8-6155] done synthesizing module 'udp_rx' (18#1) [D:/Project/FPGA/temporary/cc/41_eth_udp_loop/rtl/udp/udp_rx.v:23]
INFO: [Synth 8-6157] synthesizing module 'udp_tx' [D:/Project/FPGA/temporary/cc/41_eth_udp_loop/rtl/udp/udp_tx.v:23]
	Parameter BOARD_MAC bound to: 48'b000000000001000100100010001100110100010001010101 
	Parameter BOARD_IP bound to: -1062731510 - type: integer 
	Parameter DES_MAC bound to: 48'b111111111111111111111111111111111111111111111111 
	Parameter DES_IP bound to: -1062731418 - type: integer 
	Parameter st_idle bound to: 7'b0000001 
	Parameter st_check_sum bound to: 7'b0000010 
	Parameter st_preamble bound to: 7'b0000100 
	Parameter st_eth_head bound to: 7'b0001000 
	Parameter st_ip_head bound to: 7'b0010000 
	Parameter st_tx_data bound to: 7'b0100000 
	Parameter st_crc bound to: 7'b1000000 
	Parameter ETH_TYPE bound to: 16'b0000100000000000 
	Parameter MIN_DATA_NUM bound to: 16'b0000000000010010 
INFO: [Synth 8-6155] done synthesizing module 'udp_tx' (19#1) [D:/Project/FPGA/temporary/cc/41_eth_udp_loop/rtl/udp/udp_tx.v:23]
INFO: [Synth 8-6155] done synthesizing module 'udp' (20#1) [D:/Project/FPGA/temporary/cc/41_eth_udp_loop/rtl/udp/udp.v:23]
INFO: [Synth 8-6157] synthesizing module 'async_fifo_2048x8b' [D:/Project/FPGA/temporary/cc/41_eth_udp_loop/prj/eth_udp_loop.runs/synth_1/.Xil/Vivado-26428-LEGION2020/realtime/async_fifo_2048x8b_stub.v:6]
INFO: [Synth 8-6155] done synthesizing module 'async_fifo_2048x8b' (21#1) [D:/Project/FPGA/temporary/cc/41_eth_udp_loop/prj/eth_udp_loop.runs/synth_1/.Xil/Vivado-26428-LEGION2020/realtime/async_fifo_2048x8b_stub.v:6]
INFO: [Synth 8-6157] synthesizing module 'eth_ctrl' [D:/Project/FPGA/temporary/cc/41_eth_udp_loop/rtl/eth_ctrl.v:23]
INFO: [Synth 8-6155] done synthesizing module 'eth_ctrl' (22#1) [D:/Project/FPGA/temporary/cc/41_eth_udp_loop/rtl/eth_ctrl.v:23]
INFO: [Synth 8-6157] synthesizing module 'AD_convert' [D:/Project/FPGA/temporary/cc/41_eth_udp_loop/rtl/ad/AD_convert.v:2]
INFO: [Synth 8-6155] done synthesizing module 'AD_convert' (23#1) [D:/Project/FPGA/temporary/cc/41_eth_udp_loop/rtl/ad/AD_convert.v:2]
INFO: [Synth 8-6157] synthesizing module 'AD9269' [D:/Project/FPGA/temporary/cc/41_eth_udp_loop/rtl/ad/AD9269.v:1]
INFO: [Synth 8-6157] synthesizing module 'AD9269_SPI' [D:/Project/FPGA/temporary/cc/41_eth_udp_loop/rtl/ad/AD9269_SPI.v:1]
	Parameter delay_10ms bound to: 499999 - type: integer 
	Parameter sclk_cnt bound to: 47 - type: integer 
	Parameter Modes bound to: 8'b00001000 
	Parameter Clock bound to: 8'b00001001 
	Parameter Clock_divider bound to: 8'b00001011 
	Parameter Test_mode bound to: 8'b00001101 
	Parameter Offset_adjust bound to: 8'b00010000 
	Parameter Output_mode bound to: 8'b00010100 
	Parameter OUTPUT_ADJUST bound to: 8'b00010101 
	Parameter OUTPUT_PHASE bound to: 8'b00010110 
	Parameter OUTPUT_DELAY bound to: 8'b00010111 
	Parameter Features bound to: 8'b00101010 
	Parameter Output_assign bound to: 8'b00101110 
	Parameter Transfer bound to: 8'b11111111 
	Parameter Sync_control bound to: 9'b100000000 
	Parameter USR2 bound to: 9'b100000001 
	Parameter QEC_Control_0 bound to: 9'b100010000 
	Parameter QEC_Control_1 bound to: 9'b100010001 
	Parameter QEC_gain bound to: 9'b100010010 
	Parameter QEC_phase bound to: 9'b100010011 
	Parameter QEC_DC bound to: 9'b100010100 
	Parameter QEC_Initial_Gain0 bound to: 9'b100010110 
	Parameter QEC_Initial_Gain1 bound to: 9'b100010111 
	Parameter QEC_Initial_phase0 bound to: 9'b100011000 
	Parameter QEC_Initial_phase1 bound to: 9'b100011001 
	Parameter QEC_Initial_DC_I_0 bound to: 9'b100011010 
	Parameter QEC_Initial_DC_I_1 bound to: 9'b100011011 
	Parameter QEC_Initial_DC_Q_0 bound to: 9'b100011100 
	Parameter QEC_Initial_DC_Q_1 bound to: 9'b100011101 
	Parameter clock_cycle0 bound to: 3'b000 
	Parameter clock_cycle1 bound to: 3'b001 
	Parameter clock_cycle2 bound to: 3'b010 
	Parameter clock_cycle3 bound to: 3'b011 
	Parameter clock_cycle4 bound to: 3'b100 
	Parameter clock_cycle5 bound to: 3'b101 
	Parameter clock_cycle6 bound to: 3'b110 
	Parameter clock_cycle7 bound to: 3'b111 
	Parameter READ bound to: 1'b1 
	Parameter WRITE bound to: 1'b0 
INFO: [Synth 8-226] default block is never used [D:/Project/FPGA/temporary/cc/41_eth_udp_loop/rtl/ad/AD9269_SPI.v:96]
INFO: [Synth 8-6155] done synthesizing module 'AD9269_SPI' (24#1) [D:/Project/FPGA/temporary/cc/41_eth_udp_loop/rtl/ad/AD9269_SPI.v:1]
INFO: [Synth 8-6155] done synthesizing module 'AD9269' (25#1) [D:/Project/FPGA/temporary/cc/41_eth_udp_loop/rtl/ad/AD9269.v:1]
INFO: [Synth 8-6155] done synthesizing module 'eth_udp_loop' (26#1) [D:/Project/FPGA/temporary/cc/41_eth_udp_loop/rtl/eth_udp_loop.v:23]
---------------------------------------------------------------------------------
Finished RTL Elaboration : Time (s): cpu = 00:00:01 ; elapsed = 00:00:08 . Memory (MB): peak = 1226.730 ; gain = 88.016
---------------------------------------------------------------------------------
---------------------------------------------------------------------------------
Start Handling Custom Attributes
---------------------------------------------------------------------------------
---------------------------------------------------------------------------------
Finished Handling Custom Attributes : Time (s): cpu = 00:00:01 ; elapsed = 00:00:08 . Memory (MB): peak = 1226.730 ; gain = 88.016
---------------------------------------------------------------------------------
---------------------------------------------------------------------------------
Finished RTL Optimization Phase 1 : Time (s): cpu = 00:00:01 ; elapsed = 00:00:08 . Memory (MB): peak = 1226.730 ; gain = 88.016
---------------------------------------------------------------------------------
Netlist sorting complete. Time (s): cpu = 00:00:00 ; elapsed = 00:00:00.102 . Memory (MB): peak = 1226.730 ; gain = 0.000
INFO: [Netlist 29-17] Analyzing 15 Unisim elements for replacement
INFO: [Netlist 29-28] Unisim Transformation completed in 0 CPU seconds
INFO: [Project 1-570] Preparing netlist for logic optimization

Processing XDC Constraints
Initializing timing engine
Parsing XDC File [d:/Project/FPGA/temporary/cc/41_eth_udp_loop/prj/eth_udp_loop.gen/sources_1/ip/async_fifo_2048x8b/async_fifo_2048x8b/sync_fifo_2048x8b_in_context.xdc] for cell 'u_async_fifo_2048x8b'
Finished Parsing XDC File [d:/Project/FPGA/temporary/cc/41_eth_udp_loop/prj/eth_udp_loop.gen/sources_1/ip/async_fifo_2048x8b/async_fifo_2048x8b/sync_fifo_2048x8b_in_context.xdc] for cell 'u_async_fifo_2048x8b'
Parsing XDC File [d:/Project/FPGA/temporary/cc/41_eth_udp_loop/prj/eth_udp_loop.gen/sources_1/ip/clk_wiz_0/clk_wiz_0/clk_wiz_0_in_context.xdc] for cell 'u_clk_wiz_0'
Finished Parsing XDC File [d:/Project/FPGA/temporary/cc/41_eth_udp_loop/prj/eth_udp_loop.gen/sources_1/ip/clk_wiz_0/clk_wiz_0/clk_wiz_0_in_context.xdc] for cell 'u_clk_wiz_0'
Parsing XDC File [D:/Project/FPGA/temporary/cc/41_eth_udp_loop/prj/eth_udp_loop.srcs/constrs_1/eth_udp_loop.xdc]
WARNING: [Constraints 18-619] A clock with name 'sys_clk' already exists, overwriting the previous clock with the same name. [D:/Project/FPGA/temporary/cc/41_eth_udp_loop/prj/eth_udp_loop.srcs/constrs_1/eth_udp_loop.xdc:17]
Finished Parsing XDC File [D:/Project/FPGA/temporary/cc/41_eth_udp_loop/prj/eth_udp_loop.srcs/constrs_1/eth_udp_loop.xdc]
INFO: [Project 1-236] Implementation specific constraints were found while reading constraint file [D:/Project/FPGA/temporary/cc/41_eth_udp_loop/prj/eth_udp_loop.srcs/constrs_1/eth_udp_loop.xdc]. These constraints will be ignored for synthesis but will be used in implementation. Impacted constraints are listed in the file [.Xil/eth_udp_loop_propImpl.xdc].
Resolution: To avoid this warning, move constraints listed in [.Xil/eth_udp_loop_propImpl.xdc] to another XDC file and exclude this new file from synthesis with the used_in_synthesis property (File Properties dialog in GUI) and re-run elaboration/synthesis.
Parsing XDC File [D:/Project/FPGA/temporary/cc/41_eth_udp_loop/prj/eth_udp_loop.runs/synth_1/dont_touch.xdc]
Finished Parsing XDC File [D:/Project/FPGA/temporary/cc/41_eth_udp_loop/prj/eth_udp_loop.runs/synth_1/dont_touch.xdc]
Completed Processing XDC Constraints

Netlist sorting complete. Time (s): cpu = 00:00:00 ; elapsed = 00:00:00.003 . Memory (MB): peak = 1356.168 ; gain = 0.000
INFO: [Project 1-111] Unisim Transformation Summary:
No Unisim elements were transformed.

Constraint Validation Runtime : Time (s): cpu = 00:00:00 ; elapsed = 00:00:00.029 . Memory (MB): peak = 1356.168 ; gain = 0.000
WARNING: [Timing 38-316] Clock period '10.000' specified during out-of-context synthesis of instance 'u_async_fifo_2048x8b' at clock pin 'rd_clk' is different from the actual clock period '8.000', this can lead to different synthesis results.
---------------------------------------------------------------------------------
Finished Constraint Validation : Time (s): cpu = 00:00:02 ; elapsed = 00:00:17 . Memory (MB): peak = 1356.168 ; gain = 217.453
---------------------------------------------------------------------------------
---------------------------------------------------------------------------------
Start Loading Part and Timing Information
---------------------------------------------------------------------------------
Loading part: xc7z010clg400-1
---------------------------------------------------------------------------------
Finished Loading Part and Timing Information : Time (s): cpu = 00:00:02 ; elapsed = 00:00:17 . Memory (MB): peak = 1356.168 ; gain = 217.453
---------------------------------------------------------------------------------
---------------------------------------------------------------------------------
Start Applying 'set_property' XDC Constraints
---------------------------------------------------------------------------------
Applied set_property IO_BUFFER_TYPE = NONE for sys_clk. (constraint file  d:/Project/FPGA/temporary/cc/41_eth_udp_loop/prj/eth_udp_loop.gen/sources_1/ip/clk_wiz_0/clk_wiz_0/clk_wiz_0_in_context.xdc, line 4).
Applied set_property CLOCK_BUFFER_TYPE = NONE for sys_clk. (constraint file  d:/Project/FPGA/temporary/cc/41_eth_udp_loop/prj/eth_udp_loop.gen/sources_1/ip/clk_wiz_0/clk_wiz_0/clk_wiz_0_in_context.xdc, line 5).
Applied set_property KEEP_HIERARCHY = SOFT for u_async_fifo_2048x8b. (constraint file  auto generated constraint).
Applied set_property KEEP_HIERARCHY = SOFT for u_clk_wiz_0. (constraint file  auto generated constraint).
---------------------------------------------------------------------------------
Finished applying 'set_property' XDC Constraints : Time (s): cpu = 00:00:02 ; elapsed = 00:00:17 . Memory (MB): peak = 1356.168 ; gain = 217.453
---------------------------------------------------------------------------------
INFO: [Synth 8-802] inferred FSM for state register 'cur_state_reg' in module 'arp_rx'
INFO: [Synth 8-802] inferred FSM for state register 'cur_state_reg' in module 'arp_tx'
INFO: [Synth 8-802] inferred FSM for state register 'cur_state_reg' in module 'icmp_rx'
INFO: [Synth 8-802] inferred FSM for state register 'cur_state_reg' in module 'icmp_tx'
INFO: [Synth 8-802] inferred FSM for state register 'cur_state_reg' in module 'udp_rx'
INFO: [Synth 8-802] inferred FSM for state register 'cur_state_reg' in module 'udp_tx'
INFO: [Synth 8-802] inferred FSM for state register 'STATE_reg' in module 'AD9269_SPI'
---------------------------------------------------------------------------------------------------
                   State |                     New Encoding |                Previous Encoding 
---------------------------------------------------------------------------------------------------
*
                 st_idle |                            00001 |                            00001
             st_preamble |                            00010 |                            00010
             st_eth_head |                            00100 |                            00100
             st_arp_data |                            01000 |                            01000
               st_rx_end |                            10000 |                            10000
---------------------------------------------------------------------------------------------------
INFO: [Synth 8-3898] No Re-encoding of one hot register 'cur_state_reg' in module 'arp_rx'
---------------------------------------------------------------------------------------------------
                   State |                     New Encoding |                Previous Encoding 
---------------------------------------------------------------------------------------------------
*
                 st_idle |                            00001 |                            00001
             st_preamble |                            00010 |                            00010
             st_eth_head |                            00100 |                            00100
             st_arp_data |                            01000 |                            01000
                  st_crc |                            10000 |                            10000
---------------------------------------------------------------------------------------------------
INFO: [Synth 8-3898] No Re-encoding of one hot register 'cur_state_reg' in module 'arp_tx'
---------------------------------------------------------------------------------------------------
                   State |                     New Encoding |                Previous Encoding 
---------------------------------------------------------------------------------------------------
*
                 st_idle |                          0000001 |                          0000001
             st_preamble |                          0000010 |                          0000010
             st_eth_head |                          0000100 |                          0000100
              st_ip_head |                          0001000 |                          0001000
            st_icmp_head |                          0010000 |                          0010000
              st_rx_data |                          0100000 |                          0100000
               st_rx_end |                          1000000 |                          1000000
---------------------------------------------------------------------------------------------------
INFO: [Synth 8-3898] No Re-encoding of one hot register 'cur_state_reg' in module 'icmp_rx'
---------------------------------------------------------------------------------------------------
                   State |                     New Encoding |                Previous Encoding 
---------------------------------------------------------------------------------------------------
*
                 st_idle |                         00000001 |                         00000001
            st_check_sum |                         00000010 |                         00000010
           st_check_icmp |                         00000100 |                         00000100
             st_preamble |                         00001000 |                         00001000
             st_eth_head |                         00010000 |                         00010000
              st_ip_head |                         00100000 |                         00100000
              st_tx_data |                         01000000 |                         01000000
                  st_crc |                         10000000 |                         10000000
---------------------------------------------------------------------------------------------------
INFO: [Synth 8-3898] No Re-encoding of one hot register 'cur_state_reg' in module 'icmp_tx'
---------------------------------------------------------------------------------------------------
                   State |                     New Encoding |                Previous Encoding 
---------------------------------------------------------------------------------------------------
*
                 st_idle |                          0000001 |                          0000001
             st_preamble |                          0000010 |                          0000010
             st_eth_head |                          0000100 |                          0000100
              st_ip_head |                          0001000 |                          0001000
             st_udp_head |                          0010000 |                          0010000
              st_rx_data |                          0100000 |                          0100000
               st_rx_end |                          1000000 |                          1000000
---------------------------------------------------------------------------------------------------
INFO: [Synth 8-3898] No Re-encoding of one hot register 'cur_state_reg' in module 'udp_rx'
---------------------------------------------------------------------------------------------------
                   State |                     New Encoding |                Previous Encoding 
---------------------------------------------------------------------------------------------------
*
                 st_idle |                          0000001 |                          0000001
            st_check_sum |                          0000010 |                          0000010
             st_preamble |                          0000100 |                          0000100
             st_eth_head |                          0001000 |                          0001000
              st_ip_head |                          0010000 |                          0010000
              st_tx_data |                          0100000 |                          0100000
                  st_crc |                          1000000 |                          1000000
---------------------------------------------------------------------------------------------------
INFO: [Synth 8-3898] No Re-encoding of one hot register 'cur_state_reg' in module 'udp_tx'
---------------------------------------------------------------------------------------------------
                   State |                     New Encoding |                Previous Encoding 
---------------------------------------------------------------------------------------------------
                 iSTATE2 |                              000 |                              000
                 iSTATE5 |                              001 |                              001
                  iSTATE |                              010 |                              010
                 iSTATE3 |                              011 |                              011
                 iSTATE4 |                              100 |                              100
                 iSTATE0 |                              101 |                              101
                 iSTATE1 |                              110 |                              110
                 iSTATE6 |                              111 |                              111
---------------------------------------------------------------------------------------------------
INFO: [Synth 8-3354] encoded FSM with state register 'STATE_reg' using encoding 'sequential' in module 'AD9269_SPI'
---------------------------------------------------------------------------------
Finished RTL Optimization Phase 2 : Time (s): cpu = 00:00:03 ; elapsed = 00:00:19 . Memory (MB): peak = 1356.168 ; gain = 217.453
---------------------------------------------------------------------------------
---------------------------------------------------------------------------------
Start RTL Component Statistics 
---------------------------------------------------------------------------------
Detailed RTL Component Info : 
+---Adders : 
	   2 Input   32 Bit       Adders := 3     
	   4 Input   32 Bit       Adders := 1     
	  10 Input   20 Bit       Adders := 2     
	   3 Input   17 Bit       Adders := 2     
	   2 Input   17 Bit       Adders := 3     
	   2 Input   16 Bit       Adders := 17    
	   2 Input    6 Bit       Adders := 2     
	   2 Input    5 Bit       Adders := 8     
	   2 Input    2 Bit       Adders := 3     
+---XORs : 
	   2 Input      1 Bit         XORs := 24    
	   3 Input      1 Bit         XORs := 18    
	   6 Input      1 Bit         XORs := 21    
	   8 Input      1 Bit         XORs := 3     
	   5 Input      1 Bit         XORs := 12    
	   7 Input      1 Bit         XORs := 21    
	  10 Input      1 Bit         XORs := 6     
	   9 Input      1 Bit         XORs := 9     
	  12 Input      1 Bit         XORs := 3     
	   4 Input      1 Bit         XORs := 3     
+---Registers : 
	               48 Bit    Registers := 5     
	               32 Bit    Registers := 27    
	               24 Bit    Registers := 1     
	               16 Bit    Registers := 19    
	                8 Bit    Registers := 98    
	                6 Bit    Registers := 2     
	                5 Bit    Registers := 8     
	                2 Bit    Registers := 4     
	                1 Bit    Registers := 53    
+---Muxes : 
	   5 Input   48 Bit        Muxes := 1     
	   2 Input   48 Bit        Muxes := 1     
	   2 Input   32 Bit        Muxes := 14    
	   7 Input   32 Bit        Muxes := 4     
	   8 Input   32 Bit        Muxes := 5     
	   2 Input   25 Bit        Muxes := 2     
	   2 Input   24 Bit        Muxes := 4     
	   5 Input   16 Bit        Muxes := 2     
	   2 Input   16 Bit        Muxes := 23    
	   3 Input   16 Bit        Muxes := 2     
	   7 Input   16 Bit        Muxes := 6     
	   6 Input   16 Bit        Muxes := 1     
	   8 Input   16 Bit        Muxes := 1     
	   4 Input   16 Bit        Muxes := 3     
	   2 Input    8 Bit        Muxes := 19    
	   4 Input    8 Bit        Muxes := 6     
	   5 Input    8 Bit        Muxes := 1     
	   9 Input    8 Bit        Muxes := 2     
	   8 Input    8 Bit        Muxes := 1     
	   7 Input    8 Bit        Muxes := 1     
	   3 Input    7 Bit        Muxes := 7     
	   2 Input    7 Bit        Muxes := 28    
	   8 Input    7 Bit        Muxes := 6     
	   2 Input    6 Bit        Muxes := 11    
	   4 Input    6 Bit        Muxes := 1     
	   5 Input    6 Bit        Muxes := 1     
	   8 Input    6 Bit        Muxes := 1     
	   2 Input    5 Bit        Muxes := 57    
	   4 Input    5 Bit        Muxes := 4     
	   5 Input    5 Bit        Muxes := 1     
	   3 Input    5 Bit        Muxes := 3     
	   6 Input    5 Bit        Muxes := 4     
	   8 Input    5 Bit        Muxes := 2     
	   7 Input    5 Bit        Muxes := 3     
	   2 Input    4 Bit        Muxes := 6     
	   2 Input    3 Bit        Muxes := 9     
	   8 Input    3 Bit        Muxes := 1     
	   2 Input    2 Bit        Muxes := 20    
	   8 Input    2 Bit        Muxes := 2     
	   7 Input    2 Bit        Muxes := 1     
	   3 Input    2 Bit        Muxes := 1     
	   5 Input    1 Bit        Muxes := 21    
	   2 Input    1 Bit        Muxes := 91    
	   4 Input    1 Bit        Muxes := 21    
	   7 Input    1 Bit        Muxes := 40    
	   8 Input    1 Bit        Muxes := 21    
	   6 Input    1 Bit        Muxes := 2     
	  10 Input    1 Bit        Muxes := 2     
	   3 Input    1 Bit        Muxes := 2     
---------------------------------------------------------------------------------
Finished RTL Component Statistics 
---------------------------------------------------------------------------------
---------------------------------------------------------------------------------
Start Part Resource Summary
---------------------------------------------------------------------------------
Part Resources:
DSPs: 80 (col length:40)
BRAMs: 120 (col length: RAMB18 40 RAMB36 20)
---------------------------------------------------------------------------------
Finished Part Resource Summary
---------------------------------------------------------------------------------
---------------------------------------------------------------------------------
Start Cross Boundary and Area Optimization
---------------------------------------------------------------------------------
---------------------------------------------------------------------------------
Finished Cross Boundary and Area Optimization : Time (s): cpu = 00:00:08 ; elapsed = 00:00:41 . Memory (MB): peak = 1356.168 ; gain = 217.453
---------------------------------------------------------------------------------
---------------------------------------------------------------------------------
Start Applying XDC Timing Constraints
---------------------------------------------------------------------------------
WARNING: [Synth 8-565] redefining clock 'sys_clk'
---------------------------------------------------------------------------------
Finished Applying XDC Timing Constraints : Time (s): cpu = 00:00:09 ; elapsed = 00:00:48 . Memory (MB): peak = 1356.168 ; gain = 217.453
---------------------------------------------------------------------------------
---------------------------------------------------------------------------------
Start Timing Optimization
---------------------------------------------------------------------------------
---------------------------------------------------------------------------------
Finished Timing Optimization : Time (s): cpu = 00:00:10 ; elapsed = 00:00:53 . Memory (MB): peak = 1390.277 ; gain = 251.562
---------------------------------------------------------------------------------
---------------------------------------------------------------------------------
Start Technology Mapping
---------------------------------------------------------------------------------
---------------------------------------------------------------------------------
Finished Technology Mapping : Time (s): cpu = 00:00:10 ; elapsed = 00:00:55 . Memory (MB): peak = 1403.035 ; gain = 264.320
---------------------------------------------------------------------------------
---------------------------------------------------------------------------------
Start IO Insertion
---------------------------------------------------------------------------------
---------------------------------------------------------------------------------
Start Flattening Before IO Insertion
---------------------------------------------------------------------------------
---------------------------------------------------------------------------------
Finished Flattening Before IO Insertion
---------------------------------------------------------------------------------
---------------------------------------------------------------------------------
Start Final Netlist Cleanup
---------------------------------------------------------------------------------
---------------------------------------------------------------------------------
Finished Final Netlist Cleanup
---------------------------------------------------------------------------------
---------------------------------------------------------------------------------
Finished IO Insertion : Time (s): cpu = 00:00:11 ; elapsed = 00:01:00 . Memory (MB): peak = 1417.836 ; gain = 279.121
---------------------------------------------------------------------------------
---------------------------------------------------------------------------------
Start Renaming Generated Instances
---------------------------------------------------------------------------------
---------------------------------------------------------------------------------
Finished Renaming Generated Instances : Time (s): cpu = 00:00:11 ; elapsed = 00:01:00 . Memory (MB): peak = 1417.836 ; gain = 279.121
---------------------------------------------------------------------------------
---------------------------------------------------------------------------------
Start Rebuilding User Hierarchy
---------------------------------------------------------------------------------
---------------------------------------------------------------------------------
Finished Rebuilding User Hierarchy : Time (s): cpu = 00:00:11 ; elapsed = 00:01:00 . Memory (MB): peak = 1417.836 ; gain = 279.121
---------------------------------------------------------------------------------
---------------------------------------------------------------------------------
Start Renaming Generated Ports
---------------------------------------------------------------------------------
---------------------------------------------------------------------------------
Finished Renaming Generated Ports : Time (s): cpu = 00:00:11 ; elapsed = 00:01:00 . Memory (MB): peak = 1417.836 ; gain = 279.121
---------------------------------------------------------------------------------
---------------------------------------------------------------------------------
Start Handling Custom Attributes
---------------------------------------------------------------------------------
---------------------------------------------------------------------------------
Finished Handling Custom Attributes : Time (s): cpu = 00:00:11 ; elapsed = 00:01:00 . Memory (MB): peak = 1417.836 ; gain = 279.121
---------------------------------------------------------------------------------
---------------------------------------------------------------------------------
Start Renaming Generated Nets
---------------------------------------------------------------------------------
---------------------------------------------------------------------------------
Finished Renaming Generated Nets : Time (s): cpu = 00:00:11 ; elapsed = 00:01:01 . Memory (MB): peak = 1417.836 ; gain = 279.121
---------------------------------------------------------------------------------
---------------------------------------------------------------------------------
Start ROM, RAM, DSP, Shift Register and Retiming Reporting
---------------------------------------------------------------------------------

Static Shift Register Report:
+-------------+-----------------------------------------+--------+-------+--------------+--------------------+-------------------+--------+---------+
|Module Name  | RTL Name                                | Length | Width | Reset Signal | Pull out first Reg | Pull out last Reg | SRL16E | SRLC32E | 
+-------------+-----------------------------------------+--------+-------+--------------+--------------------+-------------------+--------+---------+
|eth_udp_loop | u_ad9269/U_AD9269_SPI/SEND_DATA_reg[23] | 8      | 1     | YES          | NO                 | YES               | 1      | 0       | 
|eth_udp_loop | u_ad9269/U_AD9269_SPI/SEND_DATA_reg[4]  | 4      | 1     | YES          | NO                 | YES               | 1      | 0       | 
+-------------+-----------------------------------------+--------+-------+--------------+--------------------+-------------------+--------+---------+

---------------------------------------------------------------------------------
Finished ROM, RAM, DSP, Shift Register and Retiming Reporting
---------------------------------------------------------------------------------
---------------------------------------------------------------------------------
Start Writing Synthesis Report
---------------------------------------------------------------------------------

Report BlackBoxes: 
+------+-------------------+----------+
|      |BlackBox name      |Instances |
+------+-------------------+----------+
|1     |clk_wiz_0          |         1|
|2     |async_fifo_2048x8b |         1|
+------+-------------------+----------+

Report Cell Usage: 
+------+-------------------+------+
|      |Cell               |Count |
+------+-------------------+------+
|1     |async_fifo_2048x8b |     1|
|2     |clk_wiz            |     1|
|3     |BUFG               |     3|
|4     |BUFIO              |     1|
|5     |CARRY4             |   201|
|6     |IDDR               |     5|
|7     |IDELAYCTRL         |     1|
|8     |IDELAYE2           |     5|
|9     |LUT1               |   177|
|10    |LUT2               |   415|
|11    |LUT3               |   218|
|12    |LUT4               |   318|
|13    |LUT5               |   407|
|14    |LUT6               |   750|
|15    |ODDR               |     5|
|16    |SRL16E             |     2|
|17    |FDCE               |  1149|
|18    |FDPE               |   269|
|19    |FDRE               |   192|
|20    |FDSE               |    20|
|21    |LDC                |     4|
|22    |IBUF               |    24|
|23    |OBUF               |    12|
+------+-------------------+------+
---------------------------------------------------------------------------------
Finished Writing Synthesis Report : Time (s): cpu = 00:00:11 ; elapsed = 00:01:01 . Memory (MB): peak = 1417.836 ; gain = 279.121
---------------------------------------------------------------------------------
Synthesis finished with 0 errors, 0 critical warnings and 1 warnings.
Synthesis Optimization Runtime : Time (s): cpu = 00:00:09 ; elapsed = 00:00:57 . Memory (MB): peak = 1417.836 ; gain = 149.684
Synthesis Optimization Complete : Time (s): cpu = 00:00:11 ; elapsed = 00:01:01 . Memory (MB): peak = 1417.836 ; gain = 279.121
INFO: [Project 1-571] Translating synthesized netlist
Netlist sorting complete. Time (s): cpu = 00:00:00 ; elapsed = 00:00:00.057 . Memory (MB): peak = 1424.387 ; gain = 0.000
INFO: [Netlist 29-17] Analyzing 220 Unisim elements for replacement
INFO: [Netlist 29-28] Unisim Transformation completed in 0 CPU seconds
INFO: [Project 1-570] Preparing netlist for logic optimization
INFO: [Opt 31-140] Inserted 1 IBUFs to IO ports without IO buffers.
INFO: [Opt 31-138] Pushed 1 inverter(s) to 2 load pin(s).
Netlist sorting complete. Time (s): cpu = 00:00:00 ; elapsed = 00:00:00.001 . Memory (MB): peak = 1424.398 ; gain = 0.000
INFO: [Project 1-111] Unisim Transformation Summary:
  A total of 4 instances were transformed.
  LDC => LDCE: 4 instances

INFO: [Common 17-83] Releasing license: Synthesis
85 Infos, 4 Warnings, 0 Critical Warnings and 0 Errors encountered.
synth_design completed successfully
synth_design: Time (s): cpu = 00:00:13 ; elapsed = 00:01:10 . Memory (MB): peak = 1424.398 ; gain = 285.684
INFO: [Common 17-1381] The checkpoint 'D:/Project/FPGA/temporary/cc/41_eth_udp_loop/prj/eth_udp_loop.runs/synth_1/eth_udp_loop.dcp' has been generated.
INFO: [runtcl-4] Executing : report_utilization -file eth_udp_loop_utilization_synth.rpt -pb eth_udp_loop_utilization_synth.pb
INFO: [Common 17-206] Exiting Vivado at Mon Nov 11 21:52:18 2024...
