Copyright 1986-2020 Xilinx, Inc. All Rights Reserved.
--------------------------------------------------------------------------------------------------------------------------------------------------------------------------
| Tool Version : Vivado v.2020.2 (win64) Build 3064766 Wed Nov 18 09:12:45 MST 2020
| Date         : Thu Nov  7 11:06:50 2024
| Host         : LEGION2020 running 64-bit major release  (build 9200)
| Command      : report_methodology -file eth_udp_loop_methodology_drc_routed.rpt -pb eth_udp_loop_methodology_drc_routed.pb -rpx eth_udp_loop_methodology_drc_routed.rpx
| Design       : eth_udp_loop
| Device       : xc7z010clg400-1
| Speed File   : -1
| Design State : Fully Routed
--------------------------------------------------------------------------------------------------------------------------------------------------------------------------

Report Methodology

Table of Contents
-----------------
1. REPORT SUMMARY
2. REPORT DETAILS

1. REPORT SUMMARY
-----------------
            Netlist: netlist
          Floorplan: design_1
      Design limits: <entire design considered>
             Max violations: <unlimited>
             Violations found: 15
+-----------+------------------+--------------------------------------------------------+------------+
| Rule      | Severity         | Description                                            | Violations |
+-----------+------------------+--------------------------------------------------------+------------+
| TIMING-6  | Critical Warning | No common primary clock between related clocks         | 1          |
| TIMING-7  | Critical Warning | No common node between related clocks                  | 1          |
| TIMING-18 | Warning          | Missing input or output delay                          | 11         |
| XDCC-1    | Warning          | Scoped Clock constraint overwritten with the same name | 1          |
| XDCC-7    | Warning          | Scoped Clock constraint overwritten on the same source | 1          |
+-----------+------------------+--------------------------------------------------------+------------+

2. REPORT DETAILS
-----------------
TIMING-6#1 Critical Warning
No common primary clock between related clocks  
The clocks clk_out2_clk_wiz_0 and eth_rxc are related (timed together) but they have no common primary clock. The design could fail in hardware. To find a timing path between these clocks, run the following command: report_timing -from [get_clocks clk_out2_clk_wiz_0] -to [get_clocks eth_rxc]
Related violations: <none>

TIMING-7#1 Critical Warning
No common node between related clocks  
The clocks clk_out2_clk_wiz_0 and eth_rxc are related (timed together) but they have no common node. The design could fail in hardware. To find a timing path between these clocks, run the following command: report_timing -from [get_clocks clk_out2_clk_wiz_0] -to [get_clocks eth_rxc]
Related violations: <none>

TIMING-18#1 Warning
Missing input or output delay  
An input delay is missing on eth_rx_ctl relative to clock(s) eth_rxc
Related violations: <none>

TIMING-18#2 Warning
Missing input or output delay  
An input delay is missing on eth_rxd[0] relative to clock(s) eth_rxc
Related violations: <none>

TIMING-18#3 Warning
Missing input or output delay  
An input delay is missing on eth_rxd[1] relative to clock(s) eth_rxc
Related violations: <none>

TIMING-18#4 Warning
Missing input or output delay  
An input delay is missing on eth_rxd[2] relative to clock(s) eth_rxc
Related violations: <none>

TIMING-18#5 Warning
Missing input or output delay  
An input delay is missing on eth_rxd[3] relative to clock(s) eth_rxc
Related violations: <none>

TIMING-18#6 Warning
Missing input or output delay  
An input delay is missing on sys_rst_n relative to clock(s) eth_rxc
Related violations: <none>

TIMING-18#7 Warning
Missing input or output delay  
An output delay is missing on eth_tx_ctl relative to clock(s) eth_rxc
Related violations: <none>

TIMING-18#8 Warning
Missing input or output delay  
An output delay is missing on eth_txd[0] relative to clock(s) eth_rxc
Related violations: <none>

TIMING-18#9 Warning
Missing input or output delay  
An output delay is missing on eth_txd[1] relative to clock(s) eth_rxc
Related violations: <none>

TIMING-18#10 Warning
Missing input or output delay  
An output delay is missing on eth_txd[2] relative to clock(s) eth_rxc
Related violations: <none>

TIMING-18#11 Warning
Missing input or output delay  
An output delay is missing on eth_txd[3] relative to clock(s) eth_rxc
Related violations: <none>

XDCC-1#1 Warning
Scoped Clock constraint overwritten with the same name  
A new clock constraint create_clock overrides a previous scoped clock constraint with the same name. It is not recommended to override a scoped (typically an IP) clock constraint and could result in unexpected behaviors.
New: create_clock -period 20.000 -name sys_clk [get_ports sys_clk] (Source: D:/Project/FPGA/temporary/aa/41_eth_udp_loop/prj/eth_udp_loop.srcs/constrs_1/eth_udp_loop.xdc (Line: 17))
Previous: create_clock -period 20.000 [get_ports sys_clk] (Source: d:/Project/FPGA/temporary/aa/41_eth_udp_loop/prj/eth_udp_loop.gen/sources_1/ip/clk_wiz_0/clk_wiz_0.xdc (Line: 56))
Related violations: <none>

XDCC-7#1 Warning
Scoped Clock constraint overwritten on the same source  
A new clock constraint create_clock overrides a previous scoped clock constraint defined on the same source. It is not recommended to override a scoped (typically an IP) clock constraint and could result in unexpected behaviors.
New: create_clock -period 20.000 -name sys_clk [get_ports sys_clk] (Source: D:/Project/FPGA/temporary/aa/41_eth_udp_loop/prj/eth_udp_loop.srcs/constrs_1/eth_udp_loop.xdc (Line: 17))
Previous: create_clock -period 20.000 [get_ports sys_clk] (Source: d:/Project/FPGA/temporary/aa/41_eth_udp_loop/prj/eth_udp_loop.gen/sources_1/ip/clk_wiz_0/clk_wiz_0.xdc (Line: 56))
Related violations: <none>


