Copyright 1986-2020 Xilinx, Inc. All Rights Reserved.
-----------------------------------------------------------------------------------------
| Tool Version : Vivado v.2020.2 (win64) Build 3064766 Wed Nov 18 09:12:45 MST 2020
| Date         : Wed Nov  6 16:46:29 2024
| Host         : LEGION2020 running 64-bit major release  (build 9200)
| Command      : report_control_sets -verbose -file eth_udp_loop_control_sets_placed.rpt
| Design       : eth_udp_loop
| Device       : xc7z010
-----------------------------------------------------------------------------------------

Control Set Information

Table of Contents
-----------------
1. Summary
2. Histogram
3. Flip-Flop Distribution
4. Detailed Control Set Information

1. Summary
----------

+----------------------------------------------------------+-------+
|                          Status                          | Count |
+----------------------------------------------------------+-------+
| Total control sets                                       |    77 |
|    Minimum number of control sets                        |    77 |
|    Addition due to synthesis replication                 |     0 |
|    Addition due to physical synthesis replication        |     0 |
| Unused register locations in slices containing registers |   106 |
+----------------------------------------------------------+-------+
* Control sets can be merged at opt_design using control_set_merge or merge_equivalent_drivers
** Run report_qor_suggestions for automated merging and remapping suggestions


2. Histogram
------------

+--------------------+-------+
|       Fanout       | Count |
+--------------------+-------+
| Total control sets |    77 |
| >= 0 to < 4        |     3 |
| >= 4 to < 6        |     8 |
| >= 6 to < 8        |     1 |
| >= 8 to < 10       |    21 |
| >= 10 to < 12      |     0 |
| >= 12 to < 14      |     0 |
| >= 14 to < 16      |     0 |
| >= 16              |    44 |
+--------------------+-------+
* Control sets can be remapped at either synth_design or opt_design


3. Flip-Flop Distribution
-------------------------

+--------------+-----------------------+------------------------+-----------------+--------------+
| Clock Enable | Synchronous Set/Reset | Asynchronous Set/Reset | Total Registers | Total Slices |
+--------------+-----------------------+------------------------+-----------------+--------------+
| No           | No                    | No                     |              97 |           18 |
| No           | No                    | Yes                    |             114 |           61 |
| No           | Yes                   | No                     |               0 |            0 |
| Yes          | No                    | No                     |              96 |           45 |
| Yes          | No                    | Yes                    |            1307 |          411 |
| Yes          | Yes                   | No                     |              96 |           30 |
+--------------+-----------------------+------------------------+-----------------+--------------+


4. Detailed Control Set Information
-----------------------------------

+-----------------------------------------+---------------------------------------------------------------------------------------------------+-----------------------------------------------------------------------------------------------------------------------------------------------+------------------+----------------+--------------+
|               Clock Signal              |                                           Enable Signal                                           |                                                                Set/Reset Signal                                                               | Slice Load Count | Bel Load Count | Bels / Slice |
+-----------------------------------------+---------------------------------------------------------------------------------------------------+-----------------------------------------------------------------------------------------------------------------------------------------------+------------------+----------------+--------------+
|  u_gmii_to_rgmii/u_rgmii_rx/gmii_rx_clk |                                                                                                   | u_async_fifo_2048x8b/U0/inst_fifo_gen/gconvfifo.rf/grf.rf/rstblk/rst_d2                                                                       |                1 |              2 |         2.00 |
|  u_gmii_to_rgmii/u_rgmii_rx/gmii_rx_clk |                                                                                                   | u_async_fifo_2048x8b/U0/inst_fifo_gen/gconvfifo.rf/grf.rf/rstblk/ngwrdrst.grst.g7serrst.gnsckt_wrst.gic_rst.sckt_rd_rst_ic_reg_0[0]           |                1 |              2 |         2.00 |
|  u_gmii_to_rgmii/u_rgmii_rx/gmii_rx_clk |                                                                                                   | u_async_fifo_2048x8b/U0/inst_fifo_gen/gconvfifo.rf/grf.rf/rstblk/ngwrdrst.grst.g7serrst.gnsckt_wrst.gic_rst.rst_rd_reg2_inst/arststages_ff[1] |                1 |              3 |         3.00 |
|  u_gmii_to_rgmii/u_rgmii_rx/gmii_rx_clk | u_udp/u_udp_tx/cnt0                                                                               | u_udp/u_udp_tx/cur_state[6]_i_2_n_0                                                                                                           |                4 |              5 |         1.25 |
|  u_gmii_to_rgmii/u_rgmii_rx/gmii_rx_clk | u_udp/u_udp_rx/cnt0                                                                               | u_icmp/u_icmp_rx/sys_rst_n                                                                                                                    |                3 |              5 |         1.67 |
|  u_gmii_to_rgmii/u_rgmii_rx/gmii_rx_clk | u_icmp/u_icmp_tx/real_add_cnt0                                                                    | u_icmp/u_icmp_rx/sys_rst_n                                                                                                                    |                1 |              5 |         5.00 |
|  u_gmii_to_rgmii/u_rgmii_rx/gmii_rx_clk | u_icmp/u_icmp_tx/cnt0                                                                             | u_icmp/u_icmp_rx/sys_rst_n                                                                                                                    |                3 |              5 |         1.67 |
|  u_gmii_to_rgmii/u_rgmii_rx/gmii_rx_clk | u_udp/u_udp_tx/real_add_cnt0                                                                      | u_udp/u_udp_tx/cur_state[6]_i_2_n_0                                                                                                           |                2 |              5 |         2.50 |
|  u_gmii_to_rgmii/u_rgmii_rx/gmii_rx_clk | u_icmp/u_icmp_rx/cnt0                                                                             | u_icmp/u_icmp_rx/sys_rst_n                                                                                                                    |                4 |              5 |         1.25 |
|  u_gmii_to_rgmii/u_rgmii_rx/gmii_rx_clk | u_arp/u_arp_rx/cnt                                                                                | u_icmp/u_icmp_rx/sys_rst_n                                                                                                                    |                3 |              5 |         1.67 |
|  u_gmii_to_rgmii/u_rgmii_rx/gmii_rx_clk | u_arp/u_arp_tx/data_cnt[4]_i_1_n_0                                                                | u_icmp/u_icmp_rx/sys_rst_n                                                                                                                    |                2 |              5 |         2.50 |
|  u_gmii_to_rgmii/u_rgmii_rx/gmii_rx_clk | u_arp/u_arp_tx/cnt[5]_i_1_n_0                                                                     | u_icmp/u_icmp_rx/sys_rst_n                                                                                                                    |                5 |              6 |         1.20 |
|  u_gmii_to_rgmii/u_rgmii_rx/gmii_rx_clk | u_icmp/u_icmp_rx/icmp_rx_data_d00                                                                 | u_icmp/u_icmp_rx/sys_rst_n                                                                                                                    |                5 |              8 |         1.60 |
|  u_gmii_to_rgmii/u_rgmii_rx/gmii_rx_clk | u_arp/u_arp_tx/gmii_txd[7]_i_1_n_0                                                                | u_icmp/u_icmp_rx/sys_rst_n                                                                                                                    |                5 |              8 |         1.60 |
|  u_gmii_to_rgmii/u_rgmii_rx/gmii_rx_clk | u_udp/u_udp_rx/eth_type[15]_i_1__1_n_0                                                            | u_icmp/u_icmp_rx/sys_rst_n                                                                                                                    |                2 |              8 |         4.00 |
|  u_gmii_to_rgmii/u_rgmii_rx/gmii_rx_clk | u_icmp/u_icmp_rx/icmp_id[15]_i_1_n_0                                                              | u_icmp/u_icmp_rx/sys_rst_n                                                                                                                    |                2 |              8 |         4.00 |
|  u_gmii_to_rgmii/u_rgmii_rx/gmii_rx_clk | u_icmp/u_icmp_rx/icmp_id[7]_i_1_n_0                                                               | u_icmp/u_icmp_rx/sys_rst_n                                                                                                                    |                4 |              8 |         2.00 |
|  u_gmii_to_rgmii/u_rgmii_rx/gmii_rx_clk | u_udp/u_udp_rx/udp_byte_num[7]_i_1_n_0                                                            | u_icmp/u_icmp_rx/sys_rst_n                                                                                                                    |                2 |              8 |         4.00 |
|  u_gmii_to_rgmii/u_rgmii_rx/gmii_rx_clk | u_udp/u_udp_rx/udp_byte_num[15]_i_1_n_0                                                           | u_icmp/u_icmp_rx/sys_rst_n                                                                                                                    |                2 |              8 |         4.00 |
|  u_gmii_to_rgmii/u_rgmii_rx/gmii_rx_clk | u_udp/u_udp_tx/gmii_tx_en_reg0                                                                    | u_udp/u_udp_tx/cur_state[6]_i_2_n_0                                                                                                           |                7 |              8 |         1.14 |
|  u_gmii_to_rgmii/u_rgmii_rx/gmii_rx_clk | u_icmp/u_icmp_tx/gmii_tx_en0                                                                      | u_icmp/u_icmp_rx/sys_rst_n                                                                                                                    |                4 |              8 |         2.00 |
|  u_gmii_to_rgmii/u_rgmii_rx/gmii_rx_clk | u_icmp/u_icmp_rx/eth_type[15]_i_1__0_n_0                                                          | u_icmp/u_icmp_rx/sys_rst_n                                                                                                                    |                3 |              8 |         2.67 |
|  u_gmii_to_rgmii/u_rgmii_rx/gmii_rx_clk | u_arp/u_arp_rx/op_data[0]                                                                         | u_icmp/u_icmp_rx/sys_rst_n                                                                                                                    |                2 |              8 |         4.00 |
|  u_gmii_to_rgmii/u_rgmii_rx/gmii_rx_clk | u_icmp/u_icmp_rx/rec_en_reg_0[0]                                                                  | u_icmp/u_icmp_rx/sys_rst_n                                                                                                                    |                3 |              8 |         2.67 |
|  u_gmii_to_rgmii/u_rgmii_rx/gmii_rx_clk | u_icmp/u_icmp_rx/total_length[7]_i_1_n_0                                                          | u_icmp/u_icmp_rx/sys_rst_n                                                                                                                    |                3 |              8 |         2.67 |
|  u_gmii_to_rgmii/u_rgmii_rx/gmii_rx_clk | u_icmp/u_icmp_rx/total_length[15]_i_1_n_0                                                         | u_icmp/u_icmp_rx/sys_rst_n                                                                                                                    |                3 |              8 |         2.67 |
|  u_gmii_to_rgmii/u_rgmii_rx/gmii_rx_clk | u_icmp/u_icmp_rx/icmp_seq[15]_i_1_n_0                                                             | u_icmp/u_icmp_rx/sys_rst_n                                                                                                                    |                2 |              8 |         4.00 |
|  u_gmii_to_rgmii/u_rgmii_rx/gmii_rx_clk | u_icmp/u_icmp_rx/icmp_seq[7]_i_1_n_0                                                              | u_icmp/u_icmp_rx/sys_rst_n                                                                                                                    |                4 |              8 |         2.00 |
|  u_gmii_to_rgmii/u_rgmii_rx/gmii_rx_clk | u_icmp/u_icmp_rx/icmp_type0                                                                       | u_icmp/u_icmp_rx/sys_rst_n                                                                                                                    |                2 |              8 |         4.00 |
|  u_gmii_to_rgmii/u_rgmii_rx/gmii_rx_clk | u_arp/u_arp_rx/op_data[15]                                                                        | u_icmp/u_icmp_rx/sys_rst_n                                                                                                                    |                2 |              8 |         4.00 |
|  u_gmii_to_rgmii/u_rgmii_rx/gmii_rx_clk | u_arp/u_arp_rx/eth_type[11]                                                                       | u_icmp/u_icmp_rx/sys_rst_n                                                                                                                    |                3 |              8 |         2.67 |
|  u_gmii_to_rgmii/u_rgmii_rx/gmii_rx_clk |                                                                                                   | u_async_fifo_2048x8b/U0/inst_fifo_gen/gconvfifo.rf/grf.rf/rstblk/ngwrdrst.grst.g7serrst.gnsckt_wrst.rst_wr_reg2_inst/arststages_ff[1]         |                2 |              9 |         4.50 |
|  u_gmii_to_rgmii/u_rgmii_rx/gmii_rx_clk | u_eth_ctrl/gmii_tx_en_i_1__0_n_0                                                                  | u_icmp/u_icmp_rx/sys_rst_n                                                                                                                    |                3 |              9 |         3.00 |
|  u_gmii_to_rgmii/u_rgmii_rx/gmii_rx_clk | u_udp/u_udp_tx/data_cnt0                                                                          | u_udp/u_udp_tx/cur_state[6]_i_2_n_0                                                                                                           |                4 |             16 |         4.00 |
|  u_gmii_to_rgmii/u_rgmii_rx/gmii_rx_clk | u_icmp/u_icmp_tx/data_cnt0                                                                        | u_icmp/u_icmp_rx/sys_rst_n                                                                                                                    |                4 |             16 |         4.00 |
|  u_gmii_to_rgmii/u_rgmii_rx/gmii_rx_clk | u_udp/u_udp_rx/rec_pkt_done0                                                                      | u_icmp/u_icmp_rx/sys_rst_n                                                                                                                    |                6 |             16 |         2.67 |
|  u_gmii_to_rgmii/u_rgmii_rx/gmii_rx_clk | u_udp/u_udp_rx/data_byte_num0                                                                     | u_icmp/u_icmp_rx/sys_rst_n                                                                                                                    |                6 |             16 |         2.67 |
|  u_gmii_to_rgmii/u_rgmii_rx/gmii_rx_clk | u_icmp/u_icmp_rx/icmp_data_length0                                                                | u_icmp/u_icmp_rx/sys_rst_n                                                                                                                    |                5 |             16 |         3.20 |
|  u_gmii_to_rgmii/u_rgmii_rx/gmii_rx_clk | u_gmii_to_rgmii/u_rgmii_rx/E[0]                                                                   | u_icmp/u_icmp_rx/sys_rst_n                                                                                                                    |                6 |             16 |         2.67 |
|  u_gmii_to_rgmii/u_rgmii_rx/gmii_rx_clk | u_udp/u_udp_tx/ip_head[2][15]_i_2_n_0                                                             | u_udp/u_udp_tx/ip_head[2][15]_i_1_n_0                                                                                                         |                6 |             16 |         2.67 |
|  u_gmii_to_rgmii/u_rgmii_rx/gmii_rx_clk | u_icmp/u_icmp_tx/ip_head[2][15]_i_2_n_0                                                           | u_icmp/u_icmp_tx/ip_head[2][15]_i_1_n_0                                                                                                       |                5 |             16 |         3.20 |
|  u_gmii_to_rgmii/u_rgmii_rx/gmii_rx_clk | u_icmp/u_icmp_tx/ip_head[5][15]_i_1_n_0                                                           |                                                                                                                                               |                7 |             16 |         2.29 |
|  u_gmii_to_rgmii/u_rgmii_rx/gmii_rx_clk | u_udp/u_udp_tx/ip_head[1][31]_i_1_n_0                                                             | u_udp/u_udp_tx/cur_state[6]_i_2_n_0                                                                                                           |                5 |             16 |         3.20 |
|  u_gmii_to_rgmii/u_rgmii_rx/gmii_rx_clk | u_icmp/u_icmp_tx/E[0]                                                                             | u_icmp/u_icmp_rx/sys_rst_n                                                                                                                    |                5 |             16 |         3.20 |
|  u_gmii_to_rgmii/u_rgmii_rx/gmii_rx_clk | u_icmp/u_icmp_tx/check_buffer0                                                                    | u_icmp/u_icmp_rx/sys_rst_n                                                                                                                    |                9 |             20 |         2.22 |
|  u_gmii_to_rgmii/u_rgmii_rx/gmii_rx_clk |                                                                                                   | u_udp/u_udp_tx/cur_state[6]_i_2_n_0                                                                                                           |               12 |             20 |         1.67 |
|  u_gmii_to_rgmii/u_rgmii_rx/gmii_rx_clk | u_udp/u_udp_tx/check_buffer0                                                                      | u_udp/u_udp_tx/cur_state[6]_i_2_n_0                                                                                                           |                7 |             20 |         2.86 |
|  u_gmii_to_rgmii/u_rgmii_rx/gmii_rx_clk | u_async_fifo_2048x8b/U0/inst_fifo_gen/gconvfifo.rf/grf.rf/gntv_or_sync_fifo.gl0.rd/gras.rsts/E[0] | u_async_fifo_2048x8b/U0/inst_fifo_gen/gconvfifo.rf/grf.rf/rstblk/ngwrdrst.grst.g7serrst.gnsckt_wrst.gic_rst.sckt_rd_rst_ic_reg_0[0]           |                6 |             22 |         3.67 |
|  u_gmii_to_rgmii/u_rgmii_rx/gmii_rx_clk | u_icmp/u_icmp_rx/des_ip0                                                                          | u_icmp/u_icmp_rx/sys_rst_n                                                                                                                    |                4 |             24 |         6.00 |
|  u_gmii_to_rgmii/u_rgmii_rx/gmii_rx_clk | u_gmii_to_rgmii/u_rgmii_rx/cur_state_reg[5]_0                                                     | u_icmp/u_icmp_rx/sys_rst_n                                                                                                                    |                7 |             24 |         3.43 |
|  u_gmii_to_rgmii/u_rgmii_rx/gmii_rx_clk | u_udp/u_udp_rx/des_ip0                                                                            | u_icmp/u_icmp_rx/sys_rst_n                                                                                                                    |                5 |             24 |         4.80 |
|  u_gmii_to_rgmii/u_rgmii_rx/gmii_rx_clk | u_udp/u_udp_rx/rec_data[7]_i_1_n_0                                                                | u_icmp/u_icmp_rx/sys_rst_n                                                                                                                    |                6 |             24 |         4.00 |
|  u_gmii_to_rgmii/u_rgmii_rx/gmii_rx_clk | u_udp/u_udp_tx/ip_head[6][31]_i_1_n_0                                                             |                                                                                                                                               |               14 |             31 |         2.21 |
|  u_gmii_to_rgmii/u_rgmii_rx/gmii_rx_clk | u_icmp/u_icmp_tx/tx_data_num0                                                                     | u_icmp/u_icmp_rx/sys_rst_n                                                                                                                    |                9 |             31 |         3.44 |
|  u_gmii_to_rgmii/u_rgmii_rx/gmii_rx_clk | u_icmp/u_icmp_tx/check_buffer_icmp0                                                               | u_icmp/u_icmp_rx/sys_rst_n                                                                                                                    |                8 |             32 |         4.00 |
|  u_gmii_to_rgmii/u_rgmii_rx/gmii_rx_clk | u_arp/u_arp_tx/E[0]                                                                               | u_icmp/u_icmp_rx/sys_rst_n                                                                                                                    |               15 |             32 |         2.13 |
|  u_gmii_to_rgmii/u_rgmii_rx/gmii_rx_clk | u_udp/u_crc32_d8/crc_data[31]_i_1__1_n_0                                                          | u_icmp/u_icmp_rx/sys_rst_n                                                                                                                    |               14 |             32 |         2.29 |
|  u_gmii_to_rgmii/u_rgmii_rx/gmii_rx_clk | u_udp/u_udp_tx/ip_head[6][31]_i_1_n_0                                                             | u_udp/u_udp_tx/ip_head[4][29]_i_1_n_0                                                                                                         |               11 |             32 |         2.91 |
|  u_gmii_to_rgmii/u_rgmii_rx/gmii_rx_clk | u_icmp/u_icmp_rx/reply_checksum_add0_0                                                            | u_icmp/u_icmp_rx/sys_rst_n                                                                                                                    |               12 |             32 |         2.67 |
|  u_gmii_to_rgmii/u_rgmii_rx/gmii_rx_clk | u_arp/u_arp_rx/src_ip_t                                                                           | u_icmp/u_icmp_rx/sys_rst_n                                                                                                                    |                8 |             32 |         4.00 |
|  u_gmii_to_rgmii/u_rgmii_rx/gmii_rx_clk | u_icmp/u_icmp_rx/reply_checksum0                                                                  | u_icmp/u_icmp_rx/sys_rst_n                                                                                                                    |               17 |             32 |         1.88 |
|  u_gmii_to_rgmii/u_rgmii_rx/gmii_rx_clk | u_arp/u_arp_rx/des_ip_t                                                                           | u_icmp/u_icmp_rx/sys_rst_n                                                                                                                    |                7 |             32 |         4.57 |
|  u_gmii_to_rgmii/u_rgmii_rx/gmii_rx_clk | u_icmp/u_icmp_tx/ip_head[6][31]_i_1_n_0                                                           | u_arp/u_arp_rx/trig_tx_en_reg                                                                                                                 |                8 |             32 |         4.00 |
|  u_gmii_to_rgmii/u_rgmii_rx/gmii_rx_clk | u_icmp/u_icmp_tx/crc_en_reg_0[0]                                                                  | u_icmp/u_icmp_rx/sys_rst_n                                                                                                                    |               17 |             32 |         1.88 |
|  u_gmii_to_rgmii/u_rgmii_rx/gmii_rx_clk | u_async_fifo_2048x8b/U0/inst_fifo_gen/gconvfifo.rf/grf.rf/gntv_or_sync_fifo.gl0.wr/gwas.wsts/E[0] | u_async_fifo_2048x8b/U0/inst_fifo_gen/gconvfifo.rf/grf.rf/rstblk/AR[0]                                                                        |                9 |             33 |         3.67 |
|  u_gmii_to_rgmii/u_rgmii_rx/gmii_rx_clk | u_udp/u_udp_tx/tx_data_num0                                                                       | u_udp/u_udp_tx/cur_state[6]_i_2_n_0                                                                                                           |               14 |             45 |         3.21 |
|  u_gmii_to_rgmii/u_rgmii_rx/gmii_rx_clk | u_icmp/u_icmp_rx/des_mac0                                                                         | u_icmp/u_icmp_rx/sys_rst_n                                                                                                                    |               11 |             48 |         4.36 |
|  u_gmii_to_rgmii/u_rgmii_rx/gmii_rx_clk | u_udp/u_udp_rx/des_mac0                                                                           | u_icmp/u_icmp_rx/sys_rst_n                                                                                                                    |               10 |             48 |         4.80 |
|  u_gmii_to_rgmii/u_rgmii_rx/gmii_rx_clk | u_udp/u_udp_tx/eth_head_reg[5]0                                                                   | u_udp/u_udp_tx/cur_state[6]_i_2_n_0                                                                                                           |               11 |             48 |         4.36 |
|  u_gmii_to_rgmii/u_rgmii_rx/gmii_rx_clk | u_arp/u_arp_rx/E[0]                                                                               | u_icmp/u_icmp_rx/sys_rst_n                                                                                                                    |               11 |             48 |         4.36 |
|  u_gmii_to_rgmii/u_rgmii_rx/gmii_rx_clk | u_arp/u_arp_rx/src_mac_t                                                                          | u_icmp/u_icmp_rx/sys_rst_n                                                                                                                    |               15 |             48 |         3.20 |
|  u_gmii_to_rgmii/u_rgmii_rx/gmii_rx_clk | u_arp/u_arp_rx/des_mac_t0                                                                         | u_icmp/u_icmp_rx/sys_rst_n                                                                                                                    |               11 |             48 |         4.36 |
|  u_gmii_to_rgmii/u_rgmii_rx/gmii_rx_clk | u_icmp/u_icmp_tx/ip_head[6][31]_i_1_n_0                                                           |                                                                                                                                               |               24 |             49 |         2.04 |
|  u_gmii_to_rgmii/u_rgmii_rx/gmii_rx_clk |                                                                                                   | u_icmp/u_icmp_rx/sys_rst_n                                                                                                                    |               44 |             78 |         1.77 |
|  u_gmii_to_rgmii/u_rgmii_rx/gmii_rx_clk | u_arp/u_arp_rx/tx_en_d2_reg[0]                                                                    | u_icmp/u_icmp_rx/sys_rst_n                                                                                                                    |               19 |             80 |         4.21 |
|  u_gmii_to_rgmii/u_rgmii_rx/gmii_rx_clk | u_arp/u_arp_rx/arp_rx_done_i_1_n_0                                                                | u_icmp/u_icmp_rx/sys_rst_n                                                                                                                    |               18 |             81 |         4.50 |
|  u_gmii_to_rgmii/u_rgmii_rx/gmii_rx_clk |                                                                                                   |                                                                                                                                               |               18 |             97 |         5.39 |
+-----------------------------------------+---------------------------------------------------------------------------------------------------+-----------------------------------------------------------------------------------------------------------------------------------------------+------------------+----------------+--------------+


