Copyright 1986-2020 Xilinx, Inc. All Rights Reserved.
-----------------------------------------------------------------------------------------------------------------------------------------------
| Tool Version : Vivado v.2020.2 (win64) Build 3064766 Wed Nov 18 09:12:45 MST 2020
| Date         : Mon Nov 11 16:30:52 2024
| Host         : LEGION2020 running 64-bit major release  (build 9200)
| Command      : report_methodology -file TOP_methodology_drc_routed.rpt -pb TOP_methodology_drc_routed.pb -rpx TOP_methodology_drc_routed.rpx
| Design       : TOP
| Device       : xc7z010clg400-1
| Speed File   : -1
| Design State : Fully Routed
-----------------------------------------------------------------------------------------------------------------------------------------------

Report Methodology

Table of Contents
-----------------
1. REPORT SUMMARY
2. REPORT DETAILS

1. REPORT SUMMARY
-----------------
            Netlist: netlist
          Floorplan: design_1
      Design limits: <entire design considered>
             Max violations: <unlimited>
             Violations found: 87
+-----------+------------------+--------------------------------------------------------+------------+
| Rule      | Severity         | Description                                            | Violations |
+-----------+------------------+--------------------------------------------------------+------------+
| TIMING-6  | Critical Warning | No common primary clock between related clocks         | 1          |
| TIMING-7  | Critical Warning | No common node between related clocks                  | 1          |
| TIMING-17 | Critical Warning | Non-clocked sequential cell                            | 51         |
| LUTAR-1   | Warning          | LUT drives async reset alert                           | 9          |
| TIMING-16 | Warning          | Large setup violation                                  | 8          |
| TIMING-18 | Warning          | Missing input or output delay                          | 11         |
| TIMING-20 | Warning          | Non-clocked latch                                      | 4          |
| XDCC-1    | Warning          | Scoped Clock constraint overwritten with the same name | 1          |
| XDCC-7    | Warning          | Scoped Clock constraint overwritten on the same source | 1          |
+-----------+------------------+--------------------------------------------------------+------------+

2. REPORT DETAILS
-----------------
TIMING-6#1 Critical Warning
No common primary clock between related clocks  
The clocks clk_out1_clk_wiz_0 and eth_rxc are related (timed together) but they have no common primary clock. The design could fail in hardware. To find a timing path between these clocks, run the following command: report_timing -from [get_clocks clk_out1_clk_wiz_0] -to [get_clocks eth_rxc]
Related violations: <none>

TIMING-7#1 Critical Warning
No common node between related clocks  
The clocks clk_out1_clk_wiz_0 and eth_rxc are related (timed together) but they have no common node. The design could fail in hardware. To find a timing path between these clocks, run the following command: report_timing -from [get_clocks clk_out1_clk_wiz_0] -to [get_clocks eth_rxc]
Related violations: <none>

TIMING-17#1 Critical Warning
Non-clocked sequential cell  
The clock pin u_AD9269/AD_DATA_A_reg[0]/C is not reached by a timing clock
Related violations: <none>

TIMING-17#2 Critical Warning
Non-clocked sequential cell  
The clock pin u_AD9269/AD_DATA_A_reg[10]/C is not reached by a timing clock
Related violations: <none>

TIMING-17#3 Critical Warning
Non-clocked sequential cell  
The clock pin u_AD9269/AD_DATA_A_reg[11]/C is not reached by a timing clock
Related violations: <none>

TIMING-17#4 Critical Warning
Non-clocked sequential cell  
The clock pin u_AD9269/AD_DATA_A_reg[12]/C is not reached by a timing clock
Related violations: <none>

TIMING-17#5 Critical Warning
Non-clocked sequential cell  
The clock pin u_AD9269/AD_DATA_A_reg[13]/C is not reached by a timing clock
Related violations: <none>

TIMING-17#6 Critical Warning
Non-clocked sequential cell  
The clock pin u_AD9269/AD_DATA_A_reg[14]/C is not reached by a timing clock
Related violations: <none>

TIMING-17#7 Critical Warning
Non-clocked sequential cell  
The clock pin u_AD9269/AD_DATA_A_reg[15]/C is not reached by a timing clock
Related violations: <none>

TIMING-17#8 Critical Warning
Non-clocked sequential cell  
The clock pin u_AD9269/AD_DATA_A_reg[1]/C is not reached by a timing clock
Related violations: <none>

TIMING-17#9 Critical Warning
Non-clocked sequential cell  
The clock pin u_AD9269/AD_DATA_A_reg[2]/C is not reached by a timing clock
Related violations: <none>

TIMING-17#10 Critical Warning
Non-clocked sequential cell  
The clock pin u_AD9269/AD_DATA_A_reg[3]/C is not reached by a timing clock
Related violations: <none>

TIMING-17#11 Critical Warning
Non-clocked sequential cell  
The clock pin u_AD9269/AD_DATA_A_reg[4]/C is not reached by a timing clock
Related violations: <none>

TIMING-17#12 Critical Warning
Non-clocked sequential cell  
The clock pin u_AD9269/AD_DATA_A_reg[5]/C is not reached by a timing clock
Related violations: <none>

TIMING-17#13 Critical Warning
Non-clocked sequential cell  
The clock pin u_AD9269/AD_DATA_A_reg[6]/C is not reached by a timing clock
Related violations: <none>

TIMING-17#14 Critical Warning
Non-clocked sequential cell  
The clock pin u_AD9269/AD_DATA_A_reg[7]/C is not reached by a timing clock
Related violations: <none>

TIMING-17#15 Critical Warning
Non-clocked sequential cell  
The clock pin u_AD9269/AD_DATA_A_reg[8]/C is not reached by a timing clock
Related violations: <none>

TIMING-17#16 Critical Warning
Non-clocked sequential cell  
The clock pin u_AD9269/AD_DATA_A_reg[9]/C is not reached by a timing clock
Related violations: <none>

TIMING-17#17 Critical Warning
Non-clocked sequential cell  
The clock pin u_AD9269/U_AD9269_SPI/SEND_DATA_reg[0]_P/C is not reached by a timing clock
Related violations: <none>

TIMING-17#18 Critical Warning
Non-clocked sequential cell  
The clock pin u_AD9269/U_AD9269_SPI/SEND_DATA_reg[10]_C/C is not reached by a timing clock
Related violations: <none>

TIMING-17#19 Critical Warning
Non-clocked sequential cell  
The clock pin u_AD9269/U_AD9269_SPI/SEND_DATA_reg[10]_P/C is not reached by a timing clock
Related violations: <none>

TIMING-17#20 Critical Warning
Non-clocked sequential cell  
The clock pin u_AD9269/U_AD9269_SPI/SEND_DATA_reg[11]_C/C is not reached by a timing clock
Related violations: <none>

TIMING-17#21 Critical Warning
Non-clocked sequential cell  
The clock pin u_AD9269/U_AD9269_SPI/SEND_DATA_reg[11]_P/C is not reached by a timing clock
Related violations: <none>

TIMING-17#22 Critical Warning
Non-clocked sequential cell  
The clock pin u_AD9269/U_AD9269_SPI/SEND_DATA_reg[12]_C/C is not reached by a timing clock
Related violations: <none>

TIMING-17#23 Critical Warning
Non-clocked sequential cell  
The clock pin u_AD9269/U_AD9269_SPI/SEND_DATA_reg[12]_P/C is not reached by a timing clock
Related violations: <none>

TIMING-17#24 Critical Warning
Non-clocked sequential cell  
The clock pin u_AD9269/U_AD9269_SPI/SEND_DATA_reg[13]_C/C is not reached by a timing clock
Related violations: <none>

TIMING-17#25 Critical Warning
Non-clocked sequential cell  
The clock pin u_AD9269/U_AD9269_SPI/SEND_DATA_reg[13]_P/C is not reached by a timing clock
Related violations: <none>

TIMING-17#26 Critical Warning
Non-clocked sequential cell  
The clock pin u_AD9269/U_AD9269_SPI/SEND_DATA_reg[14]_C/C is not reached by a timing clock
Related violations: <none>

TIMING-17#27 Critical Warning
Non-clocked sequential cell  
The clock pin u_AD9269/U_AD9269_SPI/SEND_DATA_reg[14]_P/C is not reached by a timing clock
Related violations: <none>

TIMING-17#28 Critical Warning
Non-clocked sequential cell  
The clock pin u_AD9269/U_AD9269_SPI/SEND_DATA_reg[15]_C/C is not reached by a timing clock
Related violations: <none>

TIMING-17#29 Critical Warning
Non-clocked sequential cell  
The clock pin u_AD9269/U_AD9269_SPI/SEND_DATA_reg[15]_P/C is not reached by a timing clock
Related violations: <none>

TIMING-17#30 Critical Warning
Non-clocked sequential cell  
The clock pin u_AD9269/U_AD9269_SPI/SEND_DATA_reg[21]_srl6_u_AD9269_U_AD9269_SPI_SEND_DATA_reg_c_4/CLK is not reached by a timing clock
Related violations: <none>

TIMING-17#31 Critical Warning
Non-clocked sequential cell  
The clock pin u_AD9269/U_AD9269_SPI/SEND_DATA_reg[22]_u_AD9269_U_AD9269_SPI_SEND_DATA_reg_c_5/C is not reached by a timing clock
Related violations: <none>

TIMING-17#32 Critical Warning
Non-clocked sequential cell  
The clock pin u_AD9269/U_AD9269_SPI/SEND_DATA_reg[23]/C is not reached by a timing clock
Related violations: <none>

TIMING-17#33 Critical Warning
Non-clocked sequential cell  
The clock pin u_AD9269/U_AD9269_SPI/SEND_DATA_reg[2]_srl2_u_AD9269_U_AD9269_SPI_SEND_DATA_reg_c_0/CLK is not reached by a timing clock
Related violations: <none>

TIMING-17#34 Critical Warning
Non-clocked sequential cell  
The clock pin u_AD9269/U_AD9269_SPI/SEND_DATA_reg[3]_u_AD9269_U_AD9269_SPI_SEND_DATA_reg_c_1/C is not reached by a timing clock
Related violations: <none>

TIMING-17#35 Critical Warning
Non-clocked sequential cell  
The clock pin u_AD9269/U_AD9269_SPI/SEND_DATA_reg[4]/C is not reached by a timing clock
Related violations: <none>

TIMING-17#36 Critical Warning
Non-clocked sequential cell  
The clock pin u_AD9269/U_AD9269_SPI/SEND_DATA_reg[5]_C/C is not reached by a timing clock
Related violations: <none>

TIMING-17#37 Critical Warning
Non-clocked sequential cell  
The clock pin u_AD9269/U_AD9269_SPI/SEND_DATA_reg[5]_P/C is not reached by a timing clock
Related violations: <none>

TIMING-17#38 Critical Warning
Non-clocked sequential cell  
The clock pin u_AD9269/U_AD9269_SPI/SEND_DATA_reg[6]/C is not reached by a timing clock
Related violations: <none>

TIMING-17#39 Critical Warning
Non-clocked sequential cell  
The clock pin u_AD9269/U_AD9269_SPI/SEND_DATA_reg[7]/C is not reached by a timing clock
Related violations: <none>

TIMING-17#40 Critical Warning
Non-clocked sequential cell  
The clock pin u_AD9269/U_AD9269_SPI/SEND_DATA_reg[8]_C/C is not reached by a timing clock
Related violations: <none>

TIMING-17#41 Critical Warning
Non-clocked sequential cell  
The clock pin u_AD9269/U_AD9269_SPI/SEND_DATA_reg[8]_P/C is not reached by a timing clock
Related violations: <none>

TIMING-17#42 Critical Warning
Non-clocked sequential cell  
The clock pin u_AD9269/U_AD9269_SPI/SEND_DATA_reg[9]_C/C is not reached by a timing clock
Related violations: <none>

TIMING-17#43 Critical Warning
Non-clocked sequential cell  
The clock pin u_AD9269/U_AD9269_SPI/SEND_DATA_reg[9]_P/C is not reached by a timing clock
Related violations: <none>

TIMING-17#44 Critical Warning
Non-clocked sequential cell  
The clock pin u_AD9269/U_AD9269_SPI/SEND_DATA_reg_c/C is not reached by a timing clock
Related violations: <none>

TIMING-17#45 Critical Warning
Non-clocked sequential cell  
The clock pin u_AD9269/U_AD9269_SPI/SEND_DATA_reg_c_0/C is not reached by a timing clock
Related violations: <none>

TIMING-17#46 Critical Warning
Non-clocked sequential cell  
The clock pin u_AD9269/U_AD9269_SPI/SEND_DATA_reg_c_1/C is not reached by a timing clock
Related violations: <none>

TIMING-17#47 Critical Warning
Non-clocked sequential cell  
The clock pin u_AD9269/U_AD9269_SPI/SEND_DATA_reg_c_2/C is not reached by a timing clock
Related violations: <none>

TIMING-17#48 Critical Warning
Non-clocked sequential cell  
The clock pin u_AD9269/U_AD9269_SPI/SEND_DATA_reg_c_3/C is not reached by a timing clock
Related violations: <none>

TIMING-17#49 Critical Warning
Non-clocked sequential cell  
The clock pin u_AD9269/U_AD9269_SPI/SEND_DATA_reg_c_4/C is not reached by a timing clock
Related violations: <none>

TIMING-17#50 Critical Warning
Non-clocked sequential cell  
The clock pin u_AD9269/U_AD9269_SPI/SEND_DATA_reg_c_5/C is not reached by a timing clock
Related violations: <none>

TIMING-17#51 Critical Warning
Non-clocked sequential cell  
The clock pin u_AD9269/U_AD9269_SPI/SPI_MOSI_reg/C is not reached by a timing clock
Related violations: <none>

LUTAR-1#1 Warning
LUT drives async reset alert  
LUT cell u_AD9269/U_AD9269_SPI/SEND_DATA[7]_i_1, with 2 or more inputs, drives asynchronous preset/clear pin(s) u_AD9269/U_AD9269_SPI/SEND_DATA_reg[23]/CLR,
u_AD9269/U_AD9269_SPI/SEND_DATA_reg[4]/CLR,
u_AD9269/U_AD9269_SPI/SEND_DATA_reg[6]/CLR,
u_AD9269/U_AD9269_SPI/SEND_DATA_reg[7]/CLR,
u_AD9269/U_AD9269_SPI/SEND_DATA_reg_c/CLR,
u_AD9269/U_AD9269_SPI/SEND_DATA_reg_c_0/CLR,
u_AD9269/U_AD9269_SPI/SEND_DATA_reg_c_1/CLR,
u_AD9269/U_AD9269_SPI/SEND_DATA_reg_c_2/CLR,
u_AD9269/U_AD9269_SPI/SEND_DATA_reg_c_3/CLR,
u_AD9269/U_AD9269_SPI/SEND_DATA_reg_c_4/CLR
u_AD9269/U_AD9269_SPI/SEND_DATA_reg_c_5/CLR. The LUT may glitch and trigger an unexpected reset, even if it is a properly timed path.
Related violations: <none>

LUTAR-1#2 Warning
LUT drives async reset alert  
LUT cell u_AD9269/U_AD9269_SPI/SEND_DATA_reg[12]_LDC_i_1, with 2 or more inputs, drives asynchronous preset/clear pin(s) u_AD9269/U_AD9269_SPI/SEND_DATA_reg[0]_P/PRE,
u_AD9269/U_AD9269_SPI/SEND_DATA_reg[10]_P/PRE
u_AD9269/U_AD9269_SPI/SEND_DATA_reg[12]_P/PRE. The LUT may glitch and trigger an unexpected reset, even if it is a properly timed path.
Related violations: <none>

LUTAR-1#3 Warning
LUT drives async reset alert  
LUT cell u_AD9269/U_AD9269_SPI/SEND_DATA_reg[12]_LDC_i_2, with 2 or more inputs, drives asynchronous preset/clear pin(s) u_AD9269/U_AD9269_SPI/SEND_DATA_reg[10]_C/CLR,
u_AD9269/U_AD9269_SPI/SEND_DATA_reg[12]_C/CLR
u_AD9269/U_AD9269_SPI/SEND_DATA_reg[12]_LDC/CLR. The LUT may glitch and trigger an unexpected reset, even if it is a properly timed path.
Related violations: <none>

LUTAR-1#4 Warning
LUT drives async reset alert  
LUT cell u_AD9269/U_AD9269_SPI/SEND_DATA_reg[15]_LDC_i_1, with 2 or more inputs, drives asynchronous preset/clear pin(s) u_AD9269/U_AD9269_SPI/SEND_DATA_reg[11]_P/PRE,
u_AD9269/U_AD9269_SPI/SEND_DATA_reg[13]_P/PRE,
u_AD9269/U_AD9269_SPI/SEND_DATA_reg[14]_P/PRE
u_AD9269/U_AD9269_SPI/SEND_DATA_reg[15]_P/PRE. The LUT may glitch and trigger an unexpected reset, even if it is a properly timed path.
Related violations: <none>

LUTAR-1#5 Warning
LUT drives async reset alert  
LUT cell u_AD9269/U_AD9269_SPI/SEND_DATA_reg[15]_LDC_i_2, with 2 or more inputs, drives asynchronous preset/clear pin(s) u_AD9269/U_AD9269_SPI/SEND_DATA_reg[11]_C/CLR,
u_AD9269/U_AD9269_SPI/SEND_DATA_reg[13]_C/CLR,
u_AD9269/U_AD9269_SPI/SEND_DATA_reg[14]_C/CLR,
u_AD9269/U_AD9269_SPI/SEND_DATA_reg[15]_C/CLR
u_AD9269/U_AD9269_SPI/SEND_DATA_reg[15]_LDC/CLR. The LUT may glitch and trigger an unexpected reset, even if it is a properly timed path.
Related violations: <none>

LUTAR-1#6 Warning
LUT drives async reset alert  
LUT cell u_AD9269/U_AD9269_SPI/SEND_DATA_reg[5]_LDC_i_1, with 2 or more inputs, drives asynchronous preset/clear pin(s) u_AD9269/U_AD9269_SPI/SEND_DATA_reg[5]_P/PRE. The LUT may glitch and trigger an unexpected reset, even if it is a properly timed path.
Related violations: <none>

LUTAR-1#7 Warning
LUT drives async reset alert  
LUT cell u_AD9269/U_AD9269_SPI/SEND_DATA_reg[5]_LDC_i_2, with 2 or more inputs, drives asynchronous preset/clear pin(s) u_AD9269/U_AD9269_SPI/SEND_DATA_reg[5]_C/CLR
u_AD9269/U_AD9269_SPI/SEND_DATA_reg[5]_LDC/CLR. The LUT may glitch and trigger an unexpected reset, even if it is a properly timed path.
Related violations: <none>

LUTAR-1#8 Warning
LUT drives async reset alert  
LUT cell u_AD9269/U_AD9269_SPI/SEND_DATA_reg[9]_LDC_i_1, with 2 or more inputs, drives asynchronous preset/clear pin(s) u_AD9269/U_AD9269_SPI/SEND_DATA_reg[8]_P/PRE
u_AD9269/U_AD9269_SPI/SEND_DATA_reg[9]_P/PRE. The LUT may glitch and trigger an unexpected reset, even if it is a properly timed path.
Related violations: <none>

LUTAR-1#9 Warning
LUT drives async reset alert  
LUT cell u_AD9269/U_AD9269_SPI/SEND_DATA_reg[9]_LDC_i_2, with 2 or more inputs, drives asynchronous preset/clear pin(s) u_AD9269/U_AD9269_SPI/SEND_DATA_reg[8]_C/CLR,
u_AD9269/U_AD9269_SPI/SEND_DATA_reg[9]_C/CLR
u_AD9269/U_AD9269_SPI/SEND_DATA_reg[9]_LDC/CLR. The LUT may glitch and trigger an unexpected reset, even if it is a properly timed path.
Related violations: <none>

TIMING-16#1 Warning
Large setup violation  
There is a large setup violation of -2.694 ns between u_AD_convert/dout_reg[5]/C (clocked by clk_out1_clk_wiz_0) and u_eth_udp_loop/u_udp/u_udp_tx/gmii_txd_reg[5]/D (clocked by eth_rxc). Large setup violations at the end of those stages might be difficult to fix during the post-placement implementation flow and could be the result of non-optimal XDC constraints or non-optimal design architecture
Related violations: <none>

TIMING-16#2 Warning
Large setup violation  
There is a large setup violation of -2.778 ns between u_AD_convert/dout_reg[7]/C (clocked by clk_out1_clk_wiz_0) and u_eth_udp_loop/u_udp/u_udp_tx/gmii_txd_reg[7]/D (clocked by eth_rxc). Large setup violations at the end of those stages might be difficult to fix during the post-placement implementation flow and could be the result of non-optimal XDC constraints or non-optimal design architecture
Related violations: <none>

TIMING-16#3 Warning
Large setup violation  
There is a large setup violation of -3.273 ns between u_AD_convert/dout_reg[4]/C (clocked by clk_out1_clk_wiz_0) and u_eth_udp_loop/u_udp/u_udp_tx/gmii_txd_reg[4]/D (clocked by eth_rxc). Large setup violations at the end of those stages might be difficult to fix during the post-placement implementation flow and could be the result of non-optimal XDC constraints or non-optimal design architecture
Related violations: <none>

TIMING-16#4 Warning
Large setup violation  
There is a large setup violation of -3.297 ns between u_AD_convert/dout_reg[1]/C (clocked by clk_out1_clk_wiz_0) and u_eth_udp_loop/u_udp/u_udp_tx/gmii_txd_reg[1]/D (clocked by eth_rxc). Large setup violations at the end of those stages might be difficult to fix during the post-placement implementation flow and could be the result of non-optimal XDC constraints or non-optimal design architecture
Related violations: <none>

TIMING-16#5 Warning
Large setup violation  
There is a large setup violation of -3.389 ns between u_AD_convert/dout_reg[0]/C (clocked by clk_out1_clk_wiz_0) and u_eth_udp_loop/u_udp/u_udp_tx/gmii_txd_reg[0]/D (clocked by eth_rxc). Large setup violations at the end of those stages might be difficult to fix during the post-placement implementation flow and could be the result of non-optimal XDC constraints or non-optimal design architecture
Related violations: <none>

TIMING-16#6 Warning
Large setup violation  
There is a large setup violation of -3.610 ns between u_AD_convert/dout_reg[2]/C (clocked by clk_out1_clk_wiz_0) and u_eth_udp_loop/u_udp/u_udp_tx/gmii_txd_reg[2]/D (clocked by eth_rxc). Large setup violations at the end of those stages might be difficult to fix during the post-placement implementation flow and could be the result of non-optimal XDC constraints or non-optimal design architecture
Related violations: <none>

TIMING-16#7 Warning
Large setup violation  
There is a large setup violation of -3.914 ns between u_AD_convert/dout_reg[3]/C (clocked by clk_out1_clk_wiz_0) and u_eth_udp_loop/u_udp/u_udp_tx/gmii_txd_reg[3]/D (clocked by eth_rxc). Large setup violations at the end of those stages might be difficult to fix during the post-placement implementation flow and could be the result of non-optimal XDC constraints or non-optimal design architecture
Related violations: <none>

TIMING-16#8 Warning
Large setup violation  
There is a large setup violation of -4.256 ns between u_AD_convert/dout_reg[6]/C (clocked by clk_out1_clk_wiz_0) and u_eth_udp_loop/u_udp/u_udp_tx/gmii_txd_reg[6]/D (clocked by eth_rxc). Large setup violations at the end of those stages might be difficult to fix during the post-placement implementation flow and could be the result of non-optimal XDC constraints or non-optimal design architecture
Related violations: <none>

TIMING-18#1 Warning
Missing input or output delay  
An input delay is missing on eth_rx_ctl relative to clock(s) eth_rxc
Related violations: <none>

TIMING-18#2 Warning
Missing input or output delay  
An input delay is missing on eth_rxd[0] relative to clock(s) eth_rxc
Related violations: <none>

TIMING-18#3 Warning
Missing input or output delay  
An input delay is missing on eth_rxd[1] relative to clock(s) eth_rxc
Related violations: <none>

TIMING-18#4 Warning
Missing input or output delay  
An input delay is missing on eth_rxd[2] relative to clock(s) eth_rxc
Related violations: <none>

TIMING-18#5 Warning
Missing input or output delay  
An input delay is missing on eth_rxd[3] relative to clock(s) eth_rxc
Related violations: <none>

TIMING-18#6 Warning
Missing input or output delay  
An input delay is missing on sys_rst_n relative to clock(s) eth_rxc
Related violations: <none>

TIMING-18#7 Warning
Missing input or output delay  
An output delay is missing on eth_tx_ctl relative to clock(s) eth_rxc
Related violations: <none>

TIMING-18#8 Warning
Missing input or output delay  
An output delay is missing on eth_txd[0] relative to clock(s) eth_rxc
Related violations: <none>

TIMING-18#9 Warning
Missing input or output delay  
An output delay is missing on eth_txd[1] relative to clock(s) eth_rxc
Related violations: <none>

TIMING-18#10 Warning
Missing input or output delay  
An output delay is missing on eth_txd[2] relative to clock(s) eth_rxc
Related violations: <none>

TIMING-18#11 Warning
Missing input or output delay  
An output delay is missing on eth_txd[3] relative to clock(s) eth_rxc
Related violations: <none>

TIMING-20#1 Warning
Non-clocked latch  
The latch u_AD9269/U_AD9269_SPI/SEND_DATA_reg[12]_LDC cannot be properly analyzed as its control pin u_AD9269/U_AD9269_SPI/SEND_DATA_reg[12]_LDC/G is not reached by a timing clock
Related violations: <none>

TIMING-20#2 Warning
Non-clocked latch  
The latch u_AD9269/U_AD9269_SPI/SEND_DATA_reg[15]_LDC cannot be properly analyzed as its control pin u_AD9269/U_AD9269_SPI/SEND_DATA_reg[15]_LDC/G is not reached by a timing clock
Related violations: <none>

TIMING-20#3 Warning
Non-clocked latch  
The latch u_AD9269/U_AD9269_SPI/SEND_DATA_reg[5]_LDC cannot be properly analyzed as its control pin u_AD9269/U_AD9269_SPI/SEND_DATA_reg[5]_LDC/G is not reached by a timing clock
Related violations: <none>

TIMING-20#4 Warning
Non-clocked latch  
The latch u_AD9269/U_AD9269_SPI/SEND_DATA_reg[9]_LDC cannot be properly analyzed as its control pin u_AD9269/U_AD9269_SPI/SEND_DATA_reg[9]_LDC/G is not reached by a timing clock
Related violations: <none>

XDCC-1#1 Warning
Scoped Clock constraint overwritten with the same name  
A new clock constraint create_clock overrides a previous scoped clock constraint with the same name. It is not recommended to override a scoped (typically an IP) clock constraint and could result in unexpected behaviors.
New: create_clock -period 20.000 -name sys_clk [get_ports sys_clk] (Source: D:/Project/FPGA/temporary/aa/41_eth_udp_loop/prj/eth_udp_loop.srcs/constrs_1/eth_udp_loop.xdc (Line: 17))
Previous: create_clock -period 20.000 [get_ports sys_clk] (Source: d:/Project/FPGA/temporary/aa/41_eth_udp_loop/prj/eth_udp_loop.gen/sources_1/ip/clk_wiz_0/clk_wiz_0.xdc (Line: 56))
Related violations: <none>

XDCC-7#1 Warning
Scoped Clock constraint overwritten on the same source  
A new clock constraint create_clock overrides a previous scoped clock constraint defined on the same source. It is not recommended to override a scoped (typically an IP) clock constraint and could result in unexpected behaviors.
New: create_clock -period 20.000 -name sys_clk [get_ports sys_clk] (Source: D:/Project/FPGA/temporary/aa/41_eth_udp_loop/prj/eth_udp_loop.srcs/constrs_1/eth_udp_loop.xdc (Line: 17))
Previous: create_clock -period 20.000 [get_ports sys_clk] (Source: d:/Project/FPGA/temporary/aa/41_eth_udp_loop/prj/eth_udp_loop.gen/sources_1/ip/clk_wiz_0/clk_wiz_0.xdc (Line: 56))
Related violations: <none>


