Copyright 1986-2020 Xilinx, Inc. All Rights Reserved.
------------------------------------------------------------------------------------
| Tool Version : Vivado v.2020.2 (win64) Build 3064766 Wed Nov 18 09:12:45 MST 2020
| Date         : Mon Nov 11 16:28:44 2024
| Host         : LEGION2020 running 64-bit major release  (build 9200)
| Command      : report_control_sets -verbose -file TOP_control_sets_placed.rpt
| Design       : TOP
| Device       : xc7z010
------------------------------------------------------------------------------------

Control Set Information

Table of Contents
-----------------
1. Summary
2. Histogram
3. Flip-Flop Distribution
4. Detailed Control Set Information

1. Summary
----------

+----------------------------------------------------------+-------+
|                          Status                          | Count |
+----------------------------------------------------------+-------+
| Total control sets                                       |    95 |
|    Minimum number of control sets                        |    95 |
|    Addition due to synthesis replication                 |     0 |
|    Addition due to physical synthesis replication        |     0 |
| Unused register locations in slices containing registers |   199 |
+----------------------------------------------------------+-------+
* Control sets can be merged at opt_design using control_set_merge or merge_equivalent_drivers
** Run report_qor_suggestions for automated merging and remapping suggestions


2. Histogram
------------

+--------------------+-------+
|       Fanout       | Count |
+--------------------+-------+
| Total control sets |    95 |
| >= 0 to < 4        |    15 |
| >= 4 to < 6        |    11 |
| >= 6 to < 8        |     3 |
| >= 8 to < 10       |    22 |
| >= 10 to < 12      |     1 |
| >= 12 to < 14      |     0 |
| >= 14 to < 16      |     0 |
| >= 16              |    43 |
+--------------------+-------+
* Control sets can be remapped at either synth_design or opt_design


3. Flip-Flop Distribution
-------------------------

+--------------+-----------------------+------------------------+-----------------+--------------+
| Clock Enable | Synchronous Set/Reset | Asynchronous Set/Reset | Total Registers | Total Slices |
+--------------+-----------------------+------------------------+-----------------+--------------+
| No           | No                    | No                     |             115 |           31 |
| No           | No                    | Yes                    |             161 |           77 |
| No           | Yes                   | No                     |               4 |            4 |
| Yes          | No                    | No                     |              89 |           42 |
| Yes          | No                    | Yes                    |            1280 |          414 |
| Yes          | Yes                   | No                     |              80 |           21 |
+--------------+-----------------------+------------------------+-----------------+--------------+


4. Detailed Control Set Information
-----------------------------------

+--------------------------------------------------------+------------------------------------------------------------------------------------------------------------------+--------------------------------------------------------------------------------------------------------------------------------------------------------------+------------------+----------------+--------------+
|                      Clock Signal                      |                                                   Enable Signal                                                  |                                                                       Set/Reset Signal                                                                       | Slice Load Count | Bel Load Count | Bels / Slice |
+--------------------------------------------------------+------------------------------------------------------------------------------------------------------------------+--------------------------------------------------------------------------------------------------------------------------------------------------------------+------------------+----------------+--------------+
|  u_AD9269/U_AD9269_SPI/SEND_DATA_reg[12]_LDC_i_1_n_0   |                                                                                                                  | u_AD9269/U_AD9269_SPI/SEND_DATA_reg[12]_LDC_i_2_n_0                                                                                                          |                1 |              1 |         1.00 |
|  u_AD9269/U_AD9269_SPI/SEND_DATA_reg[9]_LDC_i_1_n_0    |                                                                                                                  | u_AD9269/U_AD9269_SPI/SEND_DATA_reg[9]_LDC_i_2_n_0                                                                                                           |                1 |              1 |         1.00 |
|  u_clk_wiz_0/inst/clk_out1                             |                                                                                                                  |                                                                                                                                                              |                1 |              1 |         1.00 |
| ~SCLK_OBUF_BUFG                                        | u_AD9269/U_AD9269_SPI/p_0_in                                                                                     | u_eth_udp_loop/u_icmp/u_icmp_rx/sys_rst_n                                                                                                                    |                1 |              1 |         1.00 |
|  u_AD9269/U_AD9269_SPI/SEND_DATA_reg[15]_LDC_i_1_n_0   |                                                                                                                  | u_AD9269/U_AD9269_SPI/SEND_DATA_reg[15]_LDC_i_2_n_0                                                                                                          |                1 |              1 |         1.00 |
| ~SCLK_OBUF_BUFG                                        |                                                                                                                  | u_AD9269/U_AD9269_SPI/SEND_DATA_reg[5]_LDC_i_1_n_0                                                                                                           |                1 |              1 |         1.00 |
| ~SCLK_OBUF_BUFG                                        |                                                                                                                  | u_AD9269/U_AD9269_SPI/SEND_DATA_reg[5]_LDC_i_2_n_0                                                                                                           |                1 |              1 |         1.00 |
|  u_AD9269/U_AD9269_SPI/SEND_DATA_reg[5]_LDC_i_1_n_0    |                                                                                                                  | u_AD9269/U_AD9269_SPI/SEND_DATA_reg[5]_LDC_i_2_n_0                                                                                                           |                1 |              1 |         1.00 |
|  u_eth_udp_loop/u_gmii_to_rgmii/u_rgmii_rx/gmii_rx_clk |                                                                                                                  | u_eth_udp_loop/u_async_fifo_2048x8b/U0/inst_fifo_gen/gconvfifo.rf/grf.rf/rstblk/rst_d2                                                                       |                1 |              2 |         2.00 |
|  u_eth_udp_loop/u_gmii_to_rgmii/u_rgmii_rx/gmii_rx_clk |                                                                                                                  | u_eth_udp_loop/u_async_fifo_2048x8b/U0/inst_fifo_gen/gconvfifo.rf/grf.rf/rstblk/ngwrdrst.grst.g7serrst.gnsckt_wrst.gic_rst.sckt_rd_rst_ic_reg_0[0]           |                1 |              2 |         2.00 |
| ~SCLK_OBUF_BUFG                                        |                                                                                                                  | u_AD9269/U_AD9269_SPI/SEND_DATA_reg[9]_LDC_i_2_n_0                                                                                                           |                1 |              2 |         2.00 |
| ~SCLK_OBUF_BUFG                                        |                                                                                                                  | u_AD9269/U_AD9269_SPI/SEND_DATA_reg[9]_LDC_i_1_n_0                                                                                                           |                1 |              2 |         2.00 |
| ~SCLK_OBUF_BUFG                                        |                                                                                                                  | u_AD9269/U_AD9269_SPI/SEND_DATA_reg[12]_LDC_i_2_n_0                                                                                                          |                1 |              2 |         2.00 |
|  u_eth_udp_loop/u_gmii_to_rgmii/u_rgmii_rx/gmii_rx_clk |                                                                                                                  | u_eth_udp_loop/u_async_fifo_2048x8b/U0/inst_fifo_gen/gconvfifo.rf/grf.rf/rstblk/ngwrdrst.grst.g7serrst.gnsckt_wrst.gic_rst.rst_rd_reg2_inst/arststages_ff[1] |                2 |              3 |         1.50 |
| ~SCLK_OBUF_BUFG                                        |                                                                                                                  | u_AD9269/U_AD9269_SPI/SEND_DATA_reg[12]_LDC_i_1_n_0                                                                                                          |                1 |              3 |         3.00 |
| ~SCLK_OBUF_BUFG                                        |                                                                                                                  | u_AD9269/U_AD9269_SPI/SEND_DATA_reg[15]_LDC_i_2_n_0                                                                                                          |                1 |              4 |         4.00 |
| ~SCLK_OBUF_BUFG                                        |                                                                                                                  | u_AD9269/U_AD9269_SPI/SEND_DATA_reg[15]_LDC_i_1_n_0                                                                                                          |                1 |              4 |         4.00 |
| ~SCLK_OBUF_BUFG                                        |                                                                                                                  |                                                                                                                                                              |                1 |              4 |         4.00 |
|  u_eth_udp_loop/u_gmii_to_rgmii/u_rgmii_rx/gmii_rx_clk | u_eth_udp_loop/u_udp/u_udp_tx/real_add_cnt0                                                                      | u_eth_udp_loop/u_icmp/u_icmp_rx/sys_rst_n                                                                                                                    |                1 |              5 |         5.00 |
|  u_eth_udp_loop/u_gmii_to_rgmii/u_rgmii_rx/gmii_rx_clk | u_eth_udp_loop/u_icmp/u_icmp_rx/cnt0                                                                             | u_eth_udp_loop/u_icmp/u_icmp_rx/sys_rst_n                                                                                                                    |                3 |              5 |         1.67 |
|  u_eth_udp_loop/u_gmii_to_rgmii/u_rgmii_rx/gmii_rx_clk | u_eth_udp_loop/u_icmp/u_icmp_tx/cnt0                                                                             | u_eth_udp_loop/u_icmp/u_icmp_rx/sys_rst_n                                                                                                                    |                4 |              5 |         1.25 |
|  u_eth_udp_loop/u_gmii_to_rgmii/u_rgmii_rx/gmii_rx_clk | u_eth_udp_loop/u_udp/u_udp_rx/cnt0                                                                               | u_eth_udp_loop/u_icmp/u_icmp_rx/sys_rst_n                                                                                                                    |                4 |              5 |         1.25 |
|  u_eth_udp_loop/u_gmii_to_rgmii/u_rgmii_rx/gmii_rx_clk | u_eth_udp_loop/u_icmp/u_icmp_tx/real_add_cnt0                                                                    | u_eth_udp_loop/u_icmp/u_icmp_rx/sys_rst_n                                                                                                                    |                1 |              5 |         5.00 |
|  u_eth_udp_loop/u_gmii_to_rgmii/u_rgmii_rx/gmii_rx_clk | u_eth_udp_loop/u_arp/u_arp_tx/data_cnt[4]_i_1_n_0                                                                | u_eth_udp_loop/u_icmp/u_icmp_rx/sys_rst_n                                                                                                                    |                2 |              5 |         2.50 |
|  u_eth_udp_loop/u_gmii_to_rgmii/u_rgmii_rx/gmii_rx_clk | u_eth_udp_loop/u_arp/u_arp_rx/cnt                                                                                | u_eth_udp_loop/u_icmp/u_icmp_rx/sys_rst_n                                                                                                                    |                3 |              5 |         1.67 |
|  u_eth_udp_loop/u_gmii_to_rgmii/u_rgmii_rx/gmii_rx_clk | u_eth_udp_loop/u_udp/u_udp_tx/cnt0                                                                               | u_eth_udp_loop/u_icmp/u_icmp_rx/sys_rst_n                                                                                                                    |                2 |              5 |         2.50 |
|  u_clk_wiz_0/inst/clk_out1                             | u_AD9269/U_AD9269_SPI/SCLK_CNT[5]_i_1_n_0                                                                        | u_eth_udp_loop/u_icmp/u_icmp_rx/sys_rst_n                                                                                                                    |                2 |              6 |         3.00 |
|  u_eth_udp_loop/u_gmii_to_rgmii/u_rgmii_rx/gmii_rx_clk | u_eth_udp_loop/u_arp/u_arp_tx/cnt[5]_i_1_n_0                                                                     | u_eth_udp_loop/u_icmp/u_icmp_rx/sys_rst_n                                                                                                                    |                4 |              6 |         1.50 |
|  u_eth_udp_loop/u_gmii_to_rgmii/u_rgmii_rx/gmii_rx_clk | u_eth_udp_loop/u_udp/u_udp_tx/tx_data_num0                                                                       | u_eth_udp_loop/u_icmp/u_icmp_rx/sys_rst_n                                                                                                                    |                4 |              7 |         1.75 |
|  u_eth_udp_loop/u_gmii_to_rgmii/u_rgmii_rx/gmii_rx_clk | u_eth_udp_loop/u_arp/u_arp_rx/op_data[0]                                                                         | u_eth_udp_loop/u_icmp/u_icmp_rx/sys_rst_n                                                                                                                    |                1 |              8 |         8.00 |
|  u_eth_udp_loop/u_gmii_to_rgmii/u_rgmii_rx/gmii_rx_clk | u_eth_udp_loop/u_udp/u_udp_rx/eth_type[15]_i_1__1_n_0                                                            | u_eth_udp_loop/u_icmp/u_icmp_rx/sys_rst_n                                                                                                                    |                3 |              8 |         2.67 |
|  u_eth_udp_loop/u_gmii_to_rgmii/u_rgmii_rx/gmii_rx_clk | u_eth_udp_loop/u_udp/u_udp_rx/udp_byte_num[15]_i_1_n_0                                                           | u_eth_udp_loop/u_icmp/u_icmp_rx/sys_rst_n                                                                                                                    |                3 |              8 |         2.67 |
|  u_eth_udp_loop/u_gmii_to_rgmii/u_rgmii_rx/gmii_rx_clk | u_eth_udp_loop/u_icmp/u_icmp_rx/rec_en_reg_0[0]                                                                  | u_eth_udp_loop/u_icmp/u_icmp_rx/sys_rst_n                                                                                                                    |                2 |              8 |         4.00 |
|  u_eth_udp_loop/u_gmii_to_rgmii/u_rgmii_rx/gmii_rx_clk | u_eth_udp_loop/u_udp/u_udp_rx/udp_byte_num[7]_i_1_n_0                                                            | u_eth_udp_loop/u_icmp/u_icmp_rx/sys_rst_n                                                                                                                    |                2 |              8 |         4.00 |
|  u_eth_udp_loop/u_gmii_to_rgmii/u_rgmii_rx/gmii_rx_clk | u_eth_udp_loop/u_icmp/u_icmp_tx/gmii_tx_en0                                                                      | u_eth_udp_loop/u_icmp/u_icmp_rx/sys_rst_n                                                                                                                    |                6 |              8 |         1.33 |
|  u_eth_udp_loop/u_gmii_to_rgmii/u_rgmii_rx/gmii_rx_clk | u_eth_udp_loop/u_arp/u_arp_rx/op_data[15]                                                                        | u_eth_udp_loop/u_icmp/u_icmp_rx/sys_rst_n                                                                                                                    |                2 |              8 |         4.00 |
|  u_eth_udp_loop/u_gmii_to_rgmii/u_rgmii_rx/gmii_rx_clk | u_eth_udp_loop/u_arp/u_arp_rx/eth_type[11]                                                                       | u_eth_udp_loop/u_icmp/u_icmp_rx/sys_rst_n                                                                                                                    |                2 |              8 |         4.00 |
|  u_eth_udp_loop/u_gmii_to_rgmii/u_rgmii_rx/gmii_rx_clk | u_eth_udp_loop/u_arp/u_arp_tx/gmii_txd[7]_i_1_n_0                                                                | u_eth_udp_loop/u_icmp/u_icmp_rx/sys_rst_n                                                                                                                    |                5 |              8 |         1.60 |
|  u_eth_udp_loop/u_gmii_to_rgmii/u_rgmii_rx/gmii_rx_clk | u_eth_udp_loop/u_icmp/u_icmp_rx/eth_type[15]_i_1__0_n_0                                                          | u_eth_udp_loop/u_icmp/u_icmp_rx/sys_rst_n                                                                                                                    |                3 |              8 |         2.67 |
|  u_eth_udp_loop/u_gmii_to_rgmii/u_rgmii_rx/gmii_rx_clk | u_eth_udp_loop/u_icmp/u_icmp_rx/icmp_id[7]_i_1_n_0                                                               | u_eth_udp_loop/u_icmp/u_icmp_rx/sys_rst_n                                                                                                                    |                2 |              8 |         4.00 |
|  u_eth_udp_loop/u_gmii_to_rgmii/u_rgmii_rx/gmii_rx_clk | u_eth_udp_loop/u_icmp/u_icmp_rx/icmp_id[15]_i_1_n_0                                                              | u_eth_udp_loop/u_icmp/u_icmp_rx/sys_rst_n                                                                                                                    |                5 |              8 |         1.60 |
|  u_eth_udp_loop/u_gmii_to_rgmii/u_rgmii_rx/gmii_rx_clk | u_eth_udp_loop/u_icmp/u_icmp_rx/icmp_rx_data_d00                                                                 | u_eth_udp_loop/u_icmp/u_icmp_rx/sys_rst_n                                                                                                                    |                3 |              8 |         2.67 |
|  u_eth_udp_loop/u_gmii_to_rgmii/u_rgmii_rx/gmii_rx_clk | u_eth_udp_loop/u_icmp/u_icmp_rx/icmp_seq[15]_i_1_n_0                                                             | u_eth_udp_loop/u_icmp/u_icmp_rx/sys_rst_n                                                                                                                    |                5 |              8 |         1.60 |
|  u_eth_udp_loop/u_gmii_to_rgmii/u_rgmii_rx/gmii_rx_clk | u_eth_udp_loop/u_icmp/u_icmp_rx/icmp_type0                                                                       | u_eth_udp_loop/u_icmp/u_icmp_rx/sys_rst_n                                                                                                                    |                3 |              8 |         2.67 |
|  u_eth_udp_loop/u_gmii_to_rgmii/u_rgmii_rx/gmii_rx_clk | u_eth_udp_loop/u_icmp/u_icmp_rx/icmp_seq[7]_i_1_n_0                                                              | u_eth_udp_loop/u_icmp/u_icmp_rx/sys_rst_n                                                                                                                    |                6 |              8 |         1.33 |
|  u_eth_udp_loop/u_gmii_to_rgmii/u_rgmii_rx/gmii_rx_clk | u_eth_udp_loop/u_icmp/u_icmp_rx/total_length[7]_i_1_n_0                                                          | u_eth_udp_loop/u_icmp/u_icmp_rx/sys_rst_n                                                                                                                    |                2 |              8 |         4.00 |
|  u_eth_udp_loop/u_gmii_to_rgmii/u_rgmii_rx/gmii_rx_clk | u_eth_udp_loop/u_icmp/u_icmp_rx/total_length[15]_i_1_n_0                                                         | u_eth_udp_loop/u_icmp/u_icmp_rx/sys_rst_n                                                                                                                    |                3 |              8 |         2.67 |
|  u_eth_udp_loop/u_gmii_to_rgmii/u_rgmii_rx/gmii_rx_clk | u_eth_udp_loop/u_udp/u_udp_tx/gmii_tx_en0                                                                        | u_eth_udp_loop/u_icmp/u_icmp_rx/sys_rst_n                                                                                                                    |                5 |              8 |         1.60 |
|  u_eth_udp_loop/u_gmii_to_rgmii/u_rgmii_rx/gmii_rx_clk | u_eth_udp_loop/u_udp/u_udp_tx/ip_head[6][19]_i_1_n_0                                                             |                                                                                                                                                              |                5 |              8 |         1.60 |
|  u_eth_udp_loop/u_gmii_to_rgmii/u_rgmii_rx/gmii_rx_clk |                                                                                                                  | u_eth_udp_loop/u_async_fifo_2048x8b/U0/inst_fifo_gen/gconvfifo.rf/grf.rf/rstblk/ngwrdrst.grst.g7serrst.gnsckt_wrst.rst_wr_reg2_inst/arststages_ff[1]         |                2 |              9 |         4.50 |
|  u_eth_udp_loop/u_gmii_to_rgmii/u_rgmii_rx/gmii_rx_clk | u_eth_udp_loop/u_eth_ctrl/gmii_tx_en_i_1__1_n_0                                                                  | u_eth_udp_loop/u_icmp/u_icmp_rx/sys_rst_n                                                                                                                    |                3 |              9 |         3.00 |
| ~SCLK_OBUF_BUFG                                        |                                                                                                                  | u_AD9269/U_AD9269_SPI/SEND_DATA[7]_i_1_n_0                                                                                                                   |                2 |             11 |         5.50 |
|  u_eth_udp_loop/u_gmii_to_rgmii/u_rgmii_rx/gmii_rx_clk | u_eth_udp_loop/u_udp/u_udp_rx/data_byte_num0                                                                     | u_eth_udp_loop/u_icmp/u_icmp_rx/sys_rst_n                                                                                                                    |                5 |             16 |         3.20 |
|  u_eth_udp_loop/u_gmii_to_rgmii/u_rgmii_rx/gmii_rx_clk | u_eth_udp_loop/u_udp/u_udp_tx/E[0]                                                                               | u_eth_udp_loop/u_icmp/u_icmp_rx/sys_rst_n                                                                                                                    |                5 |             16 |         3.20 |
|  u_eth_udp_loop/u_gmii_to_rgmii/u_rgmii_rx/gmii_rx_clk | u_eth_udp_loop/u_icmp/u_icmp_tx/E[0]                                                                             | u_eth_udp_loop/u_icmp/u_icmp_rx/sys_rst_n                                                                                                                    |                5 |             16 |         3.20 |
|  u_eth_udp_loop/u_gmii_to_rgmii/u_rgmii_rx/gmii_rx_clk | u_eth_udp_loop/u_icmp/u_icmp_tx/ip_head[5][15]_i_1_n_0                                                           |                                                                                                                                                              |                8 |             16 |         2.00 |
|  u_eth_udp_loop/u_gmii_to_rgmii/u_rgmii_rx/gmii_rx_clk | u_eth_udp_loop/u_icmp/u_icmp_tx/ip_head[2][15]_i_2_n_0                                                           | u_eth_udp_loop/u_icmp/u_icmp_tx/ip_head[2][15]_i_1__0_n_0                                                                                                    |                3 |             16 |         5.33 |
|  u_eth_udp_loop/u_gmii_to_rgmii/u_rgmii_rx/gmii_rx_clk | u_eth_udp_loop/u_udp/u_udp_tx/ip_head[2][15]_i_1_n_0                                                             |                                                                                                                                                              |                5 |             16 |         3.20 |
|  u_clk_wiz_0/inst/clk_out1                             |                                                                                                                  | u_eth_udp_loop/u_icmp/u_icmp_rx/sys_rst_n                                                                                                                    |                5 |             16 |         3.20 |
|  u_eth_udp_loop/u_gmii_to_rgmii/u_rgmii_rx/gmii_rx_clk | u_eth_udp_loop/u_udp/u_udp_tx/data_cnt0                                                                          | u_eth_udp_loop/u_icmp/u_icmp_rx/sys_rst_n                                                                                                                    |                4 |             16 |         4.00 |
|  DCO_IBUF_BUFG                                         |                                                                                                                  |                                                                                                                                                              |                8 |             16 |         2.00 |
|  u_eth_udp_loop/u_gmii_to_rgmii/u_rgmii_rx/gmii_rx_clk | u_eth_udp_loop/u_icmp/u_icmp_rx/icmp_data_length0                                                                | u_eth_udp_loop/u_icmp/u_icmp_rx/sys_rst_n                                                                                                                    |                4 |             16 |         4.00 |
|  u_eth_udp_loop/u_gmii_to_rgmii/u_rgmii_rx/gmii_rx_clk | u_eth_udp_loop/u_icmp/u_icmp_tx/data_cnt0                                                                        | u_eth_udp_loop/u_icmp/u_icmp_rx/sys_rst_n                                                                                                                    |                4 |             16 |         4.00 |
|  u_eth_udp_loop/u_gmii_to_rgmii/u_rgmii_rx/gmii_rx_clk | u_eth_udp_loop/u_icmp/u_icmp_rx/rec_pkt_done_i_1_n_0                                                             | u_eth_udp_loop/u_icmp/u_icmp_rx/sys_rst_n                                                                                                                    |                5 |             16 |         3.20 |
|  u_eth_udp_loop/u_gmii_to_rgmii/u_rgmii_rx/gmii_rx_clk | u_eth_udp_loop/u_udp/u_udp_tx/check_buffer0                                                                      | u_eth_udp_loop/u_icmp/u_icmp_rx/sys_rst_n                                                                                                                    |                7 |             20 |         2.86 |
|  u_clk_wiz_0/inst/clk_out1                             | u_AD9269/U_AD9269_SPI/DELAY_CNT[0]_i_1_n_0                                                                       | u_eth_udp_loop/u_icmp/u_icmp_rx/sys_rst_n                                                                                                                    |                7 |             20 |         2.86 |
|  u_eth_udp_loop/u_gmii_to_rgmii/u_rgmii_rx/gmii_rx_clk | u_eth_udp_loop/u_icmp/u_icmp_tx/check_buffer0                                                                    | u_eth_udp_loop/u_icmp/u_icmp_rx/sys_rst_n                                                                                                                    |                5 |             20 |         4.00 |
|  u_eth_udp_loop/u_gmii_to_rgmii/u_rgmii_rx/gmii_rx_clk | u_eth_udp_loop/u_async_fifo_2048x8b/U0/inst_fifo_gen/gconvfifo.rf/grf.rf/gntv_or_sync_fifo.gl0.rd/gras.rsts/E[0] | u_eth_udp_loop/u_async_fifo_2048x8b/U0/inst_fifo_gen/gconvfifo.rf/grf.rf/rstblk/ngwrdrst.grst.g7serrst.gnsckt_wrst.gic_rst.sckt_rd_rst_ic_reg_0[0]           |                5 |             22 |         4.40 |
|  u_eth_udp_loop/u_gmii_to_rgmii/u_rgmii_rx/gmii_rx_clk | u_eth_udp_loop/u_gmii_to_rgmii/u_rgmii_rx/cur_state_reg[5]                                                       | u_eth_udp_loop/u_icmp/u_icmp_rx/sys_rst_n                                                                                                                    |                6 |             24 |         4.00 |
|  u_eth_udp_loop/u_gmii_to_rgmii/u_rgmii_rx/gmii_rx_clk | u_eth_udp_loop/u_udp/u_udp_rx/rec_data[7]_i_1_n_0                                                                | u_eth_udp_loop/u_icmp/u_icmp_rx/sys_rst_n                                                                                                                    |                6 |             24 |         4.00 |
|  u_eth_udp_loop/u_gmii_to_rgmii/u_rgmii_rx/gmii_rx_clk | u_eth_udp_loop/u_icmp/u_icmp_rx/des_ip0                                                                          | u_eth_udp_loop/u_icmp/u_icmp_rx/sys_rst_n                                                                                                                    |                4 |             24 |         6.00 |
|  u_eth_udp_loop/u_gmii_to_rgmii/u_rgmii_rx/gmii_rx_clk | u_eth_udp_loop/u_udp/u_udp_rx/des_ip0                                                                            | u_eth_udp_loop/u_icmp/u_icmp_rx/sys_rst_n                                                                                                                    |                5 |             24 |         4.80 |
|  u_eth_udp_loop/u_gmii_to_rgmii/u_rgmii_rx/gmii_rx_clk | u_eth_udp_loop/u_icmp/u_icmp_tx/tx_data_num0                                                                     | u_eth_udp_loop/u_icmp/u_icmp_rx/sys_rst_n                                                                                                                    |               13 |             31 |         2.38 |
|  u_eth_udp_loop/u_gmii_to_rgmii/u_rgmii_rx/gmii_rx_clk | u_eth_udp_loop/u_udp/u_udp_tx/tx_done_reg_0[0]                                                                   | u_eth_udp_loop/u_icmp/u_icmp_rx/sys_rst_n                                                                                                                    |               15 |             32 |         2.13 |
|  u_eth_udp_loop/u_gmii_to_rgmii/u_rgmii_rx/gmii_rx_clk | u_eth_udp_loop/u_icmp/u_icmp_tx/ip_head[6][31]_i_1_n_0                                                           | u_eth_udp_loop/u_icmp/u_icmp_tx/ip_head[4][29]_i_1_n_0                                                                                                       |                8 |             32 |         4.00 |
|  u_eth_udp_loop/u_gmii_to_rgmii/u_rgmii_rx/gmii_rx_clk | u_eth_udp_loop/u_icmp/u_icmp_rx/reply_checksum0                                                                  | u_eth_udp_loop/u_icmp/u_icmp_rx/sys_rst_n                                                                                                                    |               13 |             32 |         2.46 |
|  u_eth_udp_loop/u_gmii_to_rgmii/u_rgmii_rx/gmii_rx_clk | u_eth_udp_loop/u_icmp/u_icmp_rx/reply_checksum_add0_0                                                            | u_eth_udp_loop/u_icmp/u_icmp_rx/sys_rst_n                                                                                                                    |               12 |             32 |         2.67 |
|  u_eth_udp_loop/u_gmii_to_rgmii/u_rgmii_rx/gmii_rx_clk | u_eth_udp_loop/u_icmp/u_icmp_tx/check_buffer_icmp0                                                               | u_eth_udp_loop/u_icmp/u_icmp_rx/sys_rst_n                                                                                                                    |               10 |             32 |         3.20 |
|  u_eth_udp_loop/u_gmii_to_rgmii/u_rgmii_rx/gmii_rx_clk | u_eth_udp_loop/u_arp/u_arp_rx/src_ip_t                                                                           | u_eth_udp_loop/u_icmp/u_icmp_rx/sys_rst_n                                                                                                                    |               13 |             32 |         2.46 |
|  u_eth_udp_loop/u_gmii_to_rgmii/u_rgmii_rx/gmii_rx_clk | u_eth_udp_loop/u_arp/u_arp_rx/des_ip_t                                                                           | u_eth_udp_loop/u_icmp/u_icmp_rx/sys_rst_n                                                                                                                    |                7 |             32 |         4.57 |
|  u_eth_udp_loop/u_gmii_to_rgmii/u_rgmii_rx/gmii_rx_clk | u_eth_udp_loop/u_arp/u_arp_tx/E[0]                                                                               | u_eth_udp_loop/u_icmp/u_icmp_rx/sys_rst_n                                                                                                                    |               15 |             32 |         2.13 |
|  u_eth_udp_loop/u_gmii_to_rgmii/u_rgmii_rx/gmii_rx_clk | u_eth_udp_loop/u_icmp/u_icmp_tx/crc_en_reg_0[0]                                                                  | u_eth_udp_loop/u_icmp/u_icmp_rx/sys_rst_n                                                                                                                    |               15 |             32 |         2.13 |
|  u_eth_udp_loop/u_gmii_to_rgmii/u_rgmii_rx/gmii_rx_clk | u_eth_udp_loop/u_udp/u_udp_tx/ip_head[6][19]_i_1_n_0                                                             | u_eth_udp_loop/u_udp/u_udp_tx/ip_head[4][29]_i_1__0_n_0                                                                                                      |               10 |             32 |         3.20 |
|  u_eth_udp_loop/u_gmii_to_rgmii/u_rgmii_rx/gmii_rx_clk | u_eth_udp_loop/u_async_fifo_2048x8b/U0/inst_fifo_gen/gconvfifo.rf/grf.rf/gntv_or_sync_fifo.gl0.wr/gwas.wsts/E[0] | u_eth_udp_loop/u_async_fifo_2048x8b/U0/inst_fifo_gen/gconvfifo.rf/grf.rf/rstblk/AR[0]                                                                        |                8 |             33 |         4.12 |
|  u_eth_udp_loop/u_gmii_to_rgmii/u_rgmii_rx/gmii_rx_clk | u_eth_udp_loop/u_udp/u_udp_rx/des_mac0                                                                           | u_eth_udp_loop/u_icmp/u_icmp_rx/sys_rst_n                                                                                                                    |               10 |             48 |         4.80 |
|  u_eth_udp_loop/u_gmii_to_rgmii/u_rgmii_rx/gmii_rx_clk | u_eth_udp_loop/u_icmp/u_icmp_rx/des_mac0                                                                         | u_eth_udp_loop/u_icmp/u_icmp_rx/sys_rst_n                                                                                                                    |               12 |             48 |         4.00 |
|  u_eth_udp_loop/u_gmii_to_rgmii/u_rgmii_rx/gmii_rx_clk | u_eth_udp_loop/u_arp/u_arp_rx/src_mac_t                                                                          | u_eth_udp_loop/u_icmp/u_icmp_rx/sys_rst_n                                                                                                                    |               15 |             48 |         3.20 |
|  u_eth_udp_loop/u_gmii_to_rgmii/u_rgmii_rx/gmii_rx_clk | u_eth_udp_loop/u_arp/u_arp_rx/des_mac_t0                                                                         | u_eth_udp_loop/u_icmp/u_icmp_rx/sys_rst_n                                                                                                                    |               10 |             48 |         4.80 |
|  u_eth_udp_loop/u_gmii_to_rgmii/u_rgmii_rx/gmii_rx_clk | u_eth_udp_loop/u_arp/u_arp_rx/E[0]                                                                               | u_eth_udp_loop/u_icmp/u_icmp_rx/sys_rst_n                                                                                                                    |               12 |             48 |         4.00 |
|  u_eth_udp_loop/u_gmii_to_rgmii/u_rgmii_rx/gmii_rx_clk | u_eth_udp_loop/u_arp/u_arp_rx/trig_tx_en_reg[0]                                                                  | u_eth_udp_loop/u_icmp/u_icmp_rx/sys_rst_n                                                                                                                    |               10 |             48 |         4.80 |
|  u_eth_udp_loop/u_gmii_to_rgmii/u_rgmii_rx/gmii_rx_clk | u_eth_udp_loop/u_icmp/u_icmp_tx/ip_head[6][31]_i_1_n_0                                                           |                                                                                                                                                              |               24 |             49 |         2.04 |
|  u_eth_udp_loop/u_gmii_to_rgmii/u_rgmii_rx/gmii_rx_clk | u_eth_udp_loop/u_arp/u_arp_rx/tx_en_d2_reg[0]                                                                    | u_eth_udp_loop/u_icmp/u_icmp_rx/sys_rst_n                                                                                                                    |               21 |             80 |         3.81 |
|  u_eth_udp_loop/u_gmii_to_rgmii/u_rgmii_rx/gmii_rx_clk | u_eth_udp_loop/u_arp/u_arp_rx/arp_rx_done_i_1_n_0                                                                | u_eth_udp_loop/u_icmp/u_icmp_rx/sys_rst_n                                                                                                                    |               29 |             81 |         2.79 |
|  u_eth_udp_loop/u_gmii_to_rgmii/u_rgmii_rx/gmii_rx_clk |                                                                                                                  |                                                                                                                                                              |               21 |             96 |         4.57 |
|  u_eth_udp_loop/u_gmii_to_rgmii/u_rgmii_rx/gmii_rx_clk |                                                                                                                  | u_eth_udp_loop/u_icmp/u_icmp_rx/sys_rst_n                                                                                                                    |               56 |             99 |         1.77 |
+--------------------------------------------------------+------------------------------------------------------------------------------------------------------------------+--------------------------------------------------------------------------------------------------------------------------------------------------------------+------------------+----------------+--------------+


