Copyright 1986-2020 Xilinx, Inc. All Rights Reserved.
--------------------------------------------------------------------------------------------------------------------------------------------------------------------------
| Tool Version : Vivado v.2020.2 (win64) Build 3064766 Wed Nov 18 09:12:45 MST 2020
| Date         : Tue Nov 12 13:32:12 2024
| Host         : LEGION2020 running 64-bit major release  (build 9200)
| Command      : report_methodology -file eth_udp_loop_methodology_drc_routed.rpt -pb eth_udp_loop_methodology_drc_routed.pb -rpx eth_udp_loop_methodology_drc_routed.rpx
| Design       : eth_udp_loop
| Device       : xc7z010clg400-1
| Speed File   : -1
| Design State : Fully Routed
--------------------------------------------------------------------------------------------------------------------------------------------------------------------------

Report Methodology

Table of Contents
-----------------
1. REPORT SUMMARY
2. REPORT DETAILS

1. REPORT SUMMARY
-----------------
            Netlist: netlist
          Floorplan: design_1
      Design limits: <entire design considered>
             Max violations: <unlimited>
             Violations found: 19
+-----------+----------+-------------------------------+------------+
| Rule      | Severity | Description                   | Violations |
+-----------+----------+-------------------------------+------------+
| TIMING-18 | Warning  | Missing input or output delay | 19         |
+-----------+----------+-------------------------------+------------+

2. REPORT DETAILS
-----------------
TIMING-18#1 Warning
Missing input or output delay  
An input delay is missing on eth_rx_ctl relative to clock(s) eth_rxc
Related violations: <none>

TIMING-18#2 Warning
Missing input or output delay  
An input delay is missing on eth_rxd[0] relative to clock(s) eth_rxc
Related violations: <none>

TIMING-18#3 Warning
Missing input or output delay  
An input delay is missing on eth_rxd[1] relative to clock(s) eth_rxc
Related violations: <none>

TIMING-18#4 Warning
Missing input or output delay  
An input delay is missing on eth_rxd[2] relative to clock(s) eth_rxc
Related violations: <none>

TIMING-18#5 Warning
Missing input or output delay  
An input delay is missing on eth_rxd[3] relative to clock(s) eth_rxc
Related violations: <none>

TIMING-18#6 Warning
Missing input or output delay  
An input delay is missing on my_send[0] relative to clock(s) eth_rxc
Related violations: <none>

TIMING-18#7 Warning
Missing input or output delay  
An input delay is missing on my_send[1] relative to clock(s) eth_rxc
Related violations: <none>

TIMING-18#8 Warning
Missing input or output delay  
An input delay is missing on my_send[2] relative to clock(s) eth_rxc
Related violations: <none>

TIMING-18#9 Warning
Missing input or output delay  
An input delay is missing on my_send[3] relative to clock(s) eth_rxc
Related violations: <none>

TIMING-18#10 Warning
Missing input or output delay  
An input delay is missing on my_send[4] relative to clock(s) eth_rxc
Related violations: <none>

TIMING-18#11 Warning
Missing input or output delay  
An input delay is missing on my_send[5] relative to clock(s) eth_rxc
Related violations: <none>

TIMING-18#12 Warning
Missing input or output delay  
An input delay is missing on my_send[6] relative to clock(s) eth_rxc
Related violations: <none>

TIMING-18#13 Warning
Missing input or output delay  
An input delay is missing on my_send[7] relative to clock(s) eth_rxc
Related violations: <none>

TIMING-18#14 Warning
Missing input or output delay  
An input delay is missing on sys_rst_n relative to clock(s) eth_rxc
Related violations: <none>

TIMING-18#15 Warning
Missing input or output delay  
An output delay is missing on eth_tx_ctl relative to clock(s) eth_rxc
Related violations: <none>

TIMING-18#16 Warning
Missing input or output delay  
An output delay is missing on eth_txd[0] relative to clock(s) eth_rxc
Related violations: <none>

TIMING-18#17 Warning
Missing input or output delay  
An output delay is missing on eth_txd[1] relative to clock(s) eth_rxc
Related violations: <none>

TIMING-18#18 Warning
Missing input or output delay  
An output delay is missing on eth_txd[2] relative to clock(s) eth_rxc
Related violations: <none>

TIMING-18#19 Warning
Missing input or output delay  
An output delay is missing on eth_txd[3] relative to clock(s) eth_rxc
Related violations: <none>


